2026-05-12 13:15:02.374 21112-21704 AudioManager            com.ram.tiktokclone.tiktok_clone     D  dispatching onAudioFocusChange(-1) to android.media.AudioManager@aa5c43candroidx.media3.common.audio.AudioFocusManager$$ExternalSyntheticLambda0@9cc4a86
2026-05-12 13:15:02.374 21112-21112 ExoPlayerImpl           com.ram.tiktokclone.tiktok_clone     I  Init 4c24966 [AndroidXMedia3/1.9.2] [o1s, SM-G991N, samsung, 35]
2026-05-12 13:15:02.375  1566-2892  MediaFocusControl       system_server                        I  abandonAudioFocus() from uid/pid 10352/21112 clientId=android.media.AudioManager@aa5c43candroidx.media3.common.audio.AudioFocusManager$$ExternalSyntheticLambda0@9cc4a86 callingPack=com.ram.tiktokclone.tiktok_clone
2026-05-12 13:15:02.377 21112-21703 AudioTrack              com.ram.tiktokclone.tiktok_clone     D  getTimestamp_l(725): device stall time corrected using current time 294491009392630
2026-05-12 13:15:02.380 21112-21112 ExoPlayerImpl           com.ram.tiktokclone.tiktok_clone     I  Release 2a2f1e4 [AndroidXMedia3/1.9.2] [o1s, SM-G991N, samsung, 35] [media3.common, media3.exoplayer, media3.decoder, media3.datasource, media3.extractor]
2026-05-12 13:15:02.380 21112-21635 CCodec                  com.ram.tiktokclone.tiktok_clone     I  [c2.exynos.h264.decoder] state->set(FLUSHING)
2026-05-12 13:15:02.381  2760-3439  SoundCraft...ionHandler com.android.systemui                 D  onPlaybackConfigChanged : lastStartedPackageName=null, lastStartedUid=-1, newStartedUid=10352, newStartPackageName=com.ram.tiktokclone.tiktok_clone, thread=Thread[RoutineHandlerThread,5,main]
2026-05-12 13:15:02.382 21112-21636 CCodec                  com.ram.tiktokclone.tiktok_clone     I  [c2.exynos.h264.decoder] state->set(FLUSHED)
2026-05-12 13:15:02.382 21112-21632 MediaCodec              com.ram.tiktokclone.tiktok_clone     D  keep callback message for reclaim
2026-05-12 13:15:02.382 21112-21635 CCodec                  com.ram.tiktokclone.tiktok_clone     I  [c2.exynos.h264.decoder] state->set(RESUMING)
2026-05-12 13:15:02.382 21112-21635 CCodecConfig            com.ram.tiktokclone.tiktok_clone     I  query failed after returning 14 values (BAD_INDEX)
2026-05-12 13:15:02.389  1566-2871  SGM:GameManager         system_server                        D  identifyGamePackage. com.ram.tiktokclone.tiktok_clone, mCurrentUserId: 0, callerUserId: 0, callingMethodInfo: com.samsung.android.game.IGameManagerService$Stub.onTransact(IGameManagerService.java:228)
2026-05-12 13:15:02.390  2760-3439  SGM:SemGameManager      com.android.systemui                 D  isGamePackage(), pkgName=com.ram.tiktokclone.tiktok_clone, ret=false
2026-05-12 13:15:02.390 21112-21635 CCodecBufferChannel     com.ram.tiktokclone.tiktok_clone     I  [c2.exynos.h264.decoder#296] 4 initial input buffers available
2026-05-12 13:15:02.391 21112-21635 Codec2Client            com.ram.tiktokclone.tiktok_clone     W  query -- param skipped: index = 1073743886.
2026-05-12 13:15:02.391 21112-21635 Codec2Client            com.ram.tiktokclone.tiktok_clone     W  query -- param skipped: index = 1610614798.
2026-05-12 13:15:02.391 21112-21635 Codec2Client            com.ram.tiktokclone.tiktok_clone     W  query -- param skipped: index = 1610614821.
2026-05-12 13:15:02.391 21112-21635 CCodec                  com.ram.tiktokclone.tiktok_clone     I  [c2.exynos.h264.decoder] state->set(RUNNING)
2026-05-12 13:15:02.392 21112-21651 CCodec                  com.ram.tiktokclone.tiktok_clone     I  [c2.android.aac.decoder] state->set(FLUSHING)
2026-05-12 13:15:02.393  2760-3439  SoundCraft...ionHandler com.android.systemui                 D  onPlaybackConfigChanged : lastStartedPackageName=com.ram.tiktokclone.tiktok_clone, lastStartedUid=10352, newStartedUid=10352, newStartPackageName=com.ram.tiktokclone.tiktok_clone, thread=Thread[RoutineHandlerThread,5,main]
2026-05-12 13:15:02.393 21112-21651 CCodec                  com.ram.tiktokclone.tiktok_clone     I  [c2.android.aac.decoder] state->set(FLUSHED)
2026-05-12 13:15:02.393 21112-21651 CCodecBuffers           com.ram.tiktokclone.tiktok_clone     D  [c2.android.aac.decoder#340:1D-Output.Impl[N]] Client returned a buffer it does not own according to our record: 0
2026-05-12 13:15:02.393 21112-21651 CCodecBuffers           com.ram.tiktokclone.tiktok_clone     D  [c2.android.aac.decoder#340:1D-Output.Impl[N]] Client returned a buffer it does not own according to our record: 1
2026-05-12 13:15:02.393 21112-21651 CCodecBuffers           com.ram.tiktokclone.tiktok_clone     D  [c2.android.aac.decoder#340:1D-Output.Impl[N]] Client returned a buffer it does not own according to our record: 2
2026-05-12 13:15:02.393 21112-21632 MediaCodec              com.ram.tiktokclone.tiktok_clone     D  keep callback message for reclaim
2026-05-12 13:15:02.393 21112-21651 CCodec                  com.ram.tiktokclone.tiktok_clone     I  [c2.android.aac.decoder] state->set(RESUMING)
2026-05-12 13:15:02.393 21112-21651 CCodecConfig            com.ram.tiktokclone.tiktok_clone     I  query failed after returning 21 values (BAD_INDEX)
2026-05-12 13:15:02.394 21112-21651 CCodecConfig            com.ram.tiktokclone.tiktok_clone     D  c2 config diff is   c2::i32 coding.drc.compression-mode.value = 2
2026-05-12 13:15:02.396 21112-21794 DMCodecAdapterFactory   com.ram.tiktokclone.tiktok_clone     I  Creating an asynchronous MediaCodec adapter for track type video
2026-05-12 13:15:02.399 21112-21798 CCodec                  com.ram.tiktokclone.tiktok_clone     I  state->set(ALLOCATING)
2026-05-12 13:15:02.400 21112-21799 CCodec                  com.ram.tiktokclone.tiktok_clone     I  allocate(c2.exynos.h264.decoder)
2026-05-12 13:15:02.401 21112-21651 CCodecBufferChannel     com.ram.tiktokclone.tiktok_clone     I  [c2.android.aac.decoder#340] 4 initial input buffers available
2026-05-12 13:15:02.401 21112-21651 Codec2Client            com.ram.tiktokclone.tiktok_clone     W  query -- param skipped: index = 1342179345.
2026-05-12 13:15:02.401 21112-21651 Codec2Client            com.ram.tiktokclone.tiktok_clone     W  query -- param skipped: index = 2415921170.
2026-05-12 13:15:02.401 21112-21651 Codec2Client            com.ram.tiktokclone.tiktok_clone     W  query -- param skipped: index = 1610614798.
2026-05-12 13:15:02.401 21112-21651 CCodec                  com.ram.tiktokclone.tiktok_clone     I  [c2.android.aac.decoder] state->set(RUNNING)
2026-05-12 13:15:02.402 21112-21799 CCodec                  com.ram.tiktokclone.tiktok_clone     I  setting up 'default' as default (vendor) store
2026-05-12 13:15:02.402 21112-21635 SurfaceUtils            com.ram.tiktokclone.tiktok_clone     D  connecting to surface 0xb40000739c848680, reason connectToSurface
2026-05-12 13:15:02.402 21112-21635 MediaCodec              com.ram.tiktokclone.tiktok_clone     I  [c2.exynos.h264.decoder] setting surface generation to 21618709
2026-05-12 13:15:02.402 21112-21635 SurfaceUtils            com.ram.tiktokclone.tiktok_clone     D  disconnecting from surface 0xb40000739c848680, reason connectToSurface(reconnect)
2026-05-12 13:15:02.403 21112-21635 SurfaceUtils            com.ram.tiktokclone.tiktok_clone     D  connecting to surface 0xb40000739c848670, reason connectToSurface(reconnect-with-listener)
2026-05-12 13:15:02.405 21112-21635 Codec2-Out...ufferQueue com.ram.tiktokclone.tiktok_clone     D  remote graphic buffer migration 0/0
2026-05-12 13:15:02.405 21112-21635 Codec2Client            com.ram.tiktokclone.tiktok_clone     D  setOutputSurface -- failed to set consumer usage (6/BAD_INDEX)
2026-05-12 13:15:02.405 21112-21635 Codec2Client            com.ram.tiktokclone.tiktok_clone     D  setOutputSurface -- generation=21618709 consumer usage=0x900
2026-05-12 13:15:02.409 21112-21711 MediaCodec              com.ram.tiktokclone.tiktok_clone     I  setCodecState state(0), called in 6, domain 1, 1
2026-05-12 13:15:02.410 21112-21635 BufferQueueProducer     com.ram.tiktokclone.tiktok_clone     W  [ImageReader-1x1f22m7-21112-8](id:52780000000f,api:3,p:21112,c:21112) detachBuffer: slot 3 is not owned by the producer (state = ACQUIRED)
2026-05-12 13:15:02.410 21112-21635 BufferQueueProducer     com.ram.tiktokclone.tiktok_clone     W  [ImageReader-1x1f22m7-21112-8](id:52780000000f,api:3,p:21112,c:21112) detachBuffer: slot 4 is not owned by the producer (state = FREE)
2026-05-12 13:15:02.411 21112-21635 BufferQueueProducer     com.ram.tiktokclone.tiktok_clone     W  [ImageReader-1x1f22m7-21112-8](id:52780000000f,api:3,p:21112,c:21112) detachBuffer: slot 5 is not owned by the producer (state = FREE)
2026-05-12 13:15:02.411 21112-21635 BufferQueueProducer     com.ram.tiktokclone.tiktok_clone     W  [ImageReader-1x1f22m7-21112-8](id:52780000000f,api:3,p:21112,c:21112) detachBuffer: slot 6 is not owned by the producer (state = FREE)
2026-05-12 13:15:02.411 21112-21635 BufferQueueProducer     com.ram.tiktokclone.tiktok_clone     W  [ImageReader-1x1f22m7-21112-8](id:52780000000f,api:3,p:21112,c:21112) detachBuffer: slot 8 is not owned by the producer (state = FREE)
2026-05-12 13:15:02.411 21112-21635 BufferQueueProducer     com.ram.tiktokclone.tiktok_clone     W  [ImageReader-1x1f22m7-21112-8](id:52780000000f,api:3,p:21112,c:21112) detachBuffer: slot 9 is not owned by the producer (state = FREE)
2026-05-12 13:15:02.412 21112-21635 BufferQueueProducer     com.ram.tiktokclone.tiktok_clone     W  [ImageReader-1x1f22m7-21112-8](id:52780000000f,api:3,p:21112,c:21112) detachBuffer: slot 10 is not owned by the producer (state = FREE)
2026-05-12 13:15:02.412 21112-21635 BufferQueueProducer     com.ram.tiktokclone.tiktok_clone     W  [ImageReader-1x1f22m7-21112-8](id:52780000000f,api:3,p:21112,c:21112) detachBuffer: slot 11 is not owned by the producer (state = FREE)
2026-05-12 13:15:02.412 21112-21635 BufferQueueProducer     com.ram.tiktokclone.tiktok_clone     W  [ImageReader-1x1f22m7-21112-8](id:52780000000f,api:3,p:21112,c:21112) detachBuffer: slot 12 is not owned by the producer (state = FREE)
2026-05-12 13:15:02.412 21112-21635 BufferQueueProducer     com.ram.tiktokclone.tiktok_clone     W  [ImageReader-1x1f22m7-21112-8](id:52780000000f,api:3,p:21112,c:21112) detachBuffer: slot 13 is not owned by the producer (state = ACQUIRED)
2026-05-12 13:15:02.413  2760-3439  SoundCraft...ionHandler com.android.systemui                 D  onPlaybackConfigChanged : lastStartedPackageName=com.ram.tiktokclone.tiktok_clone, lastStartedUid=10352, newStartedUid=10352, newStartPackageName=com.ram.tiktokclone.tiktok_clone, thread=Thread[RoutineHandlerThread,5,main]
2026-05-12 13:15:02.414  2760-3439  SoundCraft...ionHandler com.android.systemui                 D  onPlaybackConfigChanged : lastStartedPackageName=com.ram.tiktokclone.tiktok_clone, lastStartedUid=10352, newStartedUid=10352, newStartPackageName=com.ram.tiktokclone.tiktok_clone, thread=Thread[RoutineHandlerThread,5,main]
2026-05-12 13:15:02.414 21112-21635 BufferQueueProducer     com.ram.tiktokclone.tiktok_clone     W  [ImageReader-1x1f22m7-21112-8](id:52780000000f,api:3,p:21112,c:21112) detachBuffer: slot 16 is not owned by the producer (state = ACQUIRED)
2026-05-12 13:15:02.415 21112-21799 CCodec                  com.ram.tiktokclone.tiktok_clone     I  Created component [c2.exynos.h264.decoder]
2026-05-12 13:15:02.415 21112-21799 CCodec                  com.ram.tiktokclone.tiktok_clone     I  [c2.exynos.h264.decoder] state->set(ALLOCATED)
2026-05-12 13:15:02.415 21112-21799 CCodecConfig            com.ram.tiktokclone.tiktok_clone     D  read media type: video/avc
2026-05-12 13:15:02.417 21112-21635 BufferQueueProducer     com.ram.tiktokclone.tiktok_clone     W  [ImageReader-1x1f22m7-21112-8](id:52780000000f,api:3,p:21112,c:21112) detachBuffer: slot 22 is not owned by the producer (state = FREE)
2026-05-12 13:15:02.417 21112-21635 BufferQueueProducer     com.ram.tiktokclone.tiktok_clone     W  [ImageReader-1x1f22m7-21112-8](id:52780000000f,api:3,p:21112,c:21112) detachBuffer: slot 23 is not owned by the producer (state = FREE)
2026-05-12 13:15:02.417 21112-21635 BufferQueueProducer     com.ram.tiktokclone.tiktok_clone     W  [ImageReader-1x1f22m7-21112-8](id:52780000000f,api:3,p:21112,c:21112) detachBuffer: slot 24 is not owned by the producer (state = FREE)
2026-05-12 13:15:02.417 21112-21799 ReflectedParamUpdater   com.ram.tiktokclone.tiktok_clone     D  extent() != 1 for single value type: output.subscribed-indices.values
2026-05-12 13:15:02.417 21112-21635 BufferQueueProducer     com.ram.tiktokclone.tiktok_clone     W  [ImageReader-1x1f22m7-21112-8](id:52780000000f,api:3,p:21112,c:21112) detachBuffer: slot 25 is not owned by the producer (state = FREE)
2026-05-12 13:15:02.417 21112-21799 ReflectedParamUpdater   com.ram.tiktokclone.tiktok_clone     D  extent() != 1 for single value type: input.buffers.allocator-ids.values
2026-05-12 13:15:02.417 21112-21635 BufferQueueProducer     com.ram.tiktokclone.tiktok_clone     W  [ImageReader-1x1f22m7-21112-8](id:52780000000f,api:3,p:21112,c:21112) detachBuffer: slot 26 is not owned by the producer (state = FREE)
2026-05-12 13:15:02.418 21112-21635 BufferQueueProducer     com.ram.tiktokclone.tiktok_clone     W  [ImageReader-1x1f22m7-21112-8](id:52780000000f,api:3,p:21112,c:21112) detachBuffer: slot 27 is not owned by the producer (state = FREE)
2026-05-12 13:15:02.418 21112-21799 ReflectedParamUpdater   com.ram.tiktokclone.tiktok_clone     D  extent() != 1 for single value type: output.buffers.allocator-ids.values
2026-05-12 13:15:02.418 21112-21635 BufferQueueProducer     com.ram.tiktokclone.tiktok_clone     W  [ImageReader-1x1f22m7-21112-8](id:52780000000f,api:3,p:21112,c:21112) detachBuffer: slot 28 is not owned by the producer (state = FREE)
2026-05-12 13:15:02.418 21112-21635 BufferQueueProducer     com.ram.tiktokclone.tiktok_clone     W  [ImageReader-1x1f22m7-21112-8](id:52780000000f,api:3,p:21112,c:21112) detachBuffer: slot 29 is not owned by the producer (state = FREE)
2026-05-12 13:15:02.418 21112-21799 ReflectedParamUpdater   com.ram.tiktokclone.tiktok_clone     D  extent() != 1 for single value type: output.buffers.pool-ids.values
2026-05-12 13:15:02.418 21112-21635 BufferQueueProducer     com.ram.tiktokclone.tiktok_clone     W  [ImageReader-1x1f22m7-21112-8](id:52780000000f,api:3,p:21112,c:21112) detachBuffer: slot 30 is not owned by the producer (state = FREE)
2026-05-12 13:15:02.418 21112-21635 BufferQueueProducer     com.ram.tiktokclone.tiktok_clone     W  [ImageReader-1x1f22m7-21112-8](id:52780000000f,api:3,p:21112,c:21112) detachBuffer: slot 31 is not owned by the producer (state = FREE)
2026-05-12 13:15:02.418 21112-21635 BufferQueueProducer     com.ram.tiktokclone.tiktok_clone     W  [ImageReader-1x1f22m7-21112-8](id:52780000000f,api:3,p:21112,c:21112) detachBuffer: slot 32 is not owned by the producer (state = FREE)
2026-05-12 13:15:02.418 21112-21635 BufferQueueProducer     com.ram.tiktokclone.tiktok_clone     W  [ImageReader-1x1f22m7-21112-8](id:52780000000f,api:3,p:21112,c:21112) detachBuffer: slot 33 is not owned by the producer (state = FREE)
2026-05-12 13:15:02.418 21112-21635 BufferQueueProducer     com.ram.tiktokclone.tiktok_clone     W  [ImageReader-1x1f22m7-21112-8](id:52780000000f,api:3,p:21112,c:21112) detachBuffer: slot 34 is not owned by the producer (state = FREE)
2026-05-12 13:15:02.419 21112-21635 BufferQueueProducer     com.ram.tiktokclone.tiktok_clone     W  [ImageReader-1x1f22m7-21112-8](id:52780000000f,api:3,p:21112,c:21112) detachBuffer: slot 35 is not owned by the producer (state = FREE)
2026-05-12 13:15:02.419 21112-21635 BufferQueueProducer     com.ram.tiktokclone.tiktok_clone     W  [ImageReader-1x1f22m7-21112-8](id:52780000000f,api:3,p:21112,c:21112) detachBuffer: slot 36 is not owned by the producer (state = FREE)
2026-05-12 13:15:02.419 21112-21635 BufferQueueProducer     com.ram.tiktokclone.tiktok_clone     W  [ImageReader-1x1f22m7-21112-8](id:52780000000f,api:3,p:21112,c:21112) detachBuffer: slot 37 is not owned by the producer (state = FREE)
2026-05-12 13:15:02.419 21112-21635 BufferQueueProducer     com.ram.tiktokclone.tiktok_clone     W  [ImageReader-1x1f22m7-21112-8](id:52780000000f,api:3,p:21112,c:21112) detachBuffer: slot 38 is not owned by the producer (state = FREE)
2026-05-12 13:15:02.419 21112-21635 BufferQueueProducer     com.ram.tiktokclone.tiktok_clone     W  [ImageReader-1x1f22m7-21112-8](id:52780000000f,api:3,p:21112,c:21112) detachBuffer: slot 39 is not owned by the producer (state = FREE)
2026-05-12 13:15:02.419 21112-21635 BufferQueueProducer     com.ram.tiktokclone.tiktok_clone     W  [ImageReader-1x1f22m7-21112-8](id:52780000000f,api:3,p:21112,c:21112) detachBuffer: slot 40 is not owned by the producer (state = FREE)
2026-05-12 13:15:02.419 21112-21635 BufferQueueProducer     com.ram.tiktokclone.tiktok_clone     W  [ImageReader-1x1f22m7-21112-8](id:52780000000f,api:3,p:21112,c:21112) detachBuffer: slot 41 is not owned by the producer (state = FREE)
2026-05-12 13:15:02.419 21112-21635 BufferQueueProducer     com.ram.tiktokclone.tiktok_clone     W  [ImageReader-1x1f22m7-21112-8](id:52780000000f,api:3,p:21112,c:21112) detachBuffer: slot 42 is not owned by the producer (state = FREE)
2026-05-12 13:15:02.419 21112-21635 BufferQueueProducer     com.ram.tiktokclone.tiktok_clone     W  [ImageReader-1x1f22m7-21112-8](id:52780000000f,api:3,p:21112,c:21112) detachBuffer: slot 43 is not owned by the producer (state = FREE)
2026-05-12 13:15:02.419 21112-21635 BufferQueueProducer     com.ram.tiktokclone.tiktok_clone     W  [ImageReader-1x1f22m7-21112-8](id:52780000000f,api:3,p:21112,c:21112) detachBuffer: slot 44 is not owned by the producer (state = FREE)
2026-05-12 13:15:02.419 21112-21635 BufferQueueProducer     com.ram.tiktokclone.tiktok_clone     W  [ImageReader-1x1f22m7-21112-8](id:52780000000f,api:3,p:21112,c:21112) detachBuffer: slot 45 is not owned by the producer (state = FREE)
2026-05-12 13:15:02.419 21112-21635 BufferQueueProducer     com.ram.tiktokclone.tiktok_clone     W  [ImageReader-1x1f22m7-21112-8](id:52780000000f,api:3,p:21112,c:21112) detachBuffer: slot 46 is not owned by the producer (state = FREE)
2026-05-12 13:15:02.419 21112-21635 BufferQueueProducer     com.ram.tiktokclone.tiktok_clone     W  [ImageReader-1x1f22m7-21112-8](id:52780000000f,api:3,p:21112,c:21112) detachBuffer: slot 47 is not owned by the producer (state = FREE)
2026-05-12 13:15:02.419 21112-21635 BufferQueueProducer     com.ram.tiktokclone.tiktok_clone     W  [ImageReader-1x1f22m7-21112-8](id:52780000000f,api:3,p:21112,c:21112) detachBuffer: slot 48 is not owned by the producer (state = FREE)
2026-05-12 13:15:02.419 21112-21635 BufferQueueProducer     com.ram.tiktokclone.tiktok_clone     W  [ImageReader-1x1f22m7-21112-8](id:52780000000f,api:3,p:21112,c:21112) detachBuffer: slot 49 is not owned by the producer (state = FREE)
2026-05-12 13:15:02.419 21112-21635 BufferQueueProducer     com.ram.tiktokclone.tiktok_clone     W  [ImageReader-1x1f22m7-21112-8](id:52780000000f,api:3,p:21112,c:21112) detachBuffer: slot 50 is not owned by the producer (state = FREE)
2026-05-12 13:15:02.420 21112-21635 BufferQueueProducer     com.ram.tiktokclone.tiktok_clone     W  [ImageReader-1x1f22m7-21112-8](id:52780000000f,api:3,p:21112,c:21112) detachBuffer: slot 51 is not owned by the producer (state = FREE)
2026-05-12 13:15:02.420 21112-21635 BufferQueueProducer     com.ram.tiktokclone.tiktok_clone     W  [ImageReader-1x1f22m7-21112-8](id:52780000000f,api:3,p:21112,c:21112) detachBuffer: slot 52 is not owned by the producer (state = FREE)
2026-05-12 13:15:02.420 21112-21635 BufferQueueProducer     com.ram.tiktokclone.tiktok_clone     W  [ImageReader-1x1f22m7-21112-8](id:52780000000f,api:3,p:21112,c:21112) detachBuffer: slot 53 is not owned by the producer (state = FREE)
2026-05-12 13:15:02.420 21112-21635 BufferQueueProducer     com.ram.tiktokclone.tiktok_clone     W  [ImageReader-1x1f22m7-21112-8](id:52780000000f,api:3,p:21112,c:21112) detachBuffer: slot 54 is not owned by the producer (state = FREE)
2026-05-12 13:15:02.420 21112-21635 BufferQueueProducer     com.ram.tiktokclone.tiktok_clone     W  [ImageReader-1x1f22m7-21112-8](id:52780000000f,api:3,p:21112,c:21112) detachBuffer: slot 55 is not owned by the producer (state = FREE)
2026-05-12 13:15:02.420 21112-21635 BufferQueueProducer     com.ram.tiktokclone.tiktok_clone     W  [ImageReader-1x1f22m7-21112-8](id:52780000000f,api:3,p:21112,c:21112) detachBuffer: slot 56 is not owned by the producer (state = FREE)
2026-05-12 13:15:02.420 21112-21635 BufferQueueProducer     com.ram.tiktokclone.tiktok_clone     W  [ImageReader-1x1f22m7-21112-8](id:52780000000f,api:3,p:21112,c:21112) detachBuffer: slot 57 is not owned by the producer (state = FREE)
2026-05-12 13:15:02.420 21112-21635 BufferQueueProducer     com.ram.tiktokclone.tiktok_clone     W  [ImageReader-1x1f22m7-21112-8](id:52780000000f,api:3,p:21112,c:21112) detachBuffer: slot 58 is not owned by the producer (state = FREE)
2026-05-12 13:15:02.421 21112-21635 BufferQueueProducer     com.ram.tiktokclone.tiktok_clone     W  [ImageReader-1x1f22m7-21112-8](id:52780000000f,api:3,p:21112,c:21112) detachBuffer: slot 59 is not owned by the producer (state = FREE)
2026-05-12 13:15:02.421 21112-21635 BufferQueueProducer     com.ram.tiktokclone.tiktok_clone     W  [ImageReader-1x1f22m7-21112-8](id:52780000000f,api:3,p:21112,c:21112) detachBuffer: slot 60 is not owned by the producer (state = FREE)
2026-05-12 13:15:02.421 21112-21635 BufferQueueProducer     com.ram.tiktokclone.tiktok_clone     W  [ImageReader-1x1f22m7-21112-8](id:52780000000f,api:3,p:21112,c:21112) detachBuffer: slot 61 is not owned by the producer (state = FREE)
2026-05-12 13:15:02.421 21112-21799 ReflectedParamUpdater   com.ram.tiktokclone.tiktok_clone     D  ignored struct field coded.color-format.locations
2026-05-12 13:15:02.421 21112-21635 BufferQueueProducer     com.ram.tiktokclone.tiktok_clone     W  [ImageReader-1x1f22m7-21112-8](id:52780000000f,api:3,p:21112,c:21112) detachBuffer: slot 62 is not owned by the producer (state = FREE)
2026-05-12 13:15:02.421 21112-21635 BufferQueueProducer     com.ram.tiktokclone.tiktok_clone     W  [ImageReader-1x1f22m7-21112-8](id:52780000000f,api:3,p:21112,c:21112) detachBuffer: slot 63 is not owned by the producer (state = FREE)
2026-05-12 13:15:02.423 21112-21799 CCodecConfig            com.ram.tiktokclone.tiktok_clone     D  ignoring local param raw.size (0xd2001800) as it is already supported
2026-05-12 13:15:02.423 21112-21799 CCodecConfig            com.ram.tiktokclone.tiktok_clone     D  ignoring local param default.color (0x5200180b) as it is already supported
2026-05-12 13:15:02.423 21112-21799 ReflectedParamUpdater   com.ram.tiktokclone.tiktok_clone     D  ignored struct field raw.hdr-static-info.mastering
2026-05-12 13:15:02.423 21112-21799 CCodecConfig            com.ram.tiktokclone.tiktok_clone     I  query failed after returning 13 values (BAD_INDEX)
2026-05-12 13:15:02.423 21112-21799 CCodecConfig            com.ram.tiktokclone.tiktok_clone     D  c2 config diff is Dict {
                                                                                                      c2::i32 algo.priority.value = 0
                                                                                                      c2::float algo.rate.value = 0
                                                                                                      c2::u32 coded.pl.level = 20496
                                                                                                      c2::u32 coded.pl.profile = 20481
                                                                                                      c2::u32 coded.vui.color.matrix = 0
                                                                                                      c2::u32 coded.vui.color.primaries = 0
                                                                                                      c2::u32 coded.vui.color.range = 0
                                                                                                      c2::u32 coded.vui.color.transfer = 0
                                                                                                      c2::u32 default.color.matrix = 0
                                                                                                      c2::u32 default.color.primaries = 0
                                                                                                      c2::u32 default.color.range = 0
                                                                                                      c2::u32 default.color.transfer = 0
                                                                                                      c2::u32 input.buffers.max-size.value = 7340032
                                                                                                      string input.media-type.value = "video/avc"
                                                                                                      c2::u32 output.delay.value = 8
                                                                                                      string output.media-type.value = "video/raw"
                                                                                                      c2::u32 raw.color.matrix = 0
                                                                                                      c2::u32 raw.color.primaries = 0
                                                                                                      c2::u32 raw.color.range = 0
                                                                                                      c2::u32 raw.color.transfer = 0
                                                                                                      c2::u32 raw.max-size.height = 240
                                                                                                      c2::u32 raw.max-size.width = 320
                                                                                                      c2::u32 raw.pixel-format.value = 34
                                                                                                      c2::i32 raw.rotation.flip = 0
                                                                                                      c2::i32 raw.rotation.value = 0
                                                                                                      c2::u32 raw.sar.height = 1
                                                                                                      c2::u32 raw.sar.width = 1
                                                                                                      c2::u32 raw.size.height = 240
                                                                                                      
2026-05-12 13:15:02.423 21112-21799 ColorUtils              com.ram.tiktokclone.tiktok_clone     W  expected specified color aspects (0:0:0:0)
2026-05-12 13:15:02.425 21112-21798 MediaCodec              com.ram.tiktokclone.tiktok_clone     I  MediaCodec will operate in async mode
2026-05-12 13:15:02.425 21112-21798 SurfaceUtils            com.ram.tiktokclone.tiktok_clone     D  connecting to surface 0xb40000739c868570, reason connectToSurface
2026-05-12 13:15:02.425 21112-21798 MediaCodec              com.ram.tiktokclone.tiktok_clone     I  [c2.exynos.h264.decoder] setting surface generation to 21618710
2026-05-12 13:15:02.425 21112-21798 SurfaceUtils            com.ram.tiktokclone.tiktok_clone     D  disconnecting from surface 0xb40000739c868570, reason connectToSurface(reconnect)
2026-05-12 13:15:02.425 21112-21798 SurfaceUtils            com.ram.tiktokclone.tiktok_clone     D  connecting to surface 0xb40000739c868560, reason connectToSurface(reconnect-with-listener)
2026-05-12 13:15:02.425 21112-21799 CCodec                  com.ram.tiktokclone.tiktok_clone     D  [c2.exynos.h264.decoder] buffers are bound to CCodec for this session
2026-05-12 13:15:02.426 21112-21799 CCodec                  com.ram.tiktokclone.tiktok_clone     I  appPid(21112) width(1280) height(720)
2026-05-12 13:15:02.426 21112-21799 CCodecConfig            com.ram.tiktokclone.tiktok_clone     D  no c2 equivalents for log-session-id
2026-05-12 13:15:02.426 21112-21799 CCodecConfig            com.ram.tiktokclone.tiktok_clone     D  no c2 equivalents for importance
2026-05-12 13:15:02.426 21112-21799 CCodecConfig            com.ram.tiktokclone.tiktok_clone     D  no c2 equivalents for csd-1
2026-05-12 13:15:02.426 21112-21799 CCodecConfig            com.ram.tiktokclone.tiktok_clone     D  no c2 equivalents for native-window
2026-05-12 13:15:02.426 21112-21799 CCodecConfig            com.ram.tiktokclone.tiktok_clone     D  no c2 equivalents for native-window-generation
2026-05-12 13:15:02.426 21112-21799 CCodecConfig            com.ram.tiktokclone.tiktok_clone     D  no c2 equivalents for flags
2026-05-12 13:15:02.426 21112-21635 Codec2Client            com.ram.tiktokclone.tiktok_clone     D  Surface configure completed
2026-05-12 13:15:02.427 21112-21635 SurfaceUtils            com.ram.tiktokclone.tiktok_clone     D  disconnecting from surface 0xb40000739c8331e0, reason disconnectFromSurface
2026-05-12 13:15:02.427 21112-21635 CCodec                  com.ram.tiktokclone.tiktok_clone     I  [c2.exynos.h264.decoder] state->set(RELEASING)
2026-05-12 13:15:02.427 21112-21635 CCodecBufferChannel     com.ram.tiktokclone.tiktok_clone     D  [c2.exynos.h264.decoder#296] MediaCodec discarded an unknown buffer
2026-05-12 13:15:02.427 21112-21816 CCodec                  com.ram.tiktokclone.tiktok_clone     I  [release][3306] surface -> component
2026-05-12 13:15:02.427 21112-21635 CCodecBufferChannel     com.ram.tiktokclone.tiktok_clone     D  [c2.exynos.h264.decoder#296] MediaCodec discarded an unknown buffer
2026-05-12 13:15:02.427 21112-21635 CCodecBufferChannel     com.ram.tiktokclone.tiktok_clone     D  [c2.exynos.h264.decoder#296] MediaCodec discarded an unknown buffer
2026-05-12 13:15:02.427 21112-21635 CCodecBufferChannel     com.ram.tiktokclone.tiktok_clone     D  [c2.exynos.h264.decoder#296] MediaCodec discarded an unknown buffer
2026-05-12 13:15:02.427 21112-21799 CCodecConfig            com.ram.tiktokclone.tiktok_clone     D  c2 config diff is   c2::u32 raw.max-size.height = 720
                                                                                                      c2::u32 raw.max-size.width = 1280
                                                                                                      c2::u32 raw.size.height = 720
                                                                                                      c2::u32 raw.size.width = 1280
2026-05-12 13:15:02.428 21112-21799 Codec2Client            com.ram.tiktokclone.tiktok_clone     W  query -- param skipped: index = 1107298332.
2026-05-12 13:15:02.428 21112-21799 CCodec                  com.ram.tiktokclone.tiktok_clone     D  client requested max input size 262233, which is smaller than what component recommended (7340032); overriding with component recommendation.
2026-05-12 13:15:02.428 21112-21799 CCodec                  com.ram.tiktokclone.tiktok_clone     W  This behavior is subject to change. It is recommended that app developers double check whether the requested max input size is in reasonable range.
2026-05-12 13:15:02.428 21112-21799 CCodec                  com.ram.tiktokclone.tiktok_clone     D  encoding statistics level = 0
2026-05-12 13:15:02.428 21112-21799 CCodec                  com.ram.tiktokclone.tiktok_clone     D  setup formats input: AMessage(what = 0x00000000) = {
                                                                                                      int32_t height = 720
                                                                                                      int32_t level = 65536
                                                                                                      int32_t max-input-size = 7340032
                                                                                                      string mime = "video/avc"
                                                                                                      int32_t priority = 0
                                                                                                      int32_t profile = 65536
                                                                                                      int32_t width = 1280
                                                                                                      Rect crop(0, 0, 1279, 719)
                                                                                                    }
2026-05-12 13:15:02.428 21112-21799 CCodec                  com.ram.tiktokclone.tiktok_clone     D  setup formats output: AMessage(what = 0x00000000) = {
                                                                                                      int32_t android._color-format = 2130708361
                                                                                                      int32_t android._video-scaling = 1
                                                                                                      int32_t rotation-degrees = 0
                                                                                                      int32_t color-standard = 1
                                                                                                      int32_t color-range = 2
                                                                                                      int32_t color-transfer = 3
                                                                                                      int32_t sar-height = 1
                                                                                                      int32_t sar-width = 1
                                                                                                      Rect crop(0, 0, 1279, 719)
                                                                                                      int32_t width = 1280
                                                                                                      int32_t height = 720
                                                                                                      int32_t max-height = 720
                                                                                                      int32_t max-width = 1280
                                                                                                      string mime = "video/raw"
                                                                                                      int32_t priority = 0
                                                                                                      int32_t android._dataspace = 260
                                                                                                      int32_t color-format = 2130708361
                                                                                                      int32_t p-extraBC = 6
                                                                                                    }
2026-05-12 13:15:02.428 21112-21799 CCodecConfig            com.ram.tiktokclone.tiktok_clone     I  query failed after returning 13 values (BAD_INDEX)
2026-05-12 13:15:02.429 21112-21651 CCodec                  com.ram.tiktokclone.tiktok_clone     I  [c2.android.aac.decoder] state->set(RELEASING)
2026-05-12 13:15:02.429 21112-21651 CCodecBufferChannel     com.ram.tiktokclone.tiktok_clone     D  [c2.android.aac.decoder#340] MediaCodec discarded an unknown buffer
2026-05-12 13:15:02.429 21112-21817 CCodec                  com.ram.tiktokclone.tiktok_clone     I  [release][3306] surface -> component
2026-05-12 13:15:02.429 21112-21651 CCodecBufferChannel     com.ram.tiktokclone.tiktok_clone     D  [c2.android.aac.decoder#340] MediaCodec discarded an unknown buffer
2026-05-12 13:15:02.429 21112-21651 CCodecBufferChannel     com.ram.tiktokclone.tiktok_clone     D  [c2.android.aac.decoder#340] MediaCodec discarded an unknown buffer
2026-05-12 13:15:02.429 21112-21651 CCodecBufferChannel     com.ram.tiktokclone.tiktok_clone     D  [c2.android.aac.decoder#340] MediaCodec discarded an unknown buffer
2026-05-12 13:15:02.430 21112-21794 MediaCodec              com.ram.tiktokclone.tiktok_clone     D  keep callback message for reclaim
2026-05-12 13:15:02.430 21112-21817 CCodec                  com.ram.tiktokclone.tiktok_clone     I  [c2.android.aac.decoder] state->set(RELEASED)
2026-05-12 13:15:02.431 21112-21651 MediaCodec              com.ram.tiktokclone.tiktok_clone     I  Codec shutdown complete
2026-05-12 13:15:02.432 21112-21798 CCodec                  com.ram.tiktokclone.tiktok_clone     I  [c2.exynos.h264.decoder] state->set(STARTING)
2026-05-12 13:15:02.433 21112-21651 CCodecBufferChannel     com.ram.tiktokclone.tiktok_clone     I  CCodecBufferChannel destructing c2.android.aac.decoder#340
2026-05-12 13:15:02.433 21112-21651 Codec2Client            com.ram.tiktokclone.tiktok_clone     I  Component destructing
2026-05-12 13:15:02.433 21112-21651 hw-BpHwBinder           com.ram.tiktokclone.tiktok_clone     I  onLastStrongRef automatically unlinking death recipients
2026-05-12 13:15:02.437 21112-21799 Codec2Client            com.ram.tiktokclone.tiktok_clone     W  query -- param skipped: index = 1073743886.
2026-05-12 13:15:02.437 21112-21799 Codec2Client            com.ram.tiktokclone.tiktok_clone     W  query -- param skipped: index = 1610614798.
2026-05-12 13:15:02.437 21112-21799 Codec2Client            com.ram.tiktokclone.tiktok_clone     W  query -- param skipped: index = 1610614821.
2026-05-12 13:15:02.437 21112-21816 BufferQueueProducer     com.ram.tiktokclone.tiktok_clone     W  [MediaCodec.release](id:527800000017,api:3,p:21112,c:21112) detachBuffer: slot 11 is not owned by the producer (state = FREE)
2026-05-12 13:15:02.437 21112-21799 Codec2Client            com.ram.tiktokclone.tiktok_clone     W  query -- param skipped: index = 2684356609.
2026-05-12 13:15:02.438 21112-21799 CCodecBufferChannel     com.ram.tiktokclone.tiktok_clone     D  [c2.exynos.h264.decoder#181] Created input block pool with allocatorID 19 => poolID 38 - OK (0)
2026-05-12 13:15:02.438 21112-21799 CCodecBufferChannel     com.ram.tiktokclone.tiktok_clone     I  [c2.exynos.h264.decoder#181] start: max output delay 15
2026-05-12 13:15:02.438 21112-21816 BufferQueueProducer     com.ram.tiktokclone.tiktok_clone     W  [MediaCodec.release](id:527800000017,api:3,p:21112,c:21112) detachBuffer: slot 12 is not owned by the producer (state = FREE)
2026-05-12 13:15:02.438 21112-21816 BufferQueueProducer     com.ram.tiktokclone.tiktok_clone     W  [MediaCodec.release](id:527800000017,api:3,p:21112,c:21112) detachBuffer: slot 13 is not owned by the producer (state = FREE)
2026-05-12 13:15:02.438 21112-21816 BufferQueueProducer     com.ram.tiktokclone.tiktok_clone     W  [MediaCodec.release](id:527800000017,api:3,p:21112,c:21112) detachBuffer: slot 14 is not owned by the producer (state = FREE)
2026-05-12 13:15:02.438 21112-21816 BufferQueueProducer     com.ram.tiktokclone.tiktok_clone     W  [MediaCodec.release](id:527800000017,api:3,p:21112,c:21112) detachBuffer: slot 15 is not owned by the producer (state = FREE)
2026-05-12 13:15:02.438 21112-21816 BufferQueueProducer     com.ram.tiktokclone.tiktok_clone     W  [MediaCodec.release](id:527800000017,api:3,p:21112,c:21112) detachBuffer: slot 16 is not owned by the producer (state = FREE)
2026-05-12 13:15:02.438 21112-21799 CCodecBufferChannel     com.ram.tiktokclone.tiktok_clone     I  [c2.exynos.h264.decoder#181] Created output block pool with allocatorID 18 => poolID 442 - OK
2026-05-12 13:15:02.439 21112-21816 BufferQueueProducer     com.ram.tiktokclone.tiktok_clone     W  [MediaCodec.release](id:527800000017,api:3,p:21112,c:21112) detachBuffer: slot 17 is not owned by the producer (state = FREE)
2026-05-12 13:15:02.439 21112-21816 BufferQueueProducer     com.ram.tiktokclone.tiktok_clone     W  [MediaCodec.release](id:527800000017,api:3,p:21112,c:21112) detachBuffer: slot 18 is not owned by the producer (state = FREE)
2026-05-12 13:15:02.439 21112-21799 CCodecBufferChannel     com.ram.tiktokclone.tiktok_clone     D  [c2.exynos.h264.decoder#181] Configured output block pool ids 442 => OK
2026-05-12 13:15:02.439 21112-21799 Codec2-Out...ufferQueue com.ram.tiktokclone.tiktok_clone     D  remote graphic buffer migration 0/0
2026-05-12 13:15:02.439 21112-21816 BufferQueueProducer     com.ram.tiktokclone.tiktok_clone     W  [MediaCodec.release](id:527800000017,api:3,p:21112,c:21112) detachBuffer: slot 19 is not owned by the producer (state = FREE)
2026-05-12 13:15:02.439 21112-21799 Codec2Client            com.ram.tiktokclone.tiktok_clone     D  setOutputSurface -- failed to set consumer usage (6/BAD_INDEX)
2026-05-12 13:15:02.439 21112-21799 Codec2Client            com.ram.tiktokclone.tiktok_clone     D  setOutputSurface -- generation=21618710 consumer usage=0x900
2026-05-12 13:15:02.439 21112-21816 BufferQueueProducer     com.ram.tiktokclone.tiktok_clone     W  [MediaCodec.release](id:527800000017,api:3,p:21112,c:21112) detachBuffer: slot 20 is not owned by the producer (state = FREE)
2026-05-12 13:15:02.439 21112-21816 BufferQueueProducer     com.ram.tiktokclone.tiktok_clone     W  [MediaCodec.release](id:527800000017,api:3,p:21112,c:21112) detachBuffer: slot 21 is not owned by the producer (state = FREE)
2026-05-12 13:15:02.439 21112-21816 BufferQueueProducer     com.ram.tiktokclone.tiktok_clone     W  [MediaCodec.release](id:527800000017,api:3,p:21112,c:21112) detachBuffer: slot 22 is not owned by the producer (state = FREE)
2026-05-12 13:15:02.439 21112-21816 BufferQueueProducer     com.ram.tiktokclone.tiktok_clone     W  [MediaCodec.release](id:527800000017,api:3,p:21112,c:21112) detachBuffer: slot 23 is not owned by the producer (state = FREE)
2026-05-12 13:15:02.440 21112-21816 BufferQueueProducer     com.ram.tiktokclone.tiktok_clone     W  [MediaCodec.release](id:527800000017,api:3,p:21112,c:21112) detachBuffer: slot 24 is not owned by the producer (state = FREE)
2026-05-12 13:15:02.440 21112-21816 BufferQueueProducer     com.ram.tiktokclone.tiktok_clone     W  [MediaCodec.release](id:527800000017,api:3,p:21112,c:21112) detachBuffer: slot 25 is not owned by the producer (state = FREE)
2026-05-12 13:15:02.440 21112-21816 BufferQueueProducer     com.ram.tiktokclone.tiktok_clone     W  [MediaCodec.release](id:527800000017,api:3,p:21112,c:21112) detachBuffer: slot 26 is not owned by the producer (state = FREE)
2026-05-12 13:15:02.440 21112-21816 BufferQueueProducer     com.ram.tiktokclone.tiktok_clone     W  [MediaCodec.release](id:527800000017,api:3,p:21112,c:21112) detachBuffer: slot 27 is not owned by the producer (state = FREE)
2026-05-12 13:15:02.440 21112-21816 BufferQueueProducer     com.ram.tiktokclone.tiktok_clone     W  [MediaCodec.release](id:527800000017,api:3,p:21112,c:21112) detachBuffer: slot 28 is not owned by the producer (state = FREE)
2026-05-12 13:15:02.440 21112-21816 BufferQueueProducer     com.ram.tiktokclone.tiktok_clone     W  [MediaCodec.release](id:527800000017,api:3,p:21112,c:21112) detachBuffer: slot 29 is not owned by the producer (state = FREE)
2026-05-12 13:15:02.440 21112-21816 BufferQueueProducer     com.ram.tiktokclone.tiktok_clone     W  [MediaCodec.release](id:527800000017,api:3,p:21112,c:21112) detachBuffer: slot 30 is not owned by the producer (state = FREE)
2026-05-12 13:15:02.441 21112-21816 BufferQueueProducer     com.ram.tiktokclone.tiktok_clone     W  [MediaCodec.release](id:527800000017,api:3,p:21112,c:21112) detachBuffer: slot 31 is not owned by the producer (state = FREE)
2026-05-12 13:15:02.441 21112-21799 Codec2Client            com.ram.tiktokclone.tiktok_clone     D  Surface configure completed
2026-05-12 13:15:02.441 21112-21799 CCodec                  com.ram.tiktokclone.tiktok_clone     I  [c2.exynos.h264.decoder] state->set(RUNNING)
2026-05-12 13:15:02.441 21112-21816 BufferQueueProducer     com.ram.tiktokclone.tiktok_clone     W  [MediaCodec.release](id:527800000017,api:3,p:21112,c:21112) detachBuffer: slot 32 is not owned by the producer (state = FREE)
2026-05-12 13:15:02.441 21112-21816 BufferQueueProducer     com.ram.tiktokclone.tiktok_clone     W  [MediaCodec.release](id:527800000017,api:3,p:21112,c:21112) detachBuffer: slot 33 is not owned by the producer (state = FREE)
2026-05-12 13:15:02.441 21112-21816 BufferQueueProducer     com.ram.tiktokclone.tiktok_clone     W  [MediaCodec.release](id:527800000017,api:3,p:21112,c:21112) detachBuffer: slot 34 is not owned by the producer (state = FREE)
2026-05-12 13:15:02.441 21112-21816 BufferQueueProducer     com.ram.tiktokclone.tiktok_clone     W  [MediaCodec.release](id:527800000017,api:3,p:21112,c:21112) detachBuffer: slot 35 is not owned by the producer (state = FREE)
2026-05-12 13:15:02.441 21112-21816 BufferQueueProducer     com.ram.tiktokclone.tiktok_clone     W  [MediaCodec.release](id:527800000017,api:3,p:21112,c:21112) detachBuffer: slot 36 is not owned by the producer (state = FREE)
2026-05-12 13:15:02.442 21112-21816 BufferQueueProducer     com.ram.tiktokclone.tiktok_clone     W  [MediaCodec.release](id:527800000017,api:3,p:21112,c:21112) detachBuffer: slot 37 is not owned by the producer (state = FREE)
2026-05-12 13:15:02.442 21112-21816 BufferQueueProducer     com.ram.tiktokclone.tiktok_clone     W  [MediaCodec.release](id:527800000017,api:3,p:21112,c:21112) detachBuffer: slot 38 is not owned by the producer (state = FREE)
2026-05-12 13:15:02.442 21112-21816 BufferQueueProducer     com.ram.tiktokclone.tiktok_clone     W  [MediaCodec.release](id:527800000017,api:3,p:21112,c:21112) detachBuffer: slot 39 is not owned by the producer (state = FREE)
2026-05-12 13:15:02.442 21112-21816 BufferQueueProducer     com.ram.tiktokclone.tiktok_clone     W  [MediaCodec.release](id:527800000017,api:3,p:21112,c:21112) detachBuffer: slot 40 is not owned by the producer (state = FREE)
2026-05-12 13:15:02.442 21112-21816 BufferQueueProducer     com.ram.tiktokclone.tiktok_clone     W  [MediaCodec.release](id:527800000017,api:3,p:21112,c:21112) detachBuffer: slot 41 is not owned by the producer (state = FREE)
2026-05-12 13:15:02.442 21112-21816 BufferQueueProducer     com.ram.tiktokclone.tiktok_clone     W  [MediaCodec.release](id:527800000017,api:3,p:21112,c:21112) detachBuffer: slot 42 is not owned by the producer (state = FREE)
2026-05-12 13:15:02.442 21112-21816 BufferQueueProducer     com.ram.tiktokclone.tiktok_clone     W  [MediaCodec.release](id:527800000017,api:3,p:21112,c:21112) detachBuffer: slot 43 is not owned by the producer (state = FREE)
2026-05-12 13:15:02.442 21112-21816 BufferQueueProducer     com.ram.tiktokclone.tiktok_clone     W  [MediaCodec.release](id:527800000017,api:3,p:21112,c:21112) detachBuffer: slot 44 is not owned by the producer (state = FREE)
2026-05-12 13:15:02.442 21112-21816 BufferQueueProducer     com.ram.tiktokclone.tiktok_clone     W  [MediaCodec.release](id:527800000017,api:3,p:21112,c:21112) detachBuffer: slot 45 is not owned by the producer (state = FREE)
2026-05-12 13:15:02.442 21112-21816 BufferQueueProducer     com.ram.tiktokclone.tiktok_clone     W  [MediaCodec.release](id:527800000017,api:3,p:21112,c:21112) detachBuffer: slot 46 is not owned by the producer (state = FREE)
2026-05-12 13:15:02.442 21112-21816 BufferQueueProducer     com.ram.tiktokclone.tiktok_clone     W  [MediaCodec.release](id:527800000017,api:3,p:21112,c:21112) detachBuffer: slot 47 is not owned by the producer (state = FREE)
2026-05-12 13:15:02.442 21112-21816 BufferQueueProducer     com.ram.tiktokclone.tiktok_clone     W  [MediaCodec.release](id:527800000017,api:3,p:21112,c:21112) detachBuffer: slot 48 is not owned by the producer (state = FREE)
2026-05-12 13:15:02.442 21112-21816 BufferQueueProducer     com.ram.tiktokclone.tiktok_clone     W  [MediaCodec.release](id:527800000017,api:3,p:21112,c:21112) detachBuffer: slot 49 is not owned by the producer (state = FREE)
2026-05-12 13:15:02.442 21112-21816 BufferQueueProducer     com.ram.tiktokclone.tiktok_clone     W  [MediaCodec.release](id:527800000017,api:3,p:21112,c:21112) detachBuffer: slot 50 is not owned by the producer (state = FREE)
2026-05-12 13:15:02.442 21112-21816 BufferQueueProducer     com.ram.tiktokclone.tiktok_clone     W  [MediaCodec.release](id:527800000017,api:3,p:21112,c:21112) detachBuffer: slot 51 is not owned by the producer (state = FREE)
2026-05-12 13:15:02.442 21112-21816 BufferQueueProducer     com.ram.tiktokclone.tiktok_clone     W  [MediaCodec.release](id:527800000017,api:3,p:21112,c:21112) detachBuffer: slot 52 is not owned by the producer (state = FREE)
2026-05-12 13:15:02.442 21112-21816 BufferQueueProducer     com.ram.tiktokclone.tiktok_clone     W  [MediaCodec.release](id:527800000017,api:3,p:21112,c:21112) detachBuffer: slot 53 is not owned by the producer (state = FREE)
2026-05-12 13:15:02.442 21112-21816 BufferQueueProducer     com.ram.tiktokclone.tiktok_clone     W  [MediaCodec.release](id:527800000017,api:3,p:21112,c:21112) detachBuffer: slot 54 is not owned by the producer (state = FREE)
2026-05-12 13:15:02.444 21112-21816 BufferQueueProducer     com.ram.tiktokclone.tiktok_clone     W  [MediaCodec.release](id:527800000017,api:3,p:21112,c:21112) detachBuffer: slot 55 is not owned by the producer (state = FREE)
2026-05-12 13:15:02.444 21112-21816 BufferQueueProducer     com.ram.tiktokclone.tiktok_clone     W  [MediaCodec.release](id:527800000017,api:3,p:21112,c:21112) detachBuffer: slot 56 is not owned by the producer (state = FREE)
