2026-05-12 13:14:58.329  2760-3439  SGM:SemGameManager      com.android.systemui                 D  isGamePackage(), pkgName=com.ram.tiktokclone.tiktok_clone, ret=false
2026-05-12 13:14:58.329  2760-3439  SoundCraft...ionHandler com.android.systemui                 D  onPlaybackConfigChanged : lastStartedPackageName=com.ram.tiktokclone.tiktok_clone, lastStartedUid=10352, newStartedUid=10352, newStartPackageName=com.ram.tiktokclone.tiktok_clone, thread=Thread[RoutineHandlerThread,5,main]
2026-05-12 13:14:58.331  2760-3439  SoundCraft...ionHandler com.android.systemui                 D  onPlaybackConfigChanged : lastStartedPackageName=com.ram.tiktokclone.tiktok_clone, lastStartedUid=10352, newStartedUid=10352, newStartPackageName=com.ram.tiktokclone.tiktok_clone, thread=Thread[RoutineHandlerThread,5,main]
2026-05-12 13:14:58.394 21112-21112 flutter                 com.ram.tiktokclone.tiktok_clone     I  [JANK] warm-up done idx=8
2026-05-12 13:14:58.397  2760-3439  SoundCraft...ionHandler com.android.systemui                 D  onPlaybackConfigChanged : lastStartedPackageName=com.ram.tiktokclone.tiktok_clone, lastStartedUid=10352, newStartedUid=10352, newStartPackageName=com.ram.tiktokclone.tiktok_clone, thread=Thread[RoutineHandlerThread,5,main]
2026-05-12 13:14:58.397  2760-3439  SoundCraft...ionHandler com.android.systemui                 D  onPlaybackConfigChanged : lastStartedPackageName=com.ram.tiktokclone.tiktok_clone, lastStartedUid=10352, newStartedUid=-1, newStartPackageName=null, thread=Thread[RoutineHandlerThread,5,main]
2026-05-12 13:14:58.880 21112-21542 MediaCodec              com.ram.tiktokclone.tiktok_clone     I  setCodecState state(0), called in 6, domain 1, 1
2026-05-12 13:14:58.921 21112-21599 MediaCodec              com.ram.tiktokclone.tiktok_clone     I  setCodecState state(0), called in 6, domain 1, 1
2026-05-12 13:14:59.052 21112-21112 VRI[MainAc...ty]@bc2cf5 com.ram.tiktokclone.tiktok_clone     I  ViewPostIme pointer 0
2026-05-12 13:14:59.160 21112-21112 VRI[MainAc...ty]@bc2cf5 com.ram.tiktokclone.tiktok_clone     I  ViewPostIme pointer 1
2026-05-12 13:14:59.241 21112-21112 flutter                 com.ram.tiktokclone.tiktok_clone     I  [JANK] evict idx=5 dispose=11μs
2026-05-12 13:14:59.243 21112-21112 flutter                 com.ram.tiktokclone.tiktok_clone     I  [JANK] syncPool TOTAL=1991μs evict=1 keep=4 pool=3
2026-05-12 13:14:59.243 21112-21112 flutter                 com.ram.tiktokclone.tiktok_clone     I  [JANK] onPageChanged idx=7 total=2650μs
2026-05-12 13:14:59.248 21112-21539 AudioTrack              com.ram.tiktokclone.tiktok_clone     D  setVolume(0.000000, 0.000000) pid : 21112
2026-05-12 13:14:59.253 21112-21595 AudioTrack              com.ram.tiktokclone.tiktok_clone     D  setVolume(1.000000, 1.000000) pid : 21112
2026-05-12 13:14:59.254  1566-4919  MediaFocusControl       system_server                        I  requestAudioFocus() from uid/pid 10352/21112 AA=USAGE_MEDIA/CONTENT_TYPE_MOVIE clientId=android.media.AudioManager@aa5c43candroidx.media3.common.audio.AudioFocusManager$$ExternalSyntheticLambda0@e9d412d callingPack=com.ram.tiktokclone.tiktok_clone req=1 flags=0x0 sdk=36
2026-05-12 13:14:59.255 21112-21112 flutter                 com.ram.tiktokclone.tiktok_clone     I  [JANK] ensure peek idx=9=13703μs hit=true
2026-05-12 13:14:59.256 21112-21112 ExoPlayerImpl           com.ram.tiktokclone.tiktok_clone     I  Release 3cf52f0 [AndroidXMedia3/1.9.2] [o1s, SM-G991N, samsung, 35] [media3.common, media3.exoplayer, media3.decoder, media3.datasource, media3.extractor]
2026-05-12 13:14:59.258 21112-21542 CCodec                  com.ram.tiktokclone.tiktok_clone     I  [c2.exynos.h264.decoder] state->set(FLUSHING)
2026-05-12 13:14:59.259 21112-21543 CCodec                  com.ram.tiktokclone.tiktok_clone     I  [c2.exynos.h264.decoder] state->set(FLUSHED)
2026-05-12 13:14:59.259 21112-21537 MediaCodec              com.ram.tiktokclone.tiktok_clone     D  keep callback message for reclaim
2026-05-12 13:14:59.259 21112-21542 CCodec                  com.ram.tiktokclone.tiktok_clone     I  [c2.exynos.h264.decoder] state->set(RESUMING)
2026-05-12 13:14:59.259 21112-21542 CCodecConfig            com.ram.tiktokclone.tiktok_clone     I  query failed after returning 14 values (BAD_INDEX)
2026-05-12 13:14:59.260 21112-21632 AudioManager            com.ram.tiktokclone.tiktok_clone     D  dispatching onAudioFocusChange(-1) to android.media.AudioManager@aa5c43candroidx.media3.common.audio.AudioFocusManager$$ExternalSyntheticLambda0@1175149
2026-05-12 13:14:59.261  1566-2864  MediaFocusControl       system_server                        I  abandonAudioFocus() from uid/pid 10352/21112 clientId=android.media.AudioManager@aa5c43candroidx.media3.common.audio.AudioFocusManager$$ExternalSyntheticLambda0@1175149 callingPack=com.ram.tiktokclone.tiktok_clone
2026-05-12 13:14:59.262 21112-21595 AudioTrack              com.ram.tiktokclone.tiktok_clone     D  getTimestamp_l(722): device stall time corrected using current time 294487894032440
2026-05-12 13:14:59.266  2760-3439  SoundCraft...ionHandler com.android.systemui                 D  onPlaybackConfigChanged : lastStartedPackageName=null, lastStartedUid=-1, newStartedUid=10352, newStartPackageName=com.ram.tiktokclone.tiktok_clone, thread=Thread[RoutineHandlerThread,5,main]
2026-05-12 13:14:59.272  1566-4919  SGM:GameManager         system_server                        D  identifyGamePackage. com.ram.tiktokclone.tiktok_clone, mCurrentUserId: 0, callerUserId: 0, callingMethodInfo: com.samsung.android.game.IGameManagerService$Stub.onTransact(IGameManagerService.java:228)
2026-05-12 13:14:59.272  2760-3439  SGM:SemGameManager      com.android.systemui                 D  isGamePackage(), pkgName=com.ram.tiktokclone.tiktok_clone, ret=false
2026-05-12 13:14:59.272  2760-3439  SoundCraft...ionHandler com.android.systemui                 D  onPlaybackConfigChanged : lastStartedPackageName=com.ram.tiktokclone.tiktok_clone, lastStartedUid=10352, newStartedUid=10352, newStartPackageName=com.ram.tiktokclone.tiktok_clone, thread=Thread[RoutineHandlerThread,5,main]
2026-05-12 13:14:59.273 21112-21542 CCodecBufferChannel     com.ram.tiktokclone.tiktok_clone     I  [c2.exynos.h264.decoder#767] 4 initial input buffers available
2026-05-12 13:14:59.273 21112-21542 Codec2Client            com.ram.tiktokclone.tiktok_clone     W  query -- param skipped: index = 1073743886.
2026-05-12 13:14:59.273 21112-21542 Codec2Client            com.ram.tiktokclone.tiktok_clone     W  query -- param skipped: index = 1610614798.
2026-05-12 13:14:59.273 21112-21542 Codec2Client            com.ram.tiktokclone.tiktok_clone     W  query -- param skipped: index = 1610614821.
2026-05-12 13:14:59.273 21112-21542 CCodec                  com.ram.tiktokclone.tiktok_clone     I  [c2.exynos.h264.decoder] state->set(RUNNING)
2026-05-12 13:14:59.276 21112-21569 CCodec                  com.ram.tiktokclone.tiktok_clone     I  [c2.android.aac.decoder] state->set(FLUSHING)
2026-05-12 13:14:59.276 21112-21569 CCodec                  com.ram.tiktokclone.tiktok_clone     I  [c2.android.aac.decoder] state->set(FLUSHED)
2026-05-12 13:14:59.276 21112-21537 MediaCodec              com.ram.tiktokclone.tiktok_clone     D  keep callback message for reclaim
2026-05-12 13:14:59.276 21112-21569 CCodec                  com.ram.tiktokclone.tiktok_clone     I  [c2.android.aac.decoder] state->set(RESUMING)
2026-05-12 13:14:59.276 21112-21569 CCodecConfig            com.ram.tiktokclone.tiktok_clone     I  query failed after returning 21 values (BAD_INDEX)
2026-05-12 13:14:59.276 21112-21569 CCodecConfig            com.ram.tiktokclone.tiktok_clone     D  c2 config diff is   c2::i32 coding.drc.compression-mode.value = 2
2026-05-12 13:14:59.278 21112-21569 CCodecBufferChannel     com.ram.tiktokclone.tiktok_clone     I  [c2.android.aac.decoder#368] 4 initial input buffers available
2026-05-12 13:14:59.278 21112-21569 Codec2Client            com.ram.tiktokclone.tiktok_clone     W  query -- param skipped: index = 1342179345.
2026-05-12 13:14:59.278 21112-21569 Codec2Client            com.ram.tiktokclone.tiktok_clone     W  query -- param skipped: index = 2415921170.
2026-05-12 13:14:59.278 21112-21569 Codec2Client            com.ram.tiktokclone.tiktok_clone     W  query -- param skipped: index = 1610614798.
2026-05-12 13:14:59.278 21112-21569 CCodec                  com.ram.tiktokclone.tiktok_clone     I  [c2.android.aac.decoder] state->set(RUNNING)
2026-05-12 13:14:59.279 21112-21542 SurfaceUtils            com.ram.tiktokclone.tiktok_clone     D  connecting to surface 0xb40000739c7dbd50, reason connectToSurface
2026-05-12 13:14:59.279 21112-21542 MediaCodec              com.ram.tiktokclone.tiktok_clone     I  [c2.exynos.h264.decoder] setting surface generation to 21618703
2026-05-12 13:14:59.279 21112-21542 SurfaceUtils            com.ram.tiktokclone.tiktok_clone     D  disconnecting from surface 0xb40000739c7dbd50, reason connectToSurface(reconnect)
2026-05-12 13:14:59.279 21112-21542 SurfaceUtils            com.ram.tiktokclone.tiktok_clone     D  connecting to surface 0xb40000739c7dbd40, reason connectToSurface(reconnect-with-listener)
2026-05-12 13:14:59.283 21112-21542 Codec2-Out...ufferQueue com.ram.tiktokclone.tiktok_clone     D  remote graphic buffer migration 0/0
2026-05-12 13:14:59.284 21112-21542 Codec2Client            com.ram.tiktokclone.tiktok_clone     D  setOutputSurface -- failed to set consumer usage (6/BAD_INDEX)
2026-05-12 13:14:59.284 21112-21542 Codec2Client            com.ram.tiktokclone.tiktok_clone     D  setOutputSurface -- generation=21618703 consumer usage=0x900
2026-05-12 13:14:59.287 21112-21542 BufferQueueProducer     com.ram.tiktokclone.tiktok_clone     W  [ImageReader-1x1f22m7-21112-5](id:52780000000a,api:3,p:21112,c:21112) detachBuffer: slot 4 is not owned by the producer (state = FREE)
2026-05-12 13:14:59.287 21112-21542 BufferQueueProducer     com.ram.tiktokclone.tiktok_clone     W  [ImageReader-1x1f22m7-21112-5](id:52780000000a,api:3,p:21112,c:21112) detachBuffer: slot 6 is not owned by the producer (state = ACQUIRED)
2026-05-12 13:14:59.287 21112-21542 BufferQueueProducer     com.ram.tiktokclone.tiktok_clone     W  [ImageReader-1x1f22m7-21112-5](id:52780000000a,api:3,p:21112,c:21112) detachBuffer: slot 7 is not owned by the producer (state = ACQUIRED)
2026-05-12 13:14:59.287 21112-21542 BufferQueueProducer     com.ram.tiktokclone.tiktok_clone     W  [ImageReader-1x1f22m7-21112-5](id:52780000000a,api:3,p:21112,c:21112) detachBuffer: slot 8 is not owned by the producer (state = ACQUIRED)
2026-05-12 13:14:59.288 21112-21542 BufferQueueProducer     com.ram.tiktokclone.tiktok_clone     W  [ImageReader-1x1f22m7-21112-5](id:52780000000a,api:3,p:21112,c:21112) detachBuffer: slot 9 is not owned by the producer (state = FREE)
2026-05-12 13:14:59.288 21112-21542 BufferQueueProducer     com.ram.tiktokclone.tiktok_clone     W  [ImageReader-1x1f22m7-21112-5](id:52780000000a,api:3,p:21112,c:21112) detachBuffer: slot 12 is not owned by the producer (state = FREE)
2026-05-12 13:14:59.288 21112-21542 BufferQueueProducer     com.ram.tiktokclone.tiktok_clone     W  [ImageReader-1x1f22m7-21112-5](id:52780000000a,api:3,p:21112,c:21112) detachBuffer: slot 13 is not owned by the producer (state = FREE)
2026-05-12 13:14:59.288 21112-21542 BufferQueueProducer     com.ram.tiktokclone.tiktok_clone     W  [ImageReader-1x1f22m7-21112-5](id:52780000000a,api:3,p:21112,c:21112) detachBuffer: slot 14 is not owned by the producer (state = FREE)
2026-05-12 13:14:59.288 21112-21542 BufferQueueProducer     com.ram.tiktokclone.tiktok_clone     W  [ImageReader-1x1f22m7-21112-5](id:52780000000a,api:3,p:21112,c:21112) detachBuffer: slot 15 is not owned by the producer (state = FREE)
2026-05-12 13:14:59.289 21112-21542 BufferQueueProducer     com.ram.tiktokclone.tiktok_clone     W  [ImageReader-1x1f22m7-21112-5](id:52780000000a,api:3,p:21112,c:21112) detachBuffer: slot 16 is not owned by the producer (state = FREE)
2026-05-12 13:14:59.290 21112-21542 BufferQueueProducer     com.ram.tiktokclone.tiktok_clone     W  [ImageReader-1x1f22m7-21112-5](id:52780000000a,api:3,p:21112,c:21112) detachBuffer: slot 21 is not owned by the producer (state = FREE)
2026-05-12 13:14:59.290 21112-21542 BufferQueueProducer     com.ram.tiktokclone.tiktok_clone     W  [ImageReader-1x1f22m7-21112-5](id:52780000000a,api:3,p:21112,c:21112) detachBuffer: slot 22 is not owned by the producer (state = FREE)
2026-05-12 13:14:59.290 21112-21542 BufferQueueProducer     com.ram.tiktokclone.tiktok_clone     W  [ImageReader-1x1f22m7-21112-5](id:52780000000a,api:3,p:21112,c:21112) detachBuffer: slot 23 is not owned by the producer (state = FREE)
2026-05-12 13:14:59.290 21112-21542 BufferQueueProducer     com.ram.tiktokclone.tiktok_clone     W  [ImageReader-1x1f22m7-21112-5](id:52780000000a,api:3,p:21112,c:21112) detachBuffer: slot 24 is not owned by the producer (state = FREE)
2026-05-12 13:14:59.290 21112-21542 BufferQueueProducer     com.ram.tiktokclone.tiktok_clone     W  [ImageReader-1x1f22m7-21112-5](id:52780000000a,api:3,p:21112,c:21112) detachBuffer: slot 25 is not owned by the producer (state = FREE)
2026-05-12 13:14:59.290 21112-21542 BufferQueueProducer     com.ram.tiktokclone.tiktok_clone     W  [ImageReader-1x1f22m7-21112-5](id:52780000000a,api:3,p:21112,c:21112) detachBuffer: slot 26 is not owned by the producer (state = FREE)
2026-05-12 13:14:59.290 21112-21542 BufferQueueProducer     com.ram.tiktokclone.tiktok_clone     W  [ImageReader-1x1f22m7-21112-5](id:52780000000a,api:3,p:21112,c:21112) detachBuffer: slot 27 is not owned by the producer (state = FREE)
2026-05-12 13:14:59.290 21112-21542 BufferQueueProducer     com.ram.tiktokclone.tiktok_clone     W  [ImageReader-1x1f22m7-21112-5](id:52780000000a,api:3,p:21112,c:21112) detachBuffer: slot 28 is not owned by the producer (state = FREE)
2026-05-12 13:14:59.291 21112-21542 BufferQueueProducer     com.ram.tiktokclone.tiktok_clone     W  [ImageReader-1x1f22m7-21112-5](id:52780000000a,api:3,p:21112,c:21112) detachBuffer: slot 29 is not owned by the producer (state = FREE)
2026-05-12 13:14:59.291 21112-21542 BufferQueueProducer     com.ram.tiktokclone.tiktok_clone     W  [ImageReader-1x1f22m7-21112-5](id:52780000000a,api:3,p:21112,c:21112) detachBuffer: slot 30 is not owned by the producer (state = FREE)
2026-05-12 13:14:59.291 21112-21542 BufferQueueProducer     com.ram.tiktokclone.tiktok_clone     W  [ImageReader-1x1f22m7-21112-5](id:52780000000a,api:3,p:21112,c:21112) detachBuffer: slot 31 is not owned by the producer (state = FREE)
2026-05-12 13:14:59.291 21112-21542 BufferQueueProducer     com.ram.tiktokclone.tiktok_clone     W  [ImageReader-1x1f22m7-21112-5](id:52780000000a,api:3,p:21112,c:21112) detachBuffer: slot 32 is not owned by the producer (state = FREE)
2026-05-12 13:14:59.291 21112-21542 BufferQueueProducer     com.ram.tiktokclone.tiktok_clone     W  [ImageReader-1x1f22m7-21112-5](id:52780000000a,api:3,p:21112,c:21112) detachBuffer: slot 33 is not owned by the producer (state = FREE)
2026-05-12 13:14:59.291 21112-21542 BufferQueueProducer     com.ram.tiktokclone.tiktok_clone     W  [ImageReader-1x1f22m7-21112-5](id:52780000000a,api:3,p:21112,c:21112) detachBuffer: slot 34 is not owned by the producer (state = FREE)
2026-05-12 13:14:59.291 21112-21542 BufferQueueProducer     com.ram.tiktokclone.tiktok_clone     W  [ImageReader-1x1f22m7-21112-5](id:52780000000a,api:3,p:21112,c:21112) detachBuffer: slot 35 is not owned by the producer (state = FREE)
2026-05-12 13:14:59.291 21112-21542 BufferQueueProducer     com.ram.tiktokclone.tiktok_clone     W  [ImageReader-1x1f22m7-21112-5](id:52780000000a,api:3,p:21112,c:21112) detachBuffer: slot 36 is not owned by the producer (state = FREE)
2026-05-12 13:14:59.291 21112-21542 BufferQueueProducer     com.ram.tiktokclone.tiktok_clone     W  [ImageReader-1x1f22m7-21112-5](id:52780000000a,api:3,p:21112,c:21112) detachBuffer: slot 37 is not owned by the producer (state = FREE)
2026-05-12 13:14:59.291 21112-21542 BufferQueueProducer     com.ram.tiktokclone.tiktok_clone     W  [ImageReader-1x1f22m7-21112-5](id:52780000000a,api:3,p:21112,c:21112) detachBuffer: slot 38 is not owned by the producer (state = FREE)
2026-05-12 13:14:59.291 21112-21542 BufferQueueProducer     com.ram.tiktokclone.tiktok_clone     W  [ImageReader-1x1f22m7-21112-5](id:52780000000a,api:3,p:21112,c:21112) detachBuffer: slot 39 is not owned by the producer (state = FREE)
2026-05-12 13:14:59.291 21112-21542 BufferQueueProducer     com.ram.tiktokclone.tiktok_clone     W  [ImageReader-1x1f22m7-21112-5](id:52780000000a,api:3,p:21112,c:21112) detachBuffer: slot 40 is not owned by the producer (state = FREE)
2026-05-12 13:14:59.291 21112-21542 BufferQueueProducer     com.ram.tiktokclone.tiktok_clone     W  [ImageReader-1x1f22m7-21112-5](id:52780000000a,api:3,p:21112,c:21112) detachBuffer: slot 41 is not owned by the producer (state = FREE)
2026-05-12 13:14:59.292 21112-21542 BufferQueueProducer     com.ram.tiktokclone.tiktok_clone     W  [ImageReader-1x1f22m7-21112-5](id:52780000000a,api:3,p:21112,c:21112) detachBuffer: slot 42 is not owned by the producer (state = FREE)
2026-05-12 13:14:59.292 21112-21542 BufferQueueProducer     com.ram.tiktokclone.tiktok_clone     W  [ImageReader-1x1f22m7-21112-5](id:52780000000a,api:3,p:21112,c:21112) detachBuffer: slot 43 is not owned by the producer (state = FREE)
2026-05-12 13:14:59.292 21112-21542 BufferQueueProducer     com.ram.tiktokclone.tiktok_clone     W  [ImageReader-1x1f22m7-21112-5](id:52780000000a,api:3,p:21112,c:21112) detachBuffer: slot 44 is not owned by the producer (state = FREE)
2026-05-12 13:14:59.292 21112-21542 BufferQueueProducer     com.ram.tiktokclone.tiktok_clone     W  [ImageReader-1x1f22m7-21112-5](id:52780000000a,api:3,p:21112,c:21112) detachBuffer: slot 45 is not owned by the producer (state = FREE)
2026-05-12 13:14:59.292 21112-21542 BufferQueueProducer     com.ram.tiktokclone.tiktok_clone     W  [ImageReader-1x1f22m7-21112-5](id:52780000000a,api:3,p:21112,c:21112) detachBuffer: slot 46 is not owned by the producer (state = FREE)
2026-05-12 13:14:59.292 21112-21542 BufferQueueProducer     com.ram.tiktokclone.tiktok_clone     W  [ImageReader-1x1f22m7-21112-5](id:52780000000a,api:3,p:21112,c:21112) detachBuffer: slot 47 is not owned by the producer (state = FREE)
2026-05-12 13:14:59.292 21112-21542 BufferQueueProducer     com.ram.tiktokclone.tiktok_clone     W  [ImageReader-1x1f22m7-21112-5](id:52780000000a,api:3,p:21112,c:21112) detachBuffer: slot 48 is not owned by the producer (state = FREE)
2026-05-12 13:14:59.292 21112-21542 BufferQueueProducer     com.ram.tiktokclone.tiktok_clone     W  [ImageReader-1x1f22m7-21112-5](id:52780000000a,api:3,p:21112,c:21112) detachBuffer: slot 49 is not owned by the producer (state = FREE)
2026-05-12 13:14:59.292 21112-21542 BufferQueueProducer     com.ram.tiktokclone.tiktok_clone     W  [ImageReader-1x1f22m7-21112-5](id:52780000000a,api:3,p:21112,c:21112) detachBuffer: slot 50 is not owned by the producer (state = FREE)
2026-05-12 13:14:59.292 21112-21542 BufferQueueProducer     com.ram.tiktokclone.tiktok_clone     W  [ImageReader-1x1f22m7-21112-5](id:52780000000a,api:3,p:21112,c:21112) detachBuffer: slot 51 is not owned by the producer (state = FREE)
2026-05-12 13:14:59.292 21112-21542 BufferQueueProducer     com.ram.tiktokclone.tiktok_clone     W  [ImageReader-1x1f22m7-21112-5](id:52780000000a,api:3,p:21112,c:21112) detachBuffer: slot 52 is not owned by the producer (state = FREE)
2026-05-12 13:14:59.292 21112-21542 BufferQueueProducer     com.ram.tiktokclone.tiktok_clone     W  [ImageReader-1x1f22m7-21112-5](id:52780000000a,api:3,p:21112,c:21112) detachBuffer: slot 53 is not owned by the producer (state = FREE)
2026-05-12 13:14:59.292 21112-21542 BufferQueueProducer     com.ram.tiktokclone.tiktok_clone     W  [ImageReader-1x1f22m7-21112-5](id:52780000000a,api:3,p:21112,c:21112) detachBuffer: slot 54 is not owned by the producer (state = FREE)
2026-05-12 13:14:59.293 21112-21542 BufferQueueProducer     com.ram.tiktokclone.tiktok_clone     W  [ImageReader-1x1f22m7-21112-5](id:52780000000a,api:3,p:21112,c:21112) detachBuffer: slot 55 is not owned by the producer (state = FREE)
2026-05-12 13:14:59.293 21112-21542 BufferQueueProducer     com.ram.tiktokclone.tiktok_clone     W  [ImageReader-1x1f22m7-21112-5](id:52780000000a,api:3,p:21112,c:21112) detachBuffer: slot 56 is not owned by the producer (state = FREE)
2026-05-12 13:14:59.293 21112-21542 BufferQueueProducer     com.ram.tiktokclone.tiktok_clone     W  [ImageReader-1x1f22m7-21112-5](id:52780000000a,api:3,p:21112,c:21112) detachBuffer: slot 57 is not owned by the producer (state = FREE)
2026-05-12 13:14:59.293 21112-21542 BufferQueueProducer     com.ram.tiktokclone.tiktok_clone     W  [ImageReader-1x1f22m7-21112-5](id:52780000000a,api:3,p:21112,c:21112) detachBuffer: slot 58 is not owned by the producer (state = FREE)
2026-05-12 13:14:59.293 21112-21542 BufferQueueProducer     com.ram.tiktokclone.tiktok_clone     W  [ImageReader-1x1f22m7-21112-5](id:52780000000a,api:3,p:21112,c:21112) detachBuffer: slot 59 is not owned by the producer (state = FREE)
2026-05-12 13:14:59.293 21112-21542 BufferQueueProducer     com.ram.tiktokclone.tiktok_clone     W  [ImageReader-1x1f22m7-21112-5](id:52780000000a,api:3,p:21112,c:21112) detachBuffer: slot 60 is not owned by the producer (state = FREE)
2026-05-12 13:14:59.293 21112-21542 BufferQueueProducer     com.ram.tiktokclone.tiktok_clone     W  [ImageReader-1x1f22m7-21112-5](id:52780000000a,api:3,p:21112,c:21112) detachBuffer: slot 61 is not owned by the producer (state = FREE)
2026-05-12 13:14:59.293 21112-21542 BufferQueueProducer     com.ram.tiktokclone.tiktok_clone     W  [ImageReader-1x1f22m7-21112-5](id:52780000000a,api:3,p:21112,c:21112) detachBuffer: slot 62 is not owned by the producer (state = FREE)
2026-05-12 13:14:59.293 21112-21542 BufferQueueProducer     com.ram.tiktokclone.tiktok_clone     W  [ImageReader-1x1f22m7-21112-5](id:52780000000a,api:3,p:21112,c:21112) detachBuffer: slot 63 is not owned by the producer (state = FREE)
2026-05-12 13:14:59.297  2760-3439  SoundCraft...ionHandler com.android.systemui                 D  onPlaybackConfigChanged : lastStartedPackageName=com.ram.tiktokclone.tiktok_clone, lastStartedUid=10352, newStartedUid=10352, newStartPackageName=com.ram.tiktokclone.tiktok_clone, thread=Thread[RoutineHandlerThread,5,main]
2026-05-12 13:14:59.297  2760-3439  SoundCraft...ionHandler com.android.systemui                 D  onPlaybackConfigChanged : lastStartedPackageName=com.ram.tiktokclone.tiktok_clone, lastStartedUid=10352, newStartedUid=10352, newStartPackageName=com.ram.tiktokclone.tiktok_clone, thread=Thread[RoutineHandlerThread,5,main]
2026-05-12 13:14:59.302 21112-21542 Codec2Client            com.ram.tiktokclone.tiktok_clone     D  Surface configure completed
2026-05-12 13:14:59.302 21112-21542 SurfaceUtils            com.ram.tiktokclone.tiktok_clone     D  disconnecting from surface 0xb40000739c822160, reason disconnectFromSurface
2026-05-12 13:14:59.304 21112-21599 MediaCodec              com.ram.tiktokclone.tiktok_clone     I  setCodecState state(1), called in 6, domain 1, 1
2026-05-12 13:14:59.305 21112-21542 CCodec                  com.ram.tiktokclone.tiktok_clone     I  [c2.exynos.h264.decoder] state->set(RELEASING)
2026-05-12 13:14:59.305 21112-21542 CCodecBufferChannel     com.ram.tiktokclone.tiktok_clone     D  [c2.exynos.h264.decoder#767] MediaCodec discarded an unknown buffer
2026-05-12 13:14:59.305 21112-21666 CCodec                  com.ram.tiktokclone.tiktok_clone     I  [release][3306] surface -> component
2026-05-12 13:14:59.305 21112-21542 CCodecBufferChannel     com.ram.tiktokclone.tiktok_clone     D  [c2.exynos.h264.decoder#767] MediaCodec discarded an unknown buffer
2026-05-12 13:14:59.305 21112-21542 CCodecBufferChannel     com.ram.tiktokclone.tiktok_clone     D  [c2.exynos.h264.decoder#767] MediaCodec discarded an unknown buffer
2026-05-12 13:14:59.306 21112-21542 CCodecBufferChannel     com.ram.tiktokclone.tiktok_clone     D  [c2.exynos.h264.decoder#767] MediaCodec discarded an unknown buffer
2026-05-12 13:14:59.307 21112-21569 CCodec                  com.ram.tiktokclone.tiktok_clone     I  [c2.android.aac.decoder] state->set(RELEASING)
2026-05-12 13:14:59.308 21112-21569 CCodecBufferChannel     com.ram.tiktokclone.tiktok_clone     D  [c2.android.aac.decoder#368] MediaCodec discarded an unknown buffer
2026-05-12 13:14:59.308 21112-21569 CCodecBufferChannel     com.ram.tiktokclone.tiktok_clone     D  [c2.android.aac.decoder#368] MediaCodec discarded an unknown buffer
2026-05-12 13:14:59.308 21112-21569 CCodecBufferChannel     com.ram.tiktokclone.tiktok_clone     D  [c2.android.aac.decoder#368] MediaCodec discarded an unknown buffer
2026-05-12 13:14:59.308 21112-21569 CCodecBufferChannel     com.ram.tiktokclone.tiktok_clone     D  [c2.android.aac.decoder#368] MediaCodec discarded an unknown buffer
2026-05-12 13:14:59.308 21112-21667 CCodec                  com.ram.tiktokclone.tiktok_clone     I  [release][3306] surface -> component
2026-05-12 13:14:59.309 21112-21667 CCodec                  com.ram.tiktokclone.tiktok_clone     I  [c2.android.aac.decoder] state->set(RELEASED)
2026-05-12 13:14:59.310 21112-21569 MediaCodec              com.ram.tiktokclone.tiktok_clone     I  Codec shutdown complete
2026-05-12 13:14:59.311 21112-21666 BufferQueueProducer     com.ram.tiktokclone.tiktok_clone     W  [MediaCodec.release](id:527800000010,api:3,p:21112,c:21112) detachBuffer: slot 11 is not owned by the producer (state = FREE)
2026-05-12 13:14:59.311 21112-21569 CCodecBufferChannel     com.ram.tiktokclone.tiktok_clone     I  CCodecBufferChannel destructing c2.android.aac.decoder#368
2026-05-12 13:14:59.311 21112-21569 Codec2Client            com.ram.tiktokclone.tiktok_clone     I  Component destructing
2026-05-12 13:14:59.311 21112-21569 hw-BpHwBinder           com.ram.tiktokclone.tiktok_clone     I  onLastStrongRef automatically unlinking death recipients
2026-05-12 13:14:59.311 21112-21666 BufferQueueProducer     com.ram.tiktokclone.tiktok_clone     W  [MediaCodec.release](id:527800000010,api:3,p:21112,c:21112) detachBuffer: slot 12 is not owned by the producer (state = FREE)
2026-05-12 13:14:59.311 21112-21666 BufferQueueProducer     com.ram.tiktokclone.tiktok_clone     W  [MediaCodec.release](id:527800000010,api:3,p:21112,c:21112) detachBuffer: slot 13 is not owned by the producer (state = FREE)
2026-05-12 13:14:59.312 21112-21666 BufferQueueProducer     com.ram.tiktokclone.tiktok_clone     W  [MediaCodec.release](id:527800000010,api:3,p:21112,c:21112) detachBuffer: slot 14 is not owned by the producer (state = FREE)
2026-05-12 13:14:59.312 21112-21666 BufferQueueProducer     com.ram.tiktokclone.tiktok_clone     W  [MediaCodec.release](id:527800000010,api:3,p:21112,c:21112) detachBuffer: slot 15 is not owned by the producer (state = FREE)
2026-05-12 13:14:59.312 21112-21666 BufferQueueProducer     com.ram.tiktokclone.tiktok_clone     W  [MediaCodec.release](id:527800000010,api:3,p:21112,c:21112) detachBuffer: slot 16 is not owned by the producer (state = FREE)
2026-05-12 13:14:59.312 21112-21666 BufferQueueProducer     com.ram.tiktokclone.tiktok_clone     W  [MediaCodec.release](id:527800000010,api:3,p:21112,c:21112) detachBuffer: slot 17 is not owned by the producer (state = FREE)
2026-05-12 13:14:59.312 21112-21666 BufferQueueProducer     com.ram.tiktokclone.tiktok_clone     W  [MediaCodec.release](id:527800000010,api:3,p:21112,c:21112) detachBuffer: slot 18 is not owned by the producer (state = FREE)
2026-05-12 13:14:59.312 21112-21666 BufferQueueProducer     com.ram.tiktokclone.tiktok_clone     W  [MediaCodec.release](id:527800000010,api:3,p:21112,c:21112) detachBuffer: slot 19 is not owned by the producer (state = FREE)
2026-05-12 13:14:59.312 21112-21666 BufferQueueProducer     com.ram.tiktokclone.tiktok_clone     W  [MediaCodec.release](id:527800000010,api:3,p:21112,c:21112) detachBuffer: slot 20 is not owned by the producer (state = FREE)
2026-05-12 13:14:59.312 21112-21666 BufferQueueProducer     com.ram.tiktokclone.tiktok_clone     W  [MediaCodec.release](id:527800000010,api:3,p:21112,c:21112) detachBuffer: slot 21 is not owned by the producer (state = FREE)
2026-05-12 13:14:59.312 21112-21666 BufferQueueProducer     com.ram.tiktokclone.tiktok_clone     W  [MediaCodec.release](id:527800000010,api:3,p:21112,c:21112) detachBuffer: slot 22 is not owned by the producer (state = FREE)
2026-05-12 13:14:59.313 21112-21666 BufferQueueProducer     com.ram.tiktokclone.tiktok_clone     W  [MediaCodec.release](id:527800000010,api:3,p:21112,c:21112) detachBuffer: slot 23 is not owned by the producer (state = FREE)
2026-05-12 13:14:59.313 21112-21666 BufferQueueProducer     com.ram.tiktokclone.tiktok_clone     W  [MediaCodec.release](id:527800000010,api:3,p:21112,c:21112) detachBuffer: slot 24 is not owned by the producer (state = FREE)
2026-05-12 13:14:59.316 21112-21666 BufferQueueProducer     com.ram.tiktokclone.tiktok_clone     W  [MediaCodec.release](id:527800000010,api:3,p:21112,c:21112) detachBuffer: slot 25 is not owned by the producer (state = FREE)
2026-05-12 13:14:59.316 21112-21666 BufferQueueProducer     com.ram.tiktokclone.tiktok_clone     W  [MediaCodec.release](id:527800000010,api:3,p:21112,c:21112) detachBuffer: slot 26 is not owned by the producer (state = FREE)
2026-05-12 13:14:59.317 21112-21666 BufferQueueProducer     com.ram.tiktokclone.tiktok_clone     W  [MediaCodec.release](id:527800000010,api:3,p:21112,c:21112) detachBuffer: slot 27 is not owned by the producer (state = FREE)
2026-05-12 13:14:59.317 21112-21666 BufferQueueProducer     com.ram.tiktokclone.tiktok_clone     W  [MediaCodec.release](id:527800000010,api:3,p:21112,c:21112) detachBuffer: slot 28 is not owned by the producer (state = FREE)
2026-05-12 13:14:59.317 21112-21666 BufferQueueProducer     com.ram.tiktokclone.tiktok_clone     W  [MediaCodec.release](id:527800000010,api:3,p:21112,c:21112) detachBuffer: slot 29 is not owned by the producer (state = FREE)
2026-05-12 13:14:59.317 21112-21666 BufferQueueProducer     com.ram.tiktokclone.tiktok_clone     W  [MediaCodec.release](id:527800000010,api:3,p:21112,c:21112) detachBuffer: slot 30 is not owned by the producer (state = FREE)
2026-05-12 13:14:59.317 21112-21666 BufferQueueProducer     com.ram.tiktokclone.tiktok_clone     W  [MediaCodec.release](id:527800000010,api:3,p:21112,c:21112) detachBuffer: slot 31 is not owned by the producer (state = FREE)
2026-05-12 13:14:59.317 21112-21666 BufferQueueProducer     com.ram.tiktokclone.tiktok_clone     W  [MediaCodec.release](id:527800000010,api:3,p:21112,c:21112) detachBuffer: slot 32 is not owned by the producer (state = FREE)
2026-05-12 13:14:59.318 21112-21666 BufferQueueProducer     com.ram.tiktokclone.tiktok_clone     W  [MediaCodec.release](id:527800000010,api:3,p:21112,c:21112) detachBuffer: slot 33 is not owned by the producer (state = FREE)
2026-05-12 13:14:59.318 21112-21666 BufferQueueProducer     com.ram.tiktokclone.tiktok_clone     W  [MediaCodec.release](id:527800000010,api:3,p:21112,c:21112) detachBuffer: slot 34 is not owned by the producer (state = FREE)
2026-05-12 13:14:59.318 21112-21666 BufferQueueProducer     com.ram.tiktokclone.tiktok_clone     W  [MediaCodec.release](id:527800000010,api:3,p:21112,c:21112) detachBuffer: slot 35 is not owned by the producer (state = FREE)
2026-05-12 13:14:59.318 21112-21666 BufferQueueProducer     com.ram.tiktokclone.tiktok_clone     W  [MediaCodec.release](id:527800000010,api:3,p:21112,c:21112) detachBuffer: slot 36 is not owned by the producer (state = FREE)
2026-05-12 13:14:59.318 21112-21666 BufferQueueProducer     com.ram.tiktokclone.tiktok_clone     W  [MediaCodec.release](id:527800000010,api:3,p:21112,c:21112) detachBuffer: slot 37 is not owned by the producer (state = FREE)
2026-05-12 13:14:59.318 21112-21666 BufferQueueProducer     com.ram.tiktokclone.tiktok_clone     W  [MediaCodec.release](id:527800000010,api:3,p:21112,c:21112) detachBuffer: slot 38 is not owned by the producer (state = FREE)
2026-05-12 13:14:59.318 21112-21666 BufferQueueProducer     com.ram.tiktokclone.tiktok_clone     W  [MediaCodec.release](id:527800000010,api:3,p:21112,c:21112) detachBuffer: slot 39 is not owned by the producer (state = FREE)
2026-05-12 13:14:59.318 21112-21666 BufferQueueProducer     com.ram.tiktokclone.tiktok_clone     W  [MediaCodec.release](id:527800000010,api:3,p:21112,c:21112) detachBuffer: slot 40 is not owned by the producer (state = FREE)
2026-05-12 13:14:59.318 21112-21666 BufferQueueProducer     com.ram.tiktokclone.tiktok_clone     W  [MediaCodec.release](id:527800000010,api:3,p:21112,c:21112) detachBuffer: slot 41 is not owned by the producer (state = FREE)
2026-05-12 13:14:59.318 21112-21666 BufferQueueProducer     com.ram.tiktokclone.tiktok_clone     W  [MediaCodec.release](id:527800000010,api:3,p:21112,c:21112) detachBuffer: slot 42 is not owned by the producer (state = FREE)
2026-05-12 13:14:59.319 21112-21666 BufferQueueProducer     com.ram.tiktokclone.tiktok_clone     W  [MediaCodec.release](id:527800000010,api:3,p:21112,c:21112) detachBuffer: slot 43 is not owned by the producer (state = FREE)
2026-05-12 13:14:59.319 21112-21666 BufferQueueProducer     com.ram.tiktokclone.tiktok_clone     W  [MediaCodec.release](id:527800000010,api:3,p:21112,c:21112) detachBuffer: slot 44 is not owned by the producer (state = FREE)
2026-05-12 13:14:59.319 21112-21666 BufferQueueProducer     com.ram.tiktokclone.tiktok_clone     W  [MediaCodec.release](id:527800000010,api:3,p:21112,c:21112) detachBuffer: slot 45 is not owned by the producer (state = FREE)
2026-05-12 13:14:59.319 21112-21666 BufferQueueProducer     com.ram.tiktokclone.tiktok_clone     W  [MediaCodec.release](id:527800000010,api:3,p:21112,c:21112) detachBuffer: slot 46 is not owned by the producer (state = FREE)
2026-05-12 13:14:59.319 21112-21666 BufferQueueProducer     com.ram.tiktokclone.tiktok_clone     W  [MediaCodec.release](id:527800000010,api:3,p:21112,c:21112) detachBuffer: slot 47 is not owned by the producer (state = FREE)
2026-05-12 13:14:59.319 21112-21666 BufferQueueProducer     com.ram.tiktokclone.tiktok_clone     W  [MediaCodec.release](id:527800000010,api:3,p:21112,c:21112) detachBuffer: slot 48 is not owned by the producer (state = FREE)
2026-05-12 13:14:59.319 21112-21666 BufferQueueProducer     com.ram.tiktokclone.tiktok_clone     W  [MediaCodec.release](id:527800000010,api:3,p:21112,c:21112) detachBuffer: slot 49 is not owned by the producer (state = FREE)
2026-05-12 13:14:59.319 21112-21666 BufferQueueProducer     com.ram.tiktokclone.tiktok_clone     W  [MediaCodec.release](id:527800000010,api:3,p:21112,c:21112) detachBuffer: slot 50 is not owned by the producer (state = FREE)
2026-05-12 13:14:59.319 21112-21666 BufferQueueProducer     com.ram.tiktokclone.tiktok_clone     W  [MediaCodec.release](id:527800000010,api:3,p:21112,c:21112) detachBuffer: slot 51 is not owned by the producer (state = FREE)
2026-05-12 13:14:59.321 21112-21666 BufferQueueProducer     com.ram.tiktokclone.tiktok_clone     W  [MediaCodec.release](id:527800000010,api:3,p:21112,c:21112) detachBuffer: slot 52 is not owned by the producer (state = FREE)
2026-05-12 13:14:59.321 21112-21666 BufferQueueProducer     com.ram.tiktokclone.tiktok_clone     W  [MediaCodec.release](id:527800000010,api:3,p:21112,c:21112) detachBuffer: slot 53 is not owned by the producer (state = FREE)
2026-05-12 13:14:59.321 21112-21666 BufferQueueProducer     com.ram.tiktokclone.tiktok_clone     W  [MediaCodec.release](id:527800000010,api:3,p:21112,c:21112) detachBuffer: slot 54 is not owned by the producer (state = FREE)
2026-05-12 13:14:59.321 21112-21666 BufferQueueProducer     com.ram.tiktokclone.tiktok_clone     W  [MediaCodec.release](id:527800000010,api:3,p:21112,c:21112) detachBuffer: slot 55 is not owned by the producer (state = FREE)
2026-05-12 13:14:59.321 21112-21666 BufferQueueProducer     com.ram.tiktokclone.tiktok_clone     W  [MediaCodec.release](id:527800000010,api:3,p:21112,c:21112) detachBuffer: slot 56 is not owned by the producer (state = FREE)
2026-05-12 13:14:59.321 21112-21666 BufferQueueProducer     com.ram.tiktokclone.tiktok_clone     W  [MediaCodec.release](id:527800000010,api:3,p:21112,c:21112) detachBuffer: slot 57 is not owned by the producer (state = FREE)
2026-05-12 13:14:59.321 21112-21666 BufferQueueProducer     com.ram.tiktokclone.tiktok_clone     W  [MediaCodec.release](id:527800000010,api:3,p:21112,c:21112) detachBuffer: slot 58 is not owned by the producer (state = FREE)
2026-05-12 13:14:59.321 21112-21666 BufferQueueProducer     com.ram.tiktokclone.tiktok_clone     W  [MediaCodec.release](id:527800000010,api:3,p:21112,c:21112) detachBuffer: slot 59 is not owned by the producer (state = FREE)
2026-05-12 13:14:59.321 21112-21666 BufferQueueProducer     com.ram.tiktokclone.tiktok_clone     W  [MediaCodec.release](id:527800000010,api:3,p:21112,c:21112) detachBuffer: slot 60 is not owned by the producer (state = FREE)
2026-05-12 13:14:59.321 21112-21666 BufferQueueProducer     com.ram.tiktokclone.tiktok_clone     W  [MediaCodec.release](id:527800000010,api:3,p:21112,c:21112) detachBuffer: slot 61 is not owned by the producer (state = FREE)
2026-05-12 13:14:59.321 21112-21666 BufferQueueProducer     com.ram.tiktokclone.tiktok_clone     W  [MediaCodec.release](id:527800000010,api:3,p:21112,c:21112) detachBuffer: slot 62 is not owned by the producer (state = FREE)
2026-05-12 13:14:59.321 21112-21666 BufferQueueProducer     com.ram.tiktokclone.tiktok_clone     W  [MediaCodec.release](id:527800000010,api:3,p:21112,c:21112) detachBuffer: slot 63 is not owned by the producer (state = FREE)
2026-05-12 13:14:59.323 21112-21277 BufferPoolAccessor2.0   com.ram.tiktokclone.tiktok_clone     D  bufferpool2 0xb40000737c793e18 : 0(0 size) total buffers - 0(0 size) used buffers - 21/30 (recycle/alloc) - 10/27 (fetch/transfer)
2026-05-12 13:14:59.323 21112-21277 BufferPoolAccessor2.0   com.ram.tiktokclone.tiktok_clone     D  evictor expired: 1, evicted: 1
2026-05-12 13:14:59.327 21112-21112 ExoPlayerImpl           com.ram.tiktokclone.tiktok_clone     I  Init 419084f [AndroidXMedia3/1.9.2] [o1s, SM-G991N, samsung, 35]
2026-05-12 13:14:59.348 21112-21666 CCodec                  com.ram.tiktokclone.tiktok_clone     I  [c2.exynos.h264.decoder] state->set(RELEASED)
2026-05-12 13:14:59.348 21112-21542 SurfaceUtils            com.ram.tiktokclone.tiktok_clone     D  disconnecting from surface 0xb40000739c7dbd50, reason disconnectFromSurface
2026-05-12 13:14:59.348 21112-21542 MediaCodec              com.ram.tiktokclone.tiktok_clone     I  Codec shutdown complete
2026-05-12 13:14:59.350 21112-21543 CCodecBufferChannel     com.ram.tiktokclone.tiktok_clone     I  CCodecBufferChannel destructing c2.exynos.h264.decoder#767
2026-05-12 13:14:59.350 21112-21543 Codec2Client            com.ram.tiktokclone.tiktok_clone     I  Component destructing
2026-05-12 13:14:59.350 21112-21543 hw-BpHwBinder           com.ram.tiktokclone.tiktok_clone     I  onLastStrongRef automatically unlinking death recipients
2026-05-12 13:14:59.367 21112-21668 AudioManager            com.ram.tiktokclone.tiktok_clone     I  getParameters keys = offloadVariableRateSupported
2026-05-12 13:14:59.378 21112-21668 DMCodecAdapterFactory   com.ram.tiktokclone.tiktok_clone     I  Creating an asynchronous MediaCodec adapter for track type video
2026-05-12 13:14:59.379 21112-21671 CCodec                  com.ram.tiktokclone.tiktok_clone     I  state->set(ALLOCATING)
2026-05-12 13:14:59.379 21112-21672 CCodec                  com.ram.tiktokclone.tiktok_clone     I  allocate(c2.exynos.h264.decoder)
2026-05-12 13:14:59.380 21112-21672 CCodec                  com.ram.tiktokclone.tiktok_clone     I  setting up 'default' as default (vendor) store
2026-05-12 13:14:59.384 21112-21672 CCodec                  com.ram.tiktokclone.tiktok_clone     I  Created component [c2.exynos.h264.decoder]
2026-05-12 13:14:59.384 21112-21672 CCodec                  com.ram.tiktokclone.tiktok_clone     I  [c2.exynos.h264.decoder] state->set(ALLOCATED)
2026-05-12 13:14:59.384 21112-21672 CCodecConfig            com.ram.tiktokclone.tiktok_clone     D  read media type: video/avc
2026-05-12 13:14:59.387 21112-21672 ReflectedParamUpdater   com.ram.tiktokclone.tiktok_clone     D  extent() != 1 for single value type: output.subscribed-indices.values
2026-05-12 13:14:59.388 21112-21672 ReflectedParamUpdater   com.ram.tiktokclone.tiktok_clone     D  extent() != 1 for single value type: input.buffers.allocator-ids.values
2026-05-12 13:14:59.388 21112-21672 ReflectedParamUpdater   com.ram.tiktokclone.tiktok_clone     D  extent() != 1 for single value type: output.buffers.allocator-ids.values
2026-05-12 13:14:59.388 21112-21672 ReflectedParamUpdater   com.ram.tiktokclone.tiktok_clone     D  extent() != 1 for single value type: output.buffers.pool-ids.values
2026-05-12 13:14:59.392 21112-21672 ReflectedParamUpdater   com.ram.tiktokclone.tiktok_clone     D  ignored struct field coded.color-format.locations
2026-05-12 13:14:59.405 21112-21672 CCodecConfig            com.ram.tiktokclone.tiktok_clone     D  ignoring local param raw.size (0xd2001800) as it is already supported
2026-05-12 13:14:59.405 21112-21672 CCodecConfig            com.ram.tiktokclone.tiktok_clone     D  ignoring local param default.color (0x5200180b) as it is already supported
2026-05-12 13:14:59.405 21112-21672 ReflectedParamUpdater   com.ram.tiktokclone.tiktok_clone     D  ignored struct field raw.hdr-static-info.mastering
2026-05-12 13:14:59.406 21112-21672 CCodecConfig            com.ram.tiktokclone.tiktok_clone     I  query failed after returning 13 values (BAD_INDEX)
2026-05-12 13:14:59.407 21112-21672 CCodecConfig            com.ram.tiktokclone.tiktok_clone     D  c2 config diff is Dict {
                                                                                                      c2::i32 algo.priority.value = 0
                                                                                                      c2::float algo.rate.value = 0
                                                                                                      c2::u32 coded.pl.level = 20496
                                                                                                      c2::u32 coded.pl.profile = 20481
                                                                                                      c2::u32 coded.vui.color.matrix = 0
                                                                                                      c2::u32 coded.vui.color.primaries = 0
                                                                                                      c2::u32 coded.vui.color.range = 0
                                                                                                      c2::u32 coded.vui.color.transfer = 0
                                                                                                      c2::u32 default.color.matrix = 0
                                                                                                      c2::u32 default.color.primaries = 0
                                                                                                      c2::u32 default.color.range = 0
                                                                                                      c2::u32 default.color.transfer = 0
                                                                                                      c2::u32 input.buffers.max-size.value = 7340032
                                                                                                      string input.media-type.value = "video/avc"
                                                                                                      c2::u32 output.delay.value = 8
                                                                                                      string output.media-type.value = "video/raw"
                                                                                                      c2::u32 raw.color.matrix = 0
                                                                                                      c2::u32 raw.color.primaries = 0
                                                                                                      c2::u32 raw.color.range = 0
                                                                                                      c2::u32 raw.color.transfer = 0
                                                                                                      c2::u32 raw.max-size.height = 240
                                                                                                      c2::u32 raw.max-size.width = 320
                                                                                                      c2::u32 raw.pixel-format.value = 34
                                                                                                      c2::i32 raw.rotation.flip = 0
                                                                                                      c2::i32 raw.rotation.value = 0
                                                                                                      c2::u32 raw.sar.height = 1
                                                                                                      c2::u32 raw.sar.width = 1
                                                                                                      c2::u32 raw.size.height = 240
                                                                                                      
2026-05-12 13:14:59.407 21112-21672 ColorUtils              com.ram.tiktokclone.tiktok_clone     W  expected specified color aspects (0:0:0:0)
2026-05-12 13:14:59.412 21112-21671 MediaCodec              com.ram.tiktokclone.tiktok_clone     I  MediaCodec will operate in async mode
2026-05-12 13:14:59.414 21112-21671 SurfaceUtils            com.ram.tiktokclone.tiktok_clone     D  connecting to surface 0xb40000739c7fbc40, reason connectToSurface
2026-05-12 13:14:59.414 21112-21671 MediaCodec              com.ram.tiktokclone.tiktok_clone     I  [c2.exynos.h264.decoder] setting surface generation to 21618704
2026-05-12 13:14:59.414 21112-21671 SurfaceUtils            com.ram.tiktokclone.tiktok_clone     D  disconnecting from surface 0xb40000739c7fbc40, reason connectToSurface(reconnect)
2026-05-12 13:14:59.414 21112-21671 SurfaceUtils            com.ram.tiktokclone.tiktok_clone     D  connecting to surface 0xb40000739c7fbc30, reason connectToSurface(reconnect-with-listener)
2026-05-12 13:14:59.414 21112-21672 CCodec                  com.ram.tiktokclone.tiktok_clone     D  [c2.exynos.h264.decoder] buffers are bound to CCodec for this session
2026-05-12 13:14:59.414 21112-21672 CCodec                  com.ram.tiktokclone.tiktok_clone     I  appPid(21112) width(1920) height(1080)
2026-05-12 13:14:59.414 21112-21672 CCodecConfig            com.ram.tiktokclone.tiktok_clone     D  no c2 equivalents for log-session-id
2026-05-12 13:14:59.414 21112-21672 CCodecConfig            com.ram.tiktokclone.tiktok_clone     D  no c2 equivalents for importance
2026-05-12 13:14:59.414 21112-21672 CCodecConfig            com.ram.tiktokclone.tiktok_clone     D  no c2 equivalents for csd-1
2026-05-12 13:14:59.414 21112-21672 CCodecConfig            com.ram.tiktokclone.tiktok_clone     D  no c2 equivalents for native-window
2026-05-12 13:14:59.414 21112-21672 CCodecConfig            com.ram.tiktokclone.tiktok_clone     D  no c2 equivalents for native-window-generation
2026-05-12 13:14:59.414 21112-21672 CCodecConfig            com.ram.tiktokclone.tiktok_clone     D  no c2 equivalents for flags
2026-05-12 13:14:59.415 21112-21672 CCodecConfig            com.ram.tiktokclone.tiktok_clone     D  c2 config diff is   c2::u32 raw.max-size.height = 1080
                                                                                                      c2::u32 raw.max-size.width = 1920
                                                                                                      c2::u32 raw.size.height = 1080
                                                                                                      c2::u32 raw.size.width = 1920
2026-05-12 13:14:59.416 21112-21672 Codec2Client            com.ram.tiktokclone.tiktok_clone     W  query -- param skipped: index = 1107298332.
2026-05-12 13:14:59.416 21112-21672 CCodec                  com.ram.tiktokclone.tiktok_clone     D  client requested max input size 457957, which is smaller than what component recommended (7340032); overriding with component recommendation.
2026-05-12 13:14:59.416 21112-21672 CCodec                  com.ram.tiktokclone.tiktok_clone     W  This behavior is subject to change. It is recommended that app developers double check whether the requested max input size is in reasonable range.
2026-05-12 13:14:59.416 21112-21672 CCodec                  com.ram.tiktokclone.tiktok_clone     D  encoding statistics level = 0
2026-05-12 13:14:59.416 21112-21672 CCodec                  com.ram.tiktokclone.tiktok_clone     D  setup formats input: AMessage(what = 0x00000000) = {
                                                                                                      int32_t height = 1080
                                                                                                      int32_t level = 65536
                                                                                                      int32_t max-input-size = 7340032
