2026-05-12 13:15:05.979 21112-21741 BufferPoolAccessor2.0   com.ram.tiktokclone.tiktok_clone     D  bufferpool2 0xb40000737c80cda8 : 3(24576 size) total buffers - 1(8192 size) used buffers - 28/33 (recycle/alloc) - 5/32 (fetch/transfer)
2026-05-12 13:15:05.979 21112-21671 CCodecBufferChannel     com.ram.tiktokclone.tiktok_clone     D  [c2.exynos.h264.decoder#521] MediaCodec discarded an unknown buffer
2026-05-12 13:15:05.979 21112-21671 CCodecBufferChannel     com.ram.tiktokclone.tiktok_clone     D  [c2.exynos.h264.decoder#521] MediaCodec discarded an unknown buffer
2026-05-12 13:15:05.981 21112-21685 CCodec                  com.ram.tiktokclone.tiktok_clone     I  [c2.android.aac.decoder] state->set(RELEASING)
2026-05-12 13:15:05.981 21112-21685 CCodecBufferChannel     com.ram.tiktokclone.tiktok_clone     D  [c2.android.aac.decoder#162] MediaCodec discarded an unknown buffer
2026-05-12 13:15:05.981 21112-21685 CCodecBufferChannel     com.ram.tiktokclone.tiktok_clone     D  [c2.android.aac.decoder#162] MediaCodec discarded an unknown buffer
2026-05-12 13:15:05.981 21112-21685 CCodecBufferChannel     com.ram.tiktokclone.tiktok_clone     D  [c2.android.aac.decoder#162] MediaCodec discarded an unknown buffer
2026-05-12 13:15:05.982 21112-21685 CCodecBufferChannel     com.ram.tiktokclone.tiktok_clone     D  [c2.android.aac.decoder#162] MediaCodec discarded an unknown buffer
2026-05-12 13:15:05.982 21112-21881 Codec2Client            com.ram.tiktokclone.tiktok_clone     W  query -- param skipped: index = 1073743886.
2026-05-12 13:15:05.982 21112-21881 Codec2Client            com.ram.tiktokclone.tiktok_clone     W  query -- param skipped: index = 1610614798.
2026-05-12 13:15:05.982 21112-21881 Codec2Client            com.ram.tiktokclone.tiktok_clone     W  query -- param skipped: index = 1610614821.
2026-05-12 13:15:05.982 21112-21881 Codec2Client            com.ram.tiktokclone.tiktok_clone     W  query -- param skipped: index = 2684356609.
2026-05-12 13:15:05.983 21112-21896 CCodec                  com.ram.tiktokclone.tiktok_clone     I  [release][3306] surface -> component
2026-05-12 13:15:05.983 21112-21881 BufferPoolAccessor2.0   com.ram.tiktokclone.tiktok_clone     D  bufferpool2 0xb40000737c834be8 : 5(36700160 size) total buffers - 4(29360128 size) used buffers - 23/30 (recycle/alloc) - 11/30 (fetch/transfer)
2026-05-12 13:15:05.983 21112-21881 BufferPoolAccessor2.0   com.ram.tiktokclone.tiktok_clone     D  bufferpool2 0xb40000737c844358 : 4(32768 size) total buffers - 0(0 size) used buffers - 27/37 (recycle/alloc) - 15/37 (fetch/transfer)
2026-05-12 13:15:05.983 21112-21881 CCodecBufferChannel     com.ram.tiktokclone.tiktok_clone     D  [c2.exynos.h264.decoder#894] Created input block pool with allocatorID 19 => poolID 39 - OK (0)
2026-05-12 13:15:05.983 21112-21881 CCodecBufferChannel     com.ram.tiktokclone.tiktok_clone     I  [c2.exynos.h264.decoder#894] start: max output delay 15
2026-05-12 13:15:05.985 21112-21896 CCodec                  com.ram.tiktokclone.tiktok_clone     I  [c2.android.aac.decoder] state->set(RELEASED)
2026-05-12 13:15:05.985 21112-21890 BufferQueueProducer     com.ram.tiktokclone.tiktok_clone     W  [MediaCodec.release](id:527800000019,api:3,p:21112,c:21112) detachBuffer: slot 11 is not owned by the producer (state = FREE)
2026-05-12 13:15:05.985 21112-21890 BufferQueueProducer     com.ram.tiktokclone.tiktok_clone     W  [MediaCodec.release](id:527800000019,api:3,p:21112,c:21112) detachBuffer: slot 12 is not owned by the producer (state = FREE)
2026-05-12 13:15:05.985 21112-21890 BufferQueueProducer     com.ram.tiktokclone.tiktok_clone     W  [MediaCodec.release](id:527800000019,api:3,p:21112,c:21112) detachBuffer: slot 13 is not owned by the producer (state = FREE)
2026-05-12 13:15:05.986 21112-21890 BufferQueueProducer     com.ram.tiktokclone.tiktok_clone     W  [MediaCodec.release](id:527800000019,api:3,p:21112,c:21112) detachBuffer: slot 14 is not owned by the producer (state = FREE)
2026-05-12 13:15:05.986 21112-21890 BufferQueueProducer     com.ram.tiktokclone.tiktok_clone     W  [MediaCodec.release](id:527800000019,api:3,p:21112,c:21112) detachBuffer: slot 15 is not owned by the producer (state = FREE)
2026-05-12 13:15:05.986 21112-21890 BufferQueueProducer     com.ram.tiktokclone.tiktok_clone     W  [MediaCodec.release](id:527800000019,api:3,p:21112,c:21112) detachBuffer: slot 16 is not owned by the producer (state = FREE)
2026-05-12 13:15:05.986 21112-21890 BufferQueueProducer     com.ram.tiktokclone.tiktok_clone     W  [MediaCodec.release](id:527800000019,api:3,p:21112,c:21112) detachBuffer: slot 17 is not owned by the producer (state = FREE)
2026-05-12 13:15:05.986 21112-21890 BufferQueueProducer     com.ram.tiktokclone.tiktok_clone     W  [MediaCodec.release](id:527800000019,api:3,p:21112,c:21112) detachBuffer: slot 18 is not owned by the producer (state = FREE)
2026-05-12 13:15:05.986 21112-21890 BufferQueueProducer     com.ram.tiktokclone.tiktok_clone     W  [MediaCodec.release](id:527800000019,api:3,p:21112,c:21112) detachBuffer: slot 19 is not owned by the producer (state = FREE)
2026-05-12 13:15:05.986 21112-21890 BufferQueueProducer     com.ram.tiktokclone.tiktok_clone     W  [MediaCodec.release](id:527800000019,api:3,p:21112,c:21112) detachBuffer: slot 20 is not owned by the producer (state = FREE)
2026-05-12 13:15:05.987 21112-21890 BufferQueueProducer     com.ram.tiktokclone.tiktok_clone     W  [MediaCodec.release](id:527800000019,api:3,p:21112,c:21112) detachBuffer: slot 21 is not owned by the producer (state = FREE)
2026-05-12 13:15:05.987 21112-21890 BufferQueueProducer     com.ram.tiktokclone.tiktok_clone     W  [MediaCodec.release](id:527800000019,api:3,p:21112,c:21112) detachBuffer: slot 22 is not owned by the producer (state = FREE)
2026-05-12 13:15:05.987 21112-21890 BufferQueueProducer     com.ram.tiktokclone.tiktok_clone     W  [MediaCodec.release](id:527800000019,api:3,p:21112,c:21112) detachBuffer: slot 23 is not owned by the producer (state = FREE)
2026-05-12 13:15:05.987 21112-21890 BufferQueueProducer     com.ram.tiktokclone.tiktok_clone     W  [MediaCodec.release](id:527800000019,api:3,p:21112,c:21112) detachBuffer: slot 24 is not owned by the producer (state = FREE)
2026-05-12 13:15:05.987 21112-21890 BufferQueueProducer     com.ram.tiktokclone.tiktok_clone     W  [MediaCodec.release](id:527800000019,api:3,p:21112,c:21112) detachBuffer: slot 25 is not owned by the producer (state = FREE)
2026-05-12 13:15:05.987 21112-21890 BufferQueueProducer     com.ram.tiktokclone.tiktok_clone     W  [MediaCodec.release](id:527800000019,api:3,p:21112,c:21112) detachBuffer: slot 26 is not owned by the producer (state = FREE)
2026-05-12 13:15:05.987 21112-21890 BufferQueueProducer     com.ram.tiktokclone.tiktok_clone     W  [MediaCodec.release](id:527800000019,api:3,p:21112,c:21112) detachBuffer: slot 27 is not owned by the producer (state = FREE)
2026-05-12 13:15:05.987 21112-21890 BufferQueueProducer     com.ram.tiktokclone.tiktok_clone     W  [MediaCodec.release](id:527800000019,api:3,p:21112,c:21112) detachBuffer: slot 28 is not owned by the producer (state = FREE)
2026-05-12 13:15:05.987 21112-21890 BufferQueueProducer     com.ram.tiktokclone.tiktok_clone     W  [MediaCodec.release](id:527800000019,api:3,p:21112,c:21112) detachBuffer: slot 29 is not owned by the producer (state = FREE)
2026-05-12 13:15:05.987 21112-21890 BufferQueueProducer     com.ram.tiktokclone.tiktok_clone     W  [MediaCodec.release](id:527800000019,api:3,p:21112,c:21112) detachBuffer: slot 30 is not owned by the producer (state = FREE)
2026-05-12 13:15:05.987 21112-21881 CCodecBufferChannel     com.ram.tiktokclone.tiktok_clone     I  [c2.exynos.h264.decoder#894] Created output block pool with allocatorID 18 => poolID 443 - OK
2026-05-12 13:15:05.988 21112-21881 CCodecBufferChannel     com.ram.tiktokclone.tiktok_clone     D  [c2.exynos.h264.decoder#894] Configured output block pool ids 443 => OK
2026-05-12 13:15:05.988 21112-21881 Codec2-Out...ufferQueue com.ram.tiktokclone.tiktok_clone     D  remote graphic buffer migration 0/0
2026-05-12 13:15:05.988 21112-21881 Codec2Client            com.ram.tiktokclone.tiktok_clone     D  setOutputSurface -- failed to set consumer usage (6/BAD_INDEX)
2026-05-12 13:15:05.988 21112-21881 Codec2Client            com.ram.tiktokclone.tiktok_clone     D  setOutputSurface -- generation=21618712 consumer usage=0x900
2026-05-12 13:15:05.988 21112-21890 BufferQueueProducer     com.ram.tiktokclone.tiktok_clone     W  [MediaCodec.release](id:527800000019,api:3,p:21112,c:21112) detachBuffer: slot 31 is not owned by the producer (state = FREE)
2026-05-12 13:15:05.988 21112-21890 BufferQueueProducer     com.ram.tiktokclone.tiktok_clone     W  [MediaCodec.release](id:527800000019,api:3,p:21112,c:21112) detachBuffer: slot 32 is not owned by the producer (state = FREE)
2026-05-12 13:15:05.988 21112-21890 BufferQueueProducer     com.ram.tiktokclone.tiktok_clone     W  [MediaCodec.release](id:527800000019,api:3,p:21112,c:21112) detachBuffer: slot 33 is not owned by the producer (state = FREE)
2026-05-12 13:15:05.988 21112-21890 BufferQueueProducer     com.ram.tiktokclone.tiktok_clone     W  [MediaCodec.release](id:527800000019,api:3,p:21112,c:21112) detachBuffer: slot 34 is not owned by the producer (state = FREE)
2026-05-12 13:15:05.988 21112-21890 BufferQueueProducer     com.ram.tiktokclone.tiktok_clone     W  [MediaCodec.release](id:527800000019,api:3,p:21112,c:21112) detachBuffer: slot 35 is not owned by the producer (state = FREE)
2026-05-12 13:15:05.988 21112-21890 BufferQueueProducer     com.ram.tiktokclone.tiktok_clone     W  [MediaCodec.release](id:527800000019,api:3,p:21112,c:21112) detachBuffer: slot 36 is not owned by the producer (state = FREE)
2026-05-12 13:15:05.988 21112-21890 BufferQueueProducer     com.ram.tiktokclone.tiktok_clone     W  [MediaCodec.release](id:527800000019,api:3,p:21112,c:21112) detachBuffer: slot 37 is not owned by the producer (state = FREE)
2026-05-12 13:15:05.988 21112-21890 BufferQueueProducer     com.ram.tiktokclone.tiktok_clone     W  [MediaCodec.release](id:527800000019,api:3,p:21112,c:21112) detachBuffer: slot 38 is not owned by the producer (state = FREE)
2026-05-12 13:15:05.988 21112-21890 BufferQueueProducer     com.ram.tiktokclone.tiktok_clone     W  [MediaCodec.release](id:527800000019,api:3,p:21112,c:21112) detachBuffer: slot 39 is not owned by the producer (state = FREE)
2026-05-12 13:15:05.989 21112-21890 BufferQueueProducer     com.ram.tiktokclone.tiktok_clone     W  [MediaCodec.release](id:527800000019,api:3,p:21112,c:21112) detachBuffer: slot 40 is not owned by the producer (state = FREE)
2026-05-12 13:15:05.989 21112-21890 BufferQueueProducer     com.ram.tiktokclone.tiktok_clone     W  [MediaCodec.release](id:527800000019,api:3,p:21112,c:21112) detachBuffer: slot 41 is not owned by the producer (state = FREE)
2026-05-12 13:15:05.989 21112-21685 MediaCodec              com.ram.tiktokclone.tiktok_clone     I  Codec shutdown complete
2026-05-12 13:15:05.989 21112-21890 BufferQueueProducer     com.ram.tiktokclone.tiktok_clone     W  [MediaCodec.release](id:527800000019,api:3,p:21112,c:21112) detachBuffer: slot 42 is not owned by the producer (state = FREE)
2026-05-12 13:15:05.989 21112-21890 BufferQueueProducer     com.ram.tiktokclone.tiktok_clone     W  [MediaCodec.release](id:527800000019,api:3,p:21112,c:21112) detachBuffer: slot 43 is not owned by the producer (state = FREE)
2026-05-12 13:15:05.989 21112-21890 BufferQueueProducer     com.ram.tiktokclone.tiktok_clone     W  [MediaCodec.release](id:527800000019,api:3,p:21112,c:21112) detachBuffer: slot 44 is not owned by the producer (state = FREE)
2026-05-12 13:15:05.989 21112-21890 BufferQueueProducer     com.ram.tiktokclone.tiktok_clone     W  [MediaCodec.release](id:527800000019,api:3,p:21112,c:21112) detachBuffer: slot 45 is not owned by the producer (state = FREE)
2026-05-12 13:15:05.990 21112-21890 BufferQueueProducer     com.ram.tiktokclone.tiktok_clone     W  [MediaCodec.release](id:527800000019,api:3,p:21112,c:21112) detachBuffer: slot 46 is not owned by the producer (state = FREE)
2026-05-12 13:15:05.990 21112-21890 BufferQueueProducer     com.ram.tiktokclone.tiktok_clone     W  [MediaCodec.release](id:527800000019,api:3,p:21112,c:21112) detachBuffer: slot 47 is not owned by the producer (state = FREE)
2026-05-12 13:15:05.991 21112-21890 BufferQueueProducer     com.ram.tiktokclone.tiktok_clone     W  [MediaCodec.release](id:527800000019,api:3,p:21112,c:21112) detachBuffer: slot 48 is not owned by the producer (state = FREE)
2026-05-12 13:15:05.991 21112-21881 Codec2Client            com.ram.tiktokclone.tiktok_clone     D  Surface configure completed
2026-05-12 13:15:05.991 21112-21881 CCodec                  com.ram.tiktokclone.tiktok_clone     I  [c2.exynos.h264.decoder] state->set(RUNNING)
2026-05-12 13:15:05.991 21112-21890 BufferQueueProducer     com.ram.tiktokclone.tiktok_clone     W  [MediaCodec.release](id:527800000019,api:3,p:21112,c:21112) detachBuffer: slot 49 is not owned by the producer (state = FREE)
2026-05-12 13:15:05.991 21112-21890 BufferQueueProducer     com.ram.tiktokclone.tiktok_clone     W  [MediaCodec.release](id:527800000019,api:3,p:21112,c:21112) detachBuffer: slot 50 is not owned by the producer (state = FREE)
2026-05-12 13:15:05.991 21112-21685 CCodecBufferChannel     com.ram.tiktokclone.tiktok_clone     I  CCodecBufferChannel destructing c2.android.aac.decoder#162
2026-05-12 13:15:05.991 21112-21685 Codec2Client            com.ram.tiktokclone.tiktok_clone     I  Component destructing
2026-05-12 13:15:05.991 21112-21890 BufferQueueProducer     com.ram.tiktokclone.tiktok_clone     W  [MediaCodec.release](id:527800000019,api:3,p:21112,c:21112) detachBuffer: slot 51 is not owned by the producer (state = FREE)
2026-05-12 13:15:05.991 21112-21685 hw-BpHwBinder           com.ram.tiktokclone.tiktok_clone     I  onLastStrongRef automatically unlinking death recipients
2026-05-12 13:15:05.991 21112-21890 BufferQueueProducer     com.ram.tiktokclone.tiktok_clone     W  [MediaCodec.release](id:527800000019,api:3,p:21112,c:21112) detachBuffer: slot 52 is not owned by the producer (state = FREE)
2026-05-12 13:15:05.991 21112-21890 BufferQueueProducer     com.ram.tiktokclone.tiktok_clone     W  [MediaCodec.release](id:527800000019,api:3,p:21112,c:21112) detachBuffer: slot 53 is not owned by the producer (state = FREE)
2026-05-12 13:15:05.991 21112-21890 BufferQueueProducer     com.ram.tiktokclone.tiktok_clone     W  [MediaCodec.release](id:527800000019,api:3,p:21112,c:21112) detachBuffer: slot 54 is not owned by the producer (state = FREE)
2026-05-12 13:15:05.991 21112-21890 BufferQueueProducer     com.ram.tiktokclone.tiktok_clone     W  [MediaCodec.release](id:527800000019,api:3,p:21112,c:21112) detachBuffer: slot 55 is not owned by the producer (state = FREE)
2026-05-12 13:15:05.991 21112-21890 BufferQueueProducer     com.ram.tiktokclone.tiktok_clone     W  [MediaCodec.release](id:527800000019,api:3,p:21112,c:21112) detachBuffer: slot 56 is not owned by the producer (state = FREE)
2026-05-12 13:15:05.991 21112-21890 BufferQueueProducer     com.ram.tiktokclone.tiktok_clone     W  [MediaCodec.release](id:527800000019,api:3,p:21112,c:21112) detachBuffer: slot 57 is not owned by the producer (state = FREE)
2026-05-12 13:15:05.991 21112-21890 BufferQueueProducer     com.ram.tiktokclone.tiktok_clone     W  [MediaCodec.release](id:527800000019,api:3,p:21112,c:21112) detachBuffer: slot 58 is not owned by the producer (state = FREE)
2026-05-12 13:15:05.991 21112-21890 BufferQueueProducer     com.ram.tiktokclone.tiktok_clone     W  [MediaCodec.release](id:527800000019,api:3,p:21112,c:21112) detachBuffer: slot 59 is not owned by the producer (state = FREE)
2026-05-12 13:15:05.991 21112-21890 BufferQueueProducer     com.ram.tiktokclone.tiktok_clone     W  [MediaCodec.release](id:527800000019,api:3,p:21112,c:21112) detachBuffer: slot 60 is not owned by the producer (state = FREE)
2026-05-12 13:15:05.992 21112-21890 BufferQueueProducer     com.ram.tiktokclone.tiktok_clone     W  [MediaCodec.release](id:527800000019,api:3,p:21112,c:21112) detachBuffer: slot 61 is not owned by the producer (state = FREE)
2026-05-12 13:15:05.992 21112-21890 BufferQueueProducer     com.ram.tiktokclone.tiktok_clone     W  [MediaCodec.release](id:527800000019,api:3,p:21112,c:21112) detachBuffer: slot 62 is not owned by the producer (state = FREE)
2026-05-12 13:15:05.992 21112-21890 BufferQueueProducer     com.ram.tiktokclone.tiktok_clone     W  [MediaCodec.release](id:527800000019,api:3,p:21112,c:21112) detachBuffer: slot 63 is not owned by the producer (state = FREE)
2026-05-12 13:15:05.995 21112-21881 CCodecBufferChannel     com.ram.tiktokclone.tiktok_clone     I  [c2.exynos.h264.decoder#894] 4 initial input buffers available
2026-05-12 13:15:06.000 21112-21278 BufferPoolAccessor2.0   com.ram.tiktokclone.tiktok_clone     D  Destruction - bufferpool2 0xb40000737c7df538 cached: 0/0M, 0/0% in use; allocs: 73, 85% recycled; transfers: 68, 84% unfetched
2026-05-12 13:15:06.000 21112-21278 BufferPoolAccessor2.0   com.ram.tiktokclone.tiktok_clone     D  Destruction - bufferpool2 0xb40000737c85cc78 cached: 0/0M, 0/0% in use; allocs: 37, 68% recycled; transfers: 34, 71% unfetched
2026-05-12 13:15:06.000 21112-21278 BufferPoolAccessor2.0   com.ram.tiktokclone.tiktok_clone     D  Destruction - bufferpool2 0xb40000737c7ea2a8 cached: 0/0M, 0/0% in use; allocs: 36, 72% recycled; transfers: 34, 74% unfetched
2026-05-12 13:15:06.001 21112-21278 BufferPoolAccessor2.0   com.ram.tiktokclone.tiktok_clone     D  Destruction - bufferpool2 0xb40000737c865e28 cached: 0/0M, 0/0% in use; allocs: 39, 72% recycled; transfers: 35, 69% unfetched
2026-05-12 13:15:06.001 21112-21880 MediaCodec              com.ram.tiktokclone.tiktok_clone     I  setCodecState state(0), called in 6, domain 1, 1
2026-05-12 13:15:06.016 21112-21890 CCodec                  com.ram.tiktokclone.tiktok_clone     I  [c2.exynos.h264.decoder] state->set(RELEASED)
2026-05-12 13:15:06.016 21112-21671 SurfaceUtils            com.ram.tiktokclone.tiktok_clone     D  disconnecting from surface 0xb40000739c7eabc0, reason disconnectFromSurface
2026-05-12 13:15:06.016 21112-21671 MediaCodec              com.ram.tiktokclone.tiktok_clone     I  Codec shutdown complete
2026-05-12 13:15:06.018 21112-21671 CCodecBufferChannel     com.ram.tiktokclone.tiktok_clone     I  CCodecBufferChannel destructing c2.exynos.h264.decoder#521
2026-05-12 13:15:06.018 21112-21671 Codec2Client            com.ram.tiktokclone.tiktok_clone     I  Component destructing
2026-05-12 13:15:06.018 21112-21671 hw-BpHwBinder           com.ram.tiktokclone.tiktok_clone     I  onLastStrongRef automatically unlinking death recipients
2026-05-12 13:15:06.019 21112-21881 CCodecConfig            com.ram.tiktokclone.tiktok_clone     D  c2 config diff is   c2::u32 output.delay.value = 16
2026-05-12 13:15:06.020 21112-21881 CCodecBufferChannel     com.ram.tiktokclone.tiktok_clone     I  [c2.exynos.h264.decoder#894] updating max output delay 23
2026-05-12 13:15:06.020 21112-21881 Codec2-Out...ufferQueue com.ram.tiktokclone.tiktok_clone     D  set max dequeue count 23 from update
2026-05-12 13:15:06.030 21112-21278 CCodecBufferChannel     com.ram.tiktokclone.tiktok_clone     D  [c2.exynos.h264.decoder#894] Ignoring stale input buffer done callback: last flush index = 0, frameIndex = 0
2026-05-12 13:15:06.035 21112-21881 CCodecBufferChannel     com.ram.tiktokclone.tiktok_clone     I  [c2.exynos.h264.decoder#894] updating max output delay 23
2026-05-12 13:15:06.035 21112-21881 Codec2-Out...ufferQueue com.ram.tiktokclone.tiktok_clone     D  set max dequeue count 23 from update
2026-05-12 13:15:06.036 21112-21881 CCodecBufferChannel     com.ram.tiktokclone.tiktok_clone     I  [c2.exynos.h264.decoder#894] updating max output delay 23
2026-05-12 13:15:06.036 21112-21881 Codec2-Out...ufferQueue com.ram.tiktokclone.tiktok_clone     D  set max dequeue count 23 from update
2026-05-12 13:15:06.044 21112-21881 CCodecConfig            com.ram.tiktokclone.tiktok_clone     D  c2 config diff is   c2::u32 raw.crop.height = 720
                                                                                                      c2::u32 raw.crop.left = 0
                                                                                                      c2::u32 raw.crop.top = 0
                                                                                                      c2::u32 raw.crop.width = 1280
2026-05-12 13:15:06.053 21112-21880 MediaCodec              com.ram.tiktokclone.tiktok_clone     I  setCodecState state(1), called in 6, domain 1, 1
2026-05-12 13:15:06.058 21112-21112 flutter                 com.ram.tiktokclone.tiktok_clone     I  [JANK] ensure init idx=13=156664μs
2026-05-12 13:15:06.066  1566-2871  MediaFocusControl       system_server                        I  requestAudioFocus() from uid/pid 10352/21112 AA=USAGE_MEDIA/CONTENT_TYPE_MOVIE clientId=android.media.AudioManager@aa5c43candroidx.media3.common.audio.AudioFocusManager$$ExternalSyntheticLambda0@35d99f3 callingPack=com.ram.tiktokclone.tiktok_clone req=1 flags=0x0 sdk=36
2026-05-12 13:15:06.068 21112-21704 AudioManager            com.ram.tiktokclone.tiktok_clone     D  dispatching onAudioFocusChange(-1) to android.media.AudioManager@aa5c43candroidx.media3.common.audio.AudioFocusManager$$ExternalSyntheticLambda0@9cc4a86
2026-05-12 13:15:06.069  1566-2864  MediaFocusControl       system_server                        I  abandonAudioFocus() from uid/pid 10352/21112 clientId=android.media.AudioManager@aa5c43candroidx.media3.common.audio.AudioFocusManager$$ExternalSyntheticLambda0@9cc4a86 callingPack=com.ram.tiktokclone.tiktok_clone
2026-05-12 13:15:06.074  2760-3439  SoundCraft...ionHandler com.android.systemui                 D  onPlaybackConfigChanged : lastStartedPackageName=com.ram.tiktokclone.tiktok_clone, lastStartedUid=10352, newStartedUid=-1, newStartPackageName=null, thread=Thread[RoutineHandlerThread,5,main]
2026-05-12 13:15:06.152 21112-21112 flutter                 com.ram.tiktokclone.tiktok_clone     I  [JANK] warm-up done idx=13
2026-05-12 13:15:06.152 21112-21880 CCodec                  com.ram.tiktokclone.tiktok_clone     I  [c2.exynos.h264.decoder] state->set(FLUSHING)
2026-05-12 13:15:06.153 21112-21881 CCodec                  com.ram.tiktokclone.tiktok_clone     I  [c2.exynos.h264.decoder] state->set(FLUSHED)
2026-05-12 13:15:06.153 21112-21880 CCodecBufferChannel     com.ram.tiktokclone.tiktok_clone     D  [c2.exynos.h264.decoder#894] MediaCodec discarded an unknown buffer
2026-05-12 13:15:06.153 21112-21278 CCodecBufferChannel     com.ram.tiktokclone.tiktok_clone     D  [c2.exynos.h264.decoder#894] Ignoring stale input buffer done callback: last flush index = 27, frameIndex = 25
2026-05-12 13:15:06.153 21112-21278 PipelineWatcher         com.ram.tiktokclone.tiktok_clone     D  onInputBufferReleased: frameIndex not found (26); ignored
2026-05-12 13:15:06.153 21112-21278 CCodecBufferChannel     com.ram.tiktokclone.tiktok_clone     D  [c2.exynos.h264.decoder#894] Ignoring stale input buffer done callback: last flush index = 27, frameIndex = 26
2026-05-12 13:15:06.153 21112-21881 CCodecBufferChannel     com.ram.tiktokclone.tiktok_clone     D  [c2.exynos.h264.decoder#894] Discard frames from previous generation.
2026-05-12 13:15:06.154 21112-21881 CCodecBufferChannel     com.ram.tiktokclone.tiktok_clone     D  [c2.exynos.h264.decoder#894] Discard frames from previous generation.
2026-05-12 13:15:06.155 21112-21876 MediaCodec              com.ram.tiktokclone.tiktok_clone     D  keep callback message for reclaim
2026-05-12 13:15:06.155 21112-21880 CCodec                  com.ram.tiktokclone.tiktok_clone     I  [c2.exynos.h264.decoder] state->set(RESUMING)
2026-05-12 13:15:06.155 21112-21880 CCodecConfig            com.ram.tiktokclone.tiktok_clone     I  query failed after returning 14 values (BAD_INDEX)
2026-05-12 13:15:06.158 21112-21880 CCodecBufferChannel     com.ram.tiktokclone.tiktok_clone     I  [c2.exynos.h264.decoder#894] 4 initial input buffers available
2026-05-12 13:15:06.158 21112-21880 Codec2Client            com.ram.tiktokclone.tiktok_clone     W  query -- param skipped: index = 1073743886.
2026-05-12 13:15:06.158 21112-21880 Codec2Client            com.ram.tiktokclone.tiktok_clone     W  query -- param skipped: index = 1610614798.
2026-05-12 13:15:06.158 21112-21880 Codec2Client            com.ram.tiktokclone.tiktok_clone     W  query -- param skipped: index = 1610614821.
2026-05-12 13:15:06.158 21112-21880 CCodec                  com.ram.tiktokclone.tiktok_clone     I  [c2.exynos.h264.decoder] state->set(RUNNING)
2026-05-12 13:15:06.174 21112-21278 CCodecBufferChannel     com.ram.tiktokclone.tiktok_clone     D  [c2.exynos.h264.decoder#894] Ignoring stale input buffer done callback: last flush index = 27, frameIndex = 27
2026-05-12 13:15:06.324 21112-21277 BufferPoolAccessor2.0   com.ram.tiktokclone.tiktok_clone     D  bufferpool2 0xb40000737c82e188 : 0(0 size) total buffers - 0(0 size) used buffers - 34/49 (recycle/alloc) - 21/44 (fetch/transfer)
2026-05-12 13:15:06.324 21112-21277 BufferPoolAccessor2.0   com.ram.tiktokclone.tiktok_clone     D  evictor expired: 3, evicted: 1
2026-05-12 13:15:06.325 21112-21112 flutter                 com.ram.tiktokclone.tiktok_clone     I  [JANK] evict idx=12 dispose=19μs
2026-05-12 13:15:06.325 21112-21112 flutter                 com.ram.tiktokclone.tiktok_clone     I  [JANK] evict idx=13 dispose=5μs
2026-05-12 13:15:06.326 21112-21112 flutter                 com.ram.tiktokclone.tiktok_clone     I  [JANK] syncPool TOTAL=1775μs evict=2 keep=4 pool=2
2026-05-12 13:15:06.327 21112-21112 flutter                 com.ram.tiktokclone.tiktok_clone     I  [JANK] onPageChanged idx=10 total=2366μs
2026-05-12 13:15:06.327 21112-21112 flutter                 com.ram.tiktokclone.tiktok_clone     I  [JANK] ensure peek idx=8=1158μs hit=true
2026-05-12 13:15:06.327 21112-21112 flutter                 com.ram.tiktokclone.tiktok_clone     I  [JANK] ensure peek idx=9=1388μs hit=true
2026-05-12 13:15:06.333 21112-21703 AudioTrack              com.ram.tiktokclone.tiktok_clone     D  setVolume(1.000000, 1.000000) pid : 21112
2026-05-12 13:15:06.334  1566-2864  MediaFocusControl       system_server                        I  requestAudioFocus() from uid/pid 10352/21112 AA=USAGE_MEDIA/CONTENT_TYPE_MOVIE clientId=android.media.AudioManager@aa5c43candroidx.media3.common.audio.AudioFocusManager$$ExternalSyntheticLambda0@75c365f callingPack=com.ram.tiktokclone.tiktok_clone req=1 flags=0x0 sdk=36
2026-05-12 13:15:06.335 21112-21876 AudioManager            com.ram.tiktokclone.tiktok_clone     D  dispatching onAudioFocusChange(-1) to android.media.AudioManager@aa5c43candroidx.media3.common.audio.AudioFocusManager$$ExternalSyntheticLambda0@35d99f3
2026-05-12 13:15:06.337 21112-21704 AudioTrack              com.ram.tiktokclone.tiktok_clone     D  setVolume(0.000000, 0.000000) pid : 21112
2026-05-12 13:15:06.337 21112-21112 ExoPlayerImpl           com.ram.tiktokclone.tiktok_clone     I  Init 9b9ade [AndroidXMedia3/1.9.2] [o1s, SM-G991N, samsung, 35]
2026-05-12 13:15:06.337  1566-2871  MediaFocusControl       system_server                        I  abandonAudioFocus() from uid/pid 10352/21112 clientId=android.media.AudioManager@aa5c43candroidx.media3.common.audio.AudioFocusManager$$ExternalSyntheticLambda0@35d99f3 callingPack=com.ram.tiktokclone.tiktok_clone
2026-05-12 13:15:06.338  2760-3439  SoundCraft...ionHandler com.android.systemui                 D  onPlaybackConfigChanged : lastStartedPackageName=null, lastStartedUid=-1, newStartedUid=10352, newStartPackageName=com.ram.tiktokclone.tiktok_clone, thread=Thread[RoutineHandlerThread,5,main]
2026-05-12 13:15:06.340 21112-21703 AudioTrack              com.ram.tiktokclone.tiktok_clone     D  getTimestamp_l(725): device stall time corrected using current time 294494972050358
2026-05-12 13:15:06.341 21112-21711 MediaCodec              com.ram.tiktokclone.tiktok_clone     I  setCodecState state(1), called in 6, domain 1, 1
2026-05-12 13:15:06.343  1566-2883  SGM:GameManager         system_server                        D  identifyGamePackage. com.ram.tiktokclone.tiktok_clone, mCurrentUserId: 0, callerUserId: 0, callingMethodInfo: com.samsung.android.game.IGameManagerService$Stub.onTransact(IGameManagerService.java:228)
2026-05-12 13:15:06.344 21112-21112 ExoPlayerImpl           com.ram.tiktokclone.tiktok_clone     I  Init 4208cb7 [AndroidXMedia3/1.9.2] [o1s, SM-G991N, samsung, 35]
2026-05-12 13:15:06.345  2760-3439  SGM:SemGameManager      com.android.systemui                 D  isGamePackage(), pkgName=com.ram.tiktokclone.tiktok_clone, ret=false
2026-05-12 13:15:06.346  2760-3439  SoundCraft...ionHandler com.android.systemui                 D  onPlaybackConfigChanged : lastStartedPackageName=com.ram.tiktokclone.tiktok_clone, lastStartedUid=10352, newStartedUid=10352, newStartPackageName=com.ram.tiktokclone.tiktok_clone, thread=Thread[RoutineHandlerThread,5,main]
2026-05-12 13:15:06.352 21112-21112 ExoPlayerImpl           com.ram.tiktokclone.tiktok_clone     I  Release 4c24966 [AndroidXMedia3/1.9.2] [o1s, SM-G991N, samsung, 35] [media3.common, media3.exoplayer, media3.decoder, media3.datasource, media3.extractor]
2026-05-12 13:15:06.352 21112-21798 CCodec                  com.ram.tiktokclone.tiktok_clone     I  [c2.exynos.h264.decoder] state->set(FLUSHING)
2026-05-12 13:15:06.353 21112-21799 CCodec                  com.ram.tiktokclone.tiktok_clone     I  [c2.exynos.h264.decoder] state->set(FLUSHED)
2026-05-12 13:15:06.354 21112-21798 CCodecBufferChannel     com.ram.tiktokclone.tiktok_clone     D  [c2.exynos.h264.decoder#181] MediaCodec discarded an unknown buffer
2026-05-12 13:15:06.355 21112-21798 CCodecBufferChannel     com.ram.tiktokclone.tiktok_clone     D  [c2.exynos.h264.decoder#181] MediaCodec discarded an unknown buffer
2026-05-12 13:15:06.358 21112-21794 MediaCodec              com.ram.tiktokclone.tiktok_clone     D  keep callback message for reclaim
2026-05-12 13:15:06.359 21112-21798 CCodec                  com.ram.tiktokclone.tiktok_clone     I  [c2.exynos.h264.decoder] state->set(RESUMING)
2026-05-12 13:15:06.359 21112-21798 CCodecConfig            com.ram.tiktokclone.tiktok_clone     I  query failed after returning 14 values (BAD_INDEX)
2026-05-12 13:15:06.361 21112-21907 AudioManager            com.ram.tiktokclone.tiktok_clone     I  getParameters keys = offloadVariableRateSupported
2026-05-12 13:15:06.366 21112-21798 CCodecBufferChannel     com.ram.tiktokclone.tiktok_clone     I  [c2.exynos.h264.decoder#181] 4 initial input buffers available
2026-05-12 13:15:06.367 21112-21798 Codec2Client            com.ram.tiktokclone.tiktok_clone     W  query -- param skipped: index = 1073743886.
2026-05-12 13:15:06.367 21112-21798 Codec2Client            com.ram.tiktokclone.tiktok_clone     W  query -- param skipped: index = 1610614798.
2026-05-12 13:15:06.367 21112-21798 Codec2Client            com.ram.tiktokclone.tiktok_clone     W  query -- param skipped: index = 1610614821.
2026-05-12 13:15:06.367 21112-21798 CCodec                  com.ram.tiktokclone.tiktok_clone     I  [c2.exynos.h264.decoder] state->set(RUNNING)
2026-05-12 13:15:06.368 21112-21798 MessageQueue            com.ram.tiktokclone.tiktok_clone     W  Handler (android.media.MediaCodec$EventHandler) {8aa46f2} sending message to a Handler on a dead thread (Ask Gemini)
                                                                                                    java.lang.IllegalStateException: Handler (android.media.MediaCodec$EventHandler) {8aa46f2} sending message to a Handler on a dead thread
                                                                                                    	at android.os.MessageQueue.enqueueMessage(MessageQueue.java:600)
                                                                                                    	at android.os.Handler.enqueueMessage(Handler.java:787)
                                                                                                    	at android.os.Handler.sendMessageAtTime(Handler.java:736)
                                                                                                    	at android.os.Handler.sendMessageDelayed(Handler.java:706)
                                                                                                    	at android.os.Handler.sendMessage(Handler.java:644)
                                                                                                    	at android.media.MediaCodec.postEventFromNative(MediaCodec.java:5706)
2026-05-12 13:15:06.368 21112-21798 MessageQueue            com.ram.tiktokclone.tiktok_clone     W  Handler (android.media.MediaCodec$EventHandler) {8aa46f2} sending message to a Handler on a dead thread (Ask Gemini)
                                                                                                    java.lang.IllegalStateException: Handler (android.media.MediaCodec$EventHandler) {8aa46f2} sending message to a Handler on a dead thread
                                                                                                    	at android.os.MessageQueue.enqueueMessage(MessageQueue.java:600)
                                                                                                    	at android.os.Handler.enqueueMessage(Handler.java:787)
                                                                                                    	at android.os.Handler.sendMessageAtTime(Handler.java:736)
                                                                                                    	at android.os.Handler.sendMessageDelayed(Handler.java:706)
                                                                                                    	at android.os.Handler.sendMessage(Handler.java:644)
                                                                                                    	at android.media.MediaCodec.postEventFromNative(MediaCodec.java:5706)
2026-05-12 13:15:06.369 21112-21798 MessageQueue            com.ram.tiktokclone.tiktok_clone     W  Handler (android.media.MediaCodec$EventHandler) {8aa46f2} sending message to a Handler on a dead thread (Ask Gemini)
                                                                                                    java.lang.IllegalStateException: Handler (android.media.MediaCodec$EventHandler) {8aa46f2} sending message to a Handler on a dead thread
                                                                                                    	at android.os.MessageQueue.enqueueMessage(MessageQueue.java:600)
                                                                                                    	at android.os.Handler.enqueueMessage(Handler.java:787)
                                                                                                    	at android.os.Handler.sendMessageAtTime(Handler.java:736)
                                                                                                    	at android.os.Handler.sendMessageDelayed(Handler.java:706)
                                                                                                    	at android.os.Handler.sendMessage(Handler.java:644)
                                                                                                    	at android.media.MediaCodec.postEventFromNative(MediaCodec.java:5706)
2026-05-12 13:15:06.369 21112-21798 MessageQueue            com.ram.tiktokclone.tiktok_clone     W  Handler (android.media.MediaCodec$EventHandler) {8aa46f2} sending message to a Handler on a dead thread (Ask Gemini)
                                                                                                    java.lang.IllegalStateException: Handler (android.media.MediaCodec$EventHandler) {8aa46f2} sending message to a Handler on a dead thread
                                                                                                    	at android.os.MessageQueue.enqueueMessage(MessageQueue.java:600)
                                                                                                    	at android.os.Handler.enqueueMessage(Handler.java:787)
                                                                                                    	at android.os.Handler.sendMessageAtTime(Handler.java:736)
                                                                                                    	at android.os.Handler.sendMessageDelayed(Handler.java:706)
                                                                                                    	at android.os.Handler.sendMessage(Handler.java:644)
                                                                                                    	at android.media.MediaCodec.postEventFromNative(MediaCodec.java:5706)
2026-05-12 13:15:06.369 21112-21798 SurfaceUtils            com.ram.tiktokclone.tiktok_clone     D  connecting to surface 0xb40000739c839810, reason connectToSurface
2026-05-12 13:15:06.369 21112-21798 MediaCodec              com.ram.tiktokclone.tiktok_clone     I  [c2.exynos.h264.decoder] setting surface generation to 21618713
2026-05-12 13:15:06.369 21112-21798 SurfaceUtils            com.ram.tiktokclone.tiktok_clone     D  disconnecting from surface 0xb40000739c839810, reason connectToSurface(reconnect)
2026-05-12 13:15:06.369 21112-21798 SurfaceUtils            com.ram.tiktokclone.tiktok_clone     D  connecting to surface 0xb40000739c839800, reason connectToSurface(reconnect-with-listener)
2026-05-12 13:15:06.370 21112-21907 DMCodecAdapterFactory   com.ram.tiktokclone.tiktok_clone     I  Creating an asynchronous MediaCodec adapter for track type video
2026-05-12 13:15:06.372 21112-21909 AudioManager            com.ram.tiktokclone.tiktok_clone     I  getParameters keys = offloadVariableRateSupported
2026-05-12 13:15:06.373 21112-21911 CCodec                  com.ram.tiktokclone.tiktok_clone     I  state->set(ALLOCATING)
2026-05-12 13:15:06.373 21112-21798 Codec2-Out...ufferQueue com.ram.tiktokclone.tiktok_clone     D  remote graphic buffer migration 0/0
2026-05-12 13:15:06.374 21112-21798 Codec2Client            com.ram.tiktokclone.tiktok_clone     D  setOutputSurface -- failed to set consumer usage (6/BAD_INDEX)
2026-05-12 13:15:06.374 21112-21912 CCodec                  com.ram.tiktokclone.tiktok_clone     I  allocate(c2.exynos.h264.decoder)
2026-05-12 13:15:06.374 21112-21798 Codec2Client            com.ram.tiktokclone.tiktok_clone     D  setOutputSurface -- generation=21618713 consumer usage=0x900
2026-05-12 13:15:06.381 21112-21909 DMCodecAdapterFactory   com.ram.tiktokclone.tiktok_clone     I  Creating an asynchronous MediaCodec adapter for track type video
2026-05-12 13:15:06.385 21112-21913 CCodec                  com.ram.tiktokclone.tiktok_clone     I  state->set(ALLOCATING)
2026-05-12 13:15:06.385 21112-21914 CCodec                  com.ram.tiktokclone.tiktok_clone     I  allocate(c2.exynos.h264.decoder)
2026-05-12 13:15:06.389 21112-21912 CCodec                  com.ram.tiktokclone.tiktok_clone     I  setting up 'default' as default (vendor) store
2026-05-12 13:15:06.390 21112-21798 BufferQueueProducer     com.ram.tiktokclone.tiktok_clone     W  [ImageReader-1x1f22m7-21112-12](id:527800000016,api:3,p:21112,c:21112) detachBuffer: slot 0 is not owned by the producer (state = FREE)
2026-05-12 13:15:06.392 21112-21798 BufferQueueProducer     com.ram.tiktokclone.tiktok_clone     W  [ImageReader-1x1f22m7-21112-12](id:527800000016,api:3,p:21112,c:21112) detachBuffer: slot 1 is not owned by the producer (state = FREE)
2026-05-12 13:15:06.393 21112-21798 BufferQueueProducer     com.ram.tiktokclone.tiktok_clone     W  [ImageReader-1x1f22m7-21112-12](id:527800000016,api:3,p:21112,c:21112) detachBuffer: slot 2 is not owned by the producer (state = ACQUIRED)
2026-05-12 13:15:06.394 21112-21798 BufferQueueProducer     com.ram.tiktokclone.tiktok_clone     W  [ImageReader-1x1f22m7-21112-12](id:527800000016,api:3,p:21112,c:21112) detachBuffer: slot 3 is not owned by the producer (state = FREE)
2026-05-12 13:15:06.394 21112-21798 BufferQueueProducer     com.ram.tiktokclone.tiktok_clone     W  [ImageReader-1x1f22m7-21112-12](id:527800000016,api:3,p:21112,c:21112) detachBuffer: slot 4 is not owned by the producer (state = FREE)
2026-05-12 13:15:06.394 21112-21798 BufferQueueProducer     com.ram.tiktokclone.tiktok_clone     W  [ImageReader-1x1f22m7-21112-12](id:527800000016,api:3,p:21112,c:21112) detachBuffer: slot 5 is not owned by the producer (state = FREE)
2026-05-12 13:15:06.394 21112-21798 BufferQueueProducer     com.ram.tiktokclone.tiktok_clone     W  [ImageReader-1x1f22m7-21112-12](id:527800000016,api:3,p:21112,c:21112) detachBuffer: slot 6 is not owned by the producer (state = FREE)
2026-05-12 13:15:06.394 21112-21798 BufferQueueProducer     com.ram.tiktokclone.tiktok_clone     W  [ImageReader-1x1f22m7-21112-12](id:527800000016,api:3,p:21112,c:21112) detachBuffer: slot 7 is not owned by the producer (state = FREE)
2026-05-12 13:15:06.395 21112-21912 CCodec                  com.ram.tiktokclone.tiktok_clone     I  Created component [c2.exynos.h264.decoder]
2026-05-12 13:15:06.395 21112-21912 CCodec                  com.ram.tiktokclone.tiktok_clone     I  [c2.exynos.h264.decoder] state->set(ALLOCATED)
2026-05-12 13:15:06.395 21112-21798 BufferQueueProducer     com.ram.tiktokclone.tiktok_clone     W  [ImageReader-1x1f22m7-21112-12](id:527800000016,api:3,p:21112,c:21112) detachBuffer: slot 10 is not owned by the producer (state = FREE)
2026-05-12 13:15:06.395 21112-21798 BufferQueueProducer     com.ram.tiktokclone.tiktok_clone     W  [ImageReader-1x1f22m7-21112-12](id:527800000016,api:3,p:21112,c:21112) detachBuffer: slot 11 is not owned by the producer (state = FREE)
2026-05-12 13:15:06.396 21112-21798 BufferQueueProducer     com.ram.tiktokclone.tiktok_clone     W  [ImageReader-1x1f22m7-21112-12](id:527800000016,api:3,p:21112,c:21112) detachBuffer: slot 12 is not owned by the producer (state = FREE)
2026-05-12 13:15:06.396 21112-21912 CCodecConfig            com.ram.tiktokclone.tiktok_clone     D  read media type: video/avc
2026-05-12 13:15:06.396 21112-21798 BufferQueueProducer     com.ram.tiktokclone.tiktok_clone     W  [ImageReader-1x1f22m7-21112-12](id:527800000016,api:3,p:21112,c:21112) detachBuffer: slot 13 is not owned by the producer (state = FREE)
2026-05-12 13:15:06.396 21112-21798 BufferQueueProducer     com.ram.tiktokclone.tiktok_clone     W  [ImageReader-1x1f22m7-21112-12](id:527800000016,api:3,p:21112,c:21112) detachBuffer: slot 14 is not owned by the producer (state = FREE)
2026-05-12 13:15:06.396 21112-21798 BufferQueueProducer     com.ram.tiktokclone.tiktok_clone     W  [ImageReader-1x1f22m7-21112-12](id:527800000016,api:3,p:21112,c:21112) detachBuffer: slot 15 is not owned by the producer (state = FREE)
2026-05-12 13:15:06.397 21112-21798 BufferQueueProducer     com.ram.tiktokclone.tiktok_clone     W  [ImageReader-1x1f22m7-21112-12](id:527800000016,api:3,p:21112,c:21112) detachBuffer: slot 16 is not owned by the producer (state = FREE)
2026-05-12 13:15:06.398 21112-21798 BufferQueueProducer     com.ram.tiktokclone.tiktok_clone     W  [ImageReader-1x1f22m7-21112-12](id:527800000016,api:3,p:21112,c:21112) detachBuffer: slot 18 is not owned by the producer (state = FREE)
2026-05-12 13:15:06.399 21112-21914 CCodec                  com.ram.tiktokclone.tiktok_clone     I  setting up 'default' as default (vendor) store
2026-05-12 13:15:06.399 21112-21798 BufferQueueProducer     com.ram.tiktokclone.tiktok_clone     W  [ImageReader-1x1f22m7-21112-12](id:527800000016,api:3,p:21112,c:21112) detachBuffer: slot 19 is not owned by the producer (state = FREE)
2026-05-12 13:15:06.399 21112-21798 BufferQueueProducer     com.ram.tiktokclone.tiktok_clone     W  [ImageReader-1x1f22m7-21112-12](id:527800000016,api:3,p:21112,c:21112) detachBuffer: slot 20 is not owned by the producer (state = FREE)
2026-05-12 13:15:06.399 21112-21798 BufferQueueProducer     com.ram.tiktokclone.tiktok_clone     W  [ImageReader-1x1f22m7-21112-12](id:527800000016,api:3,p:21112,c:21112) detachBuffer: slot 21 is not owned by the producer (state = FREE)
2026-05-12 13:15:06.399 21112-21798 BufferQueueProducer     com.ram.tiktokclone.tiktok_clone     W  [ImageReader-1x1f22m7-21112-12](id:527800000016,api:3,p:21112,c:21112) detachBuffer: slot 22 is not owned by the producer (state = FREE)
2026-05-12 13:15:06.399 21112-21798 BufferQueueProducer     com.ram.tiktokclone.tiktok_clone     W  [ImageReader-1x1f22m7-21112-12](id:527800000016,api:3,p:21112,c:21112) detachBuffer: slot 23 is not owned by the producer (state = FREE)
2026-05-12 13:15:06.399 21112-21798 BufferQueueProducer     com.ram.tiktokclone.tiktok_clone     W  [ImageReader-1x1f22m7-21112-12](id:527800000016,api:3,p:21112,c:21112) detachBuffer: slot 24 is not owned by the producer (state = FREE)
2026-05-12 13:15:06.399 21112-21798 BufferQueueProducer     com.ram.tiktokclone.tiktok_clone     W  [ImageReader-1x1f22m7-21112-12](id:527800000016,api:3,p:21112,c:21112) detachBuffer: slot 25 is not owned by the producer (state = FREE)
2026-05-12 13:15:06.399 21112-21798 BufferQueueProducer     com.ram.tiktokclone.tiktok_clone     W  [ImageReader-1x1f22m7-21112-12](id:527800000016,api:3,p:21112,c:21112) detachBuffer: slot 26 is not owned by the producer (state = ACQUIRED)
2026-05-12 13:15:06.400 21112-21798 BufferQueueProducer     com.ram.tiktokclone.tiktok_clone     W  [ImageReader-1x1f22m7-21112-12](id:527800000016,api:3,p:21112,c:21112) detachBuffer: slot 27 is not owned by the producer (state = FREE)
2026-05-12 13:15:06.400 21112-21798 BufferQueueProducer     com.ram.tiktokclone.tiktok_clone     W  [ImageReader-1x1f22m7-21112-12](id:527800000016,api:3,p:21112,c:21112) detachBuffer: slot 28 is not owned by the producer (state = FREE)
2026-05-12 13:15:06.400 21112-21798 BufferQueueProducer     com.ram.tiktokclone.tiktok_clone     W  [ImageReader-1x1f22m7-21112-12](id:527800000016,api:3,p:21112,c:21112) detachBuffer: slot 29 is not owned by the producer (state = FREE)
2026-05-12 13:15:06.400 21112-21798 BufferQueueProducer     com.ram.tiktokclone.tiktok_clone     W  [ImageReader-1x1f22m7-21112-12](id:527800000016,api:3,p:21112,c:21112) detachBuffer: slot 30 is not owned by the producer (state = FREE)
2026-05-12 13:15:06.400 21112-21798 BufferQueueProducer     com.ram.tiktokclone.tiktok_clone     W  [ImageReader-1x1f22m7-21112-12](id:527800000016,api:3,p:21112,c:21112) detachBuffer: slot 31 is not owned by the producer (state = FREE)
2026-05-12 13:15:06.400 21112-21798 BufferQueueProducer     com.ram.tiktokclone.tiktok_clone     W  [ImageReader-1x1f22m7-21112-12](id:527800000016,api:3,p:21112,c:21112) detachBuffer: slot 32 is not owned by the producer (state = FREE)
2026-05-12 13:15:06.400 21112-21912 ReflectedParamUpdater   com.ram.tiktokclone.tiktok_clone     D  extent() != 1 for single value type: output.subscribed-indices.values
2026-05-12 13:15:06.400 21112-21798 BufferQueueProducer     com.ram.tiktokclone.tiktok_clone     W  [ImageReader-1x1f22m7-21112-12](id:527800000016,api:3,p:21112,c:21112) detachBuffer: slot 33 is not owned by the producer (state = FREE)
2026-05-12 13:15:06.400 21112-21798 BufferQueueProducer     com.ram.tiktokclone.tiktok_clone     W  [ImageReader-1x1f22m7-21112-12](id:527800000016,api:3,p:21112,c:21112) detachBuffer: slot 34 is not owned by the producer (state = FREE)
2026-05-12 13:15:06.400 21112-21912 ReflectedParamUpdater   com.ram.tiktokclone.tiktok_clone     D  extent() != 1 for single value type: input.buffers.allocator-ids.values
2026-05-12 13:15:06.400 21112-21798 BufferQueueProducer     com.ram.tiktokclone.tiktok_clone     W  [ImageReader-1x1f22m7-21112-12](id:527800000016,api:3,p:21112,c:21112) detachBuffer: slot 35 is not owned by the producer (state = FREE)
2026-05-12 13:15:06.400 21112-21798 BufferQueueProducer     com.ram.tiktokclone.tiktok_clone     W  [ImageReader-1x1f22m7-21112-12](id:527800000016,api:3,p:21112,c:21112) detachBuffer: slot 36 is not owned by the producer (state = FREE)
2026-05-12 13:15:06.400 21112-21912 ReflectedParamUpdater   com.ram.tiktokclone.tiktok_clone     D  extent() != 1 for single value type: output.buffers.allocator-ids.values
2026-05-12 13:15:06.401 21112-21912 ReflectedParamUpdater   com.ram.tiktokclone.tiktok_clone     D  extent() != 1 for single value type: output.buffers.pool-ids.values
2026-05-12 13:15:06.401 21112-21798 BufferQueueProducer     com.ram.tiktokclone.tiktok_clone     W  [ImageReader-1x1f22m7-21112-12](id:527800000016,api:3,p:21112,c:21112) detachBuffer: slot 37 is not owned by the producer (state = FREE)
2026-05-12 13:15:06.402 21112-21798 BufferQueueProducer     com.ram.tiktokclone.tiktok_clone     W  [ImageReader-1x1f22m7-21112-12](id:527800000016,api:3,p:21112,c:21112) detachBuffer: slot 38 is not owned by the producer (state = FREE)
2026-05-12 13:15:06.402 21112-21798 BufferQueueProducer     com.ram.tiktokclone.tiktok_clone     W  [ImageReader-1x1f22m7-21112-12](id:527800000016,api:3,p:21112,c:21112) detachBuffer: slot 39 is not owned by the producer (state = FREE)
2026-05-12 13:15:06.402 21112-21798 BufferQueueProducer     com.ram.tiktokclone.tiktok_clone     W  [ImageReader-1x1f22m7-21112-12](id:527800000016,api:3,p:21112,c:21112) detachBuffer: slot 40 is not owned by the producer (state = FREE)
2026-05-12 13:15:06.402 21112-21798 BufferQueueProducer     com.ram.tiktokclone.tiktok_clone     W  [ImageReader-1x1f22m7-21112-12](id:527800000016,api:3,p:21112,c:21112) detachBuffer: slot 41 is not owned by the producer (state = FREE)
