2026-05-12 13:14:59.806 21112-21544 BufferQueueProducer     com.ram.tiktokclone.tiktok_clone     W  [ImageReader-1x1f22m7-21112-6](id:52780000000b,api:3,p:21112,c:21112) detachBuffer: slot 50 is not owned by the producer (state = FREE)
2026-05-12 13:14:59.806 21112-21544 BufferQueueProducer     com.ram.tiktokclone.tiktok_clone     W  [ImageReader-1x1f22m7-21112-6](id:52780000000b,api:3,p:21112,c:21112) detachBuffer: slot 51 is not owned by the producer (state = FREE)
2026-05-12 13:14:59.806 21112-21544 BufferQueueProducer     com.ram.tiktokclone.tiktok_clone     W  [ImageReader-1x1f22m7-21112-6](id:52780000000b,api:3,p:21112,c:21112) detachBuffer: slot 52 is not owned by the producer (state = FREE)
2026-05-12 13:14:59.806 21112-21544 BufferQueueProducer     com.ram.tiktokclone.tiktok_clone     W  [ImageReader-1x1f22m7-21112-6](id:52780000000b,api:3,p:21112,c:21112) detachBuffer: slot 53 is not owned by the producer (state = FREE)
2026-05-12 13:14:59.806 21112-21544 BufferQueueProducer     com.ram.tiktokclone.tiktok_clone     W  [ImageReader-1x1f22m7-21112-6](id:52780000000b,api:3,p:21112,c:21112) detachBuffer: slot 54 is not owned by the producer (state = FREE)
2026-05-12 13:14:59.806 21112-21544 BufferQueueProducer     com.ram.tiktokclone.tiktok_clone     W  [ImageReader-1x1f22m7-21112-6](id:52780000000b,api:3,p:21112,c:21112) detachBuffer: slot 55 is not owned by the producer (state = FREE)
2026-05-12 13:14:59.806 21112-21544 BufferQueueProducer     com.ram.tiktokclone.tiktok_clone     W  [ImageReader-1x1f22m7-21112-6](id:52780000000b,api:3,p:21112,c:21112) detachBuffer: slot 56 is not owned by the producer (state = FREE)
2026-05-12 13:14:59.806 21112-21544 BufferQueueProducer     com.ram.tiktokclone.tiktok_clone     W  [ImageReader-1x1f22m7-21112-6](id:52780000000b,api:3,p:21112,c:21112) detachBuffer: slot 57 is not owned by the producer (state = FREE)
2026-05-12 13:14:59.806 21112-21544 BufferQueueProducer     com.ram.tiktokclone.tiktok_clone     W  [ImageReader-1x1f22m7-21112-6](id:52780000000b,api:3,p:21112,c:21112) detachBuffer: slot 58 is not owned by the producer (state = FREE)
2026-05-12 13:14:59.806 21112-21544 BufferQueueProducer     com.ram.tiktokclone.tiktok_clone     W  [ImageReader-1x1f22m7-21112-6](id:52780000000b,api:3,p:21112,c:21112) detachBuffer: slot 59 is not owned by the producer (state = FREE)
2026-05-12 13:14:59.806 21112-21544 BufferQueueProducer     com.ram.tiktokclone.tiktok_clone     W  [ImageReader-1x1f22m7-21112-6](id:52780000000b,api:3,p:21112,c:21112) detachBuffer: slot 60 is not owned by the producer (state = FREE)
2026-05-12 13:14:59.807 21112-21544 BufferQueueProducer     com.ram.tiktokclone.tiktok_clone     W  [ImageReader-1x1f22m7-21112-6](id:52780000000b,api:3,p:21112,c:21112) detachBuffer: slot 61 is not owned by the producer (state = FREE)
2026-05-12 13:14:59.807 21112-21544 BufferQueueProducer     com.ram.tiktokclone.tiktok_clone     W  [ImageReader-1x1f22m7-21112-6](id:52780000000b,api:3,p:21112,c:21112) detachBuffer: slot 62 is not owned by the producer (state = FREE)
2026-05-12 13:14:59.807 21112-21544 BufferQueueProducer     com.ram.tiktokclone.tiktok_clone     W  [ImageReader-1x1f22m7-21112-6](id:52780000000b,api:3,p:21112,c:21112) detachBuffer: slot 63 is not owned by the producer (state = FREE)
2026-05-12 13:14:59.812 21112-21544 Codec2Client            com.ram.tiktokclone.tiktok_clone     D  Surface configure completed
2026-05-12 13:14:59.812  2760-3439  SoundCraft...ionHandler com.android.systemui                 D  onPlaybackConfigChanged : lastStartedPackageName=com.ram.tiktokclone.tiktok_clone, lastStartedUid=10352, newStartedUid=10352, newStartPackageName=com.ram.tiktokclone.tiktok_clone, thread=Thread[RoutineHandlerThread,5,main]
2026-05-12 13:14:59.812 21112-21544 SurfaceUtils            com.ram.tiktokclone.tiktok_clone     D  disconnecting from surface 0xb40000739c75e3a0, reason disconnectFromSurface
2026-05-12 13:14:59.812  2760-3439  SoundCraft...ionHandler com.android.systemui                 D  onPlaybackConfigChanged : lastStartedPackageName=com.ram.tiktokclone.tiktok_clone, lastStartedUid=10352, newStartedUid=10352, newStartPackageName=com.ram.tiktokclone.tiktok_clone, thread=Thread[RoutineHandlerThread,5,main]
2026-05-12 13:14:59.813 21112-21544 CCodec                  com.ram.tiktokclone.tiktok_clone     I  [c2.exynos.h264.decoder] state->set(RELEASING)
2026-05-12 13:14:59.813 21112-21544 CCodecBufferChannel     com.ram.tiktokclone.tiktok_clone     D  [c2.exynos.h264.decoder#333] MediaCodec discarded an unknown buffer
2026-05-12 13:14:59.813 21112-21695 CCodec                  com.ram.tiktokclone.tiktok_clone     I  [release][3306] surface -> component
2026-05-12 13:14:59.813 21112-21544 CCodecBufferChannel     com.ram.tiktokclone.tiktok_clone     D  [c2.exynos.h264.decoder#333] MediaCodec discarded an unknown buffer
2026-05-12 13:14:59.814 21112-21544 CCodecBufferChannel     com.ram.tiktokclone.tiktok_clone     D  [c2.exynos.h264.decoder#333] MediaCodec discarded an unknown buffer
2026-05-12 13:14:59.814 21112-21544 CCodecBufferChannel     com.ram.tiktokclone.tiktok_clone     D  [c2.exynos.h264.decoder#333] MediaCodec discarded an unknown buffer
2026-05-12 13:14:59.816 21112-21567 CCodec                  com.ram.tiktokclone.tiktok_clone     I  [c2.android.aac.decoder] state->set(RELEASING)
2026-05-12 13:14:59.816 21112-21567 CCodecBufferChannel     com.ram.tiktokclone.tiktok_clone     D  [c2.android.aac.decoder#5] MediaCodec discarded an unknown buffer
2026-05-12 13:14:59.816 21112-21696 CCodec                  com.ram.tiktokclone.tiktok_clone     I  [release][3306] surface -> component
2026-05-12 13:14:59.816 21112-21567 CCodecBufferChannel     com.ram.tiktokclone.tiktok_clone     D  [c2.android.aac.decoder#5] MediaCodec discarded an unknown buffer
2026-05-12 13:14:59.816 21112-21696 CCodec                  com.ram.tiktokclone.tiktok_clone     I  [c2.android.aac.decoder] state->set(RELEASED)
2026-05-12 13:14:59.817 21112-21567 CCodecBufferChannel     com.ram.tiktokclone.tiktok_clone     D  [c2.android.aac.decoder#5] MediaCodec discarded an unknown buffer
2026-05-12 13:14:59.817 21112-21567 CCodecBufferChannel     com.ram.tiktokclone.tiktok_clone     D  [c2.android.aac.decoder#5] MediaCodec discarded an unknown buffer
2026-05-12 13:14:59.817 21112-21695 BufferQueueProducer     com.ram.tiktokclone.tiktok_clone     W  [MediaCodec.release](id:527800000012,api:3,p:21112,c:21112) detachBuffer: slot 11 is not owned by the producer (state = FREE)
2026-05-12 13:14:59.817 21112-21695 BufferQueueProducer     com.ram.tiktokclone.tiktok_clone     W  [MediaCodec.release](id:527800000012,api:3,p:21112,c:21112) detachBuffer: slot 12 is not owned by the producer (state = FREE)
2026-05-12 13:14:59.818 21112-21695 BufferQueueProducer     com.ram.tiktokclone.tiktok_clone     W  [MediaCodec.release](id:527800000012,api:3,p:21112,c:21112) detachBuffer: slot 13 is not owned by the producer (state = FREE)
2026-05-12 13:14:59.818 21112-21695 BufferQueueProducer     com.ram.tiktokclone.tiktok_clone     W  [MediaCodec.release](id:527800000012,api:3,p:21112,c:21112) detachBuffer: slot 14 is not owned by the producer (state = FREE)
2026-05-12 13:14:59.818 21112-21695 BufferQueueProducer     com.ram.tiktokclone.tiktok_clone     W  [MediaCodec.release](id:527800000012,api:3,p:21112,c:21112) detachBuffer: slot 15 is not owned by the producer (state = FREE)
2026-05-12 13:14:59.818 21112-21567 MediaCodec              com.ram.tiktokclone.tiktok_clone     I  Codec shutdown complete
2026-05-12 13:14:59.818 21112-21695 BufferQueueProducer     com.ram.tiktokclone.tiktok_clone     W  [MediaCodec.release](id:527800000012,api:3,p:21112,c:21112) detachBuffer: slot 16 is not owned by the producer (state = FREE)
2026-05-12 13:14:59.818 21112-21695 BufferQueueProducer     com.ram.tiktokclone.tiktok_clone     W  [MediaCodec.release](id:527800000012,api:3,p:21112,c:21112) detachBuffer: slot 17 is not owned by the producer (state = FREE)
2026-05-12 13:14:59.818 21112-21695 BufferQueueProducer     com.ram.tiktokclone.tiktok_clone     W  [MediaCodec.release](id:527800000012,api:3,p:21112,c:21112) detachBuffer: slot 18 is not owned by the producer (state = FREE)
2026-05-12 13:14:59.818 21112-21695 BufferQueueProducer     com.ram.tiktokclone.tiktok_clone     W  [MediaCodec.release](id:527800000012,api:3,p:21112,c:21112) detachBuffer: slot 19 is not owned by the producer (state = FREE)
2026-05-12 13:14:59.818 21112-21695 BufferQueueProducer     com.ram.tiktokclone.tiktok_clone     W  [MediaCodec.release](id:527800000012,api:3,p:21112,c:21112) detachBuffer: slot 20 is not owned by the producer (state = FREE)
2026-05-12 13:14:59.818 21112-21695 BufferQueueProducer     com.ram.tiktokclone.tiktok_clone     W  [MediaCodec.release](id:527800000012,api:3,p:21112,c:21112) detachBuffer: slot 21 is not owned by the producer (state = FREE)
2026-05-12 13:14:59.818 21112-21695 BufferQueueProducer     com.ram.tiktokclone.tiktok_clone     W  [MediaCodec.release](id:527800000012,api:3,p:21112,c:21112) detachBuffer: slot 22 is not owned by the producer (state = FREE)
2026-05-12 13:14:59.819 21112-21695 BufferQueueProducer     com.ram.tiktokclone.tiktok_clone     W  [MediaCodec.release](id:527800000012,api:3,p:21112,c:21112) detachBuffer: slot 23 is not owned by the producer (state = FREE)
2026-05-12 13:14:59.819 21112-21695 BufferQueueProducer     com.ram.tiktokclone.tiktok_clone     W  [MediaCodec.release](id:527800000012,api:3,p:21112,c:21112) detachBuffer: slot 24 is not owned by the producer (state = FREE)
2026-05-12 13:14:59.819 21112-21695 BufferQueueProducer     com.ram.tiktokclone.tiktok_clone     W  [MediaCodec.release](id:527800000012,api:3,p:21112,c:21112) detachBuffer: slot 25 is not owned by the producer (state = FREE)
2026-05-12 13:14:59.819 21112-21695 BufferQueueProducer     com.ram.tiktokclone.tiktok_clone     W  [MediaCodec.release](id:527800000012,api:3,p:21112,c:21112) detachBuffer: slot 26 is not owned by the producer (state = FREE)
2026-05-12 13:14:59.819 21112-21695 BufferQueueProducer     com.ram.tiktokclone.tiktok_clone     W  [MediaCodec.release](id:527800000012,api:3,p:21112,c:21112) detachBuffer: slot 27 is not owned by the producer (state = FREE)
2026-05-12 13:14:59.819 21112-21695 BufferQueueProducer     com.ram.tiktokclone.tiktok_clone     W  [MediaCodec.release](id:527800000012,api:3,p:21112,c:21112) detachBuffer: slot 28 is not owned by the producer (state = FREE)
2026-05-12 13:14:59.819 21112-21695 BufferQueueProducer     com.ram.tiktokclone.tiktok_clone     W  [MediaCodec.release](id:527800000012,api:3,p:21112,c:21112) detachBuffer: slot 29 is not owned by the producer (state = FREE)
2026-05-12 13:14:59.819 21112-21567 CCodecBufferChannel     com.ram.tiktokclone.tiktok_clone     I  CCodecBufferChannel destructing c2.android.aac.decoder#5
2026-05-12 13:14:59.819 21112-21567 Codec2Client            com.ram.tiktokclone.tiktok_clone     I  Component destructing
2026-05-12 13:14:59.819 21112-21695 BufferQueueProducer     com.ram.tiktokclone.tiktok_clone     W  [MediaCodec.release](id:527800000012,api:3,p:21112,c:21112) detachBuffer: slot 30 is not owned by the producer (state = FREE)
2026-05-12 13:14:59.819 21112-21567 hw-BpHwBinder           com.ram.tiktokclone.tiktok_clone     I  onLastStrongRef automatically unlinking death recipients
2026-05-12 13:14:59.819 21112-21695 BufferQueueProducer     com.ram.tiktokclone.tiktok_clone     W  [MediaCodec.release](id:527800000012,api:3,p:21112,c:21112) detachBuffer: slot 31 is not owned by the producer (state = FREE)
2026-05-12 13:14:59.819 21112-21695 BufferQueueProducer     com.ram.tiktokclone.tiktok_clone     W  [MediaCodec.release](id:527800000012,api:3,p:21112,c:21112) detachBuffer: slot 32 is not owned by the producer (state = FREE)
2026-05-12 13:14:59.819 21112-21695 BufferQueueProducer     com.ram.tiktokclone.tiktok_clone     W  [MediaCodec.release](id:527800000012,api:3,p:21112,c:21112) detachBuffer: slot 33 is not owned by the producer (state = FREE)
2026-05-12 13:14:59.819 21112-21695 BufferQueueProducer     com.ram.tiktokclone.tiktok_clone     W  [MediaCodec.release](id:527800000012,api:3,p:21112,c:21112) detachBuffer: slot 34 is not owned by the producer (state = FREE)
2026-05-12 13:14:59.820 21112-21695 BufferQueueProducer     com.ram.tiktokclone.tiktok_clone     W  [MediaCodec.release](id:527800000012,api:3,p:21112,c:21112) detachBuffer: slot 35 is not owned by the producer (state = FREE)
2026-05-12 13:14:59.820 21112-21695 BufferQueueProducer     com.ram.tiktokclone.tiktok_clone     W  [MediaCodec.release](id:527800000012,api:3,p:21112,c:21112) detachBuffer: slot 36 is not owned by the producer (state = FREE)
2026-05-12 13:14:59.820 21112-21695 BufferQueueProducer     com.ram.tiktokclone.tiktok_clone     W  [MediaCodec.release](id:527800000012,api:3,p:21112,c:21112) detachBuffer: slot 37 is not owned by the producer (state = FREE)
2026-05-12 13:14:59.820 21112-21695 BufferQueueProducer     com.ram.tiktokclone.tiktok_clone     W  [MediaCodec.release](id:527800000012,api:3,p:21112,c:21112) detachBuffer: slot 38 is not owned by the producer (state = FREE)
2026-05-12 13:14:59.820 21112-21695 BufferQueueProducer     com.ram.tiktokclone.tiktok_clone     W  [MediaCodec.release](id:527800000012,api:3,p:21112,c:21112) detachBuffer: slot 39 is not owned by the producer (state = FREE)
2026-05-12 13:14:59.820 21112-21695 BufferQueueProducer     com.ram.tiktokclone.tiktok_clone     W  [MediaCodec.release](id:527800000012,api:3,p:21112,c:21112) detachBuffer: slot 40 is not owned by the producer (state = FREE)
2026-05-12 13:14:59.820 21112-21695 BufferQueueProducer     com.ram.tiktokclone.tiktok_clone     W  [MediaCodec.release](id:527800000012,api:3,p:21112,c:21112) detachBuffer: slot 41 is not owned by the producer (state = FREE)
2026-05-12 13:14:59.820 21112-21695 BufferQueueProducer     com.ram.tiktokclone.tiktok_clone     W  [MediaCodec.release](id:527800000012,api:3,p:21112,c:21112) detachBuffer: slot 42 is not owned by the producer (state = FREE)
2026-05-12 13:14:59.820 21112-21695 BufferQueueProducer     com.ram.tiktokclone.tiktok_clone     W  [MediaCodec.release](id:527800000012,api:3,p:21112,c:21112) detachBuffer: slot 43 is not owned by the producer (state = FREE)
2026-05-12 13:14:59.820 21112-21695 BufferQueueProducer     com.ram.tiktokclone.tiktok_clone     W  [MediaCodec.release](id:527800000012,api:3,p:21112,c:21112) detachBuffer: slot 44 is not owned by the producer (state = FREE)
2026-05-12 13:14:59.820 21112-21695 BufferQueueProducer     com.ram.tiktokclone.tiktok_clone     W  [MediaCodec.release](id:527800000012,api:3,p:21112,c:21112) detachBuffer: slot 45 is not owned by the producer (state = FREE)
2026-05-12 13:14:59.820 21112-21695 BufferQueueProducer     com.ram.tiktokclone.tiktok_clone     W  [MediaCodec.release](id:527800000012,api:3,p:21112,c:21112) detachBuffer: slot 46 is not owned by the producer (state = FREE)
2026-05-12 13:14:59.821 21112-21695 BufferQueueProducer     com.ram.tiktokclone.tiktok_clone     W  [MediaCodec.release](id:527800000012,api:3,p:21112,c:21112) detachBuffer: slot 47 is not owned by the producer (state = FREE)
2026-05-12 13:14:59.821 21112-21695 BufferQueueProducer     com.ram.tiktokclone.tiktok_clone     W  [MediaCodec.release](id:527800000012,api:3,p:21112,c:21112) detachBuffer: slot 48 is not owned by the producer (state = FREE)
2026-05-12 13:14:59.821 21112-21695 BufferQueueProducer     com.ram.tiktokclone.tiktok_clone     W  [MediaCodec.release](id:527800000012,api:3,p:21112,c:21112) detachBuffer: slot 49 is not owned by the producer (state = FREE)
2026-05-12 13:14:59.821 21112-21695 BufferQueueProducer     com.ram.tiktokclone.tiktok_clone     W  [MediaCodec.release](id:527800000012,api:3,p:21112,c:21112) detachBuffer: slot 50 is not owned by the producer (state = FREE)
2026-05-12 13:14:59.821 21112-21695 BufferQueueProducer     com.ram.tiktokclone.tiktok_clone     W  [MediaCodec.release](id:527800000012,api:3,p:21112,c:21112) detachBuffer: slot 51 is not owned by the producer (state = FREE)
2026-05-12 13:14:59.821 21112-21695 BufferQueueProducer     com.ram.tiktokclone.tiktok_clone     W  [MediaCodec.release](id:527800000012,api:3,p:21112,c:21112) detachBuffer: slot 52 is not owned by the producer (state = FREE)
2026-05-12 13:14:59.821 21112-21695 BufferQueueProducer     com.ram.tiktokclone.tiktok_clone     W  [MediaCodec.release](id:527800000012,api:3,p:21112,c:21112) detachBuffer: slot 53 is not owned by the producer (state = FREE)
2026-05-12 13:14:59.821 21112-21695 BufferQueueProducer     com.ram.tiktokclone.tiktok_clone     W  [MediaCodec.release](id:527800000012,api:3,p:21112,c:21112) detachBuffer: slot 54 is not owned by the producer (state = FREE)
2026-05-12 13:14:59.821 21112-21695 BufferQueueProducer     com.ram.tiktokclone.tiktok_clone     W  [MediaCodec.release](id:527800000012,api:3,p:21112,c:21112) detachBuffer: slot 55 is not owned by the producer (state = FREE)
2026-05-12 13:14:59.821 21112-21695 BufferQueueProducer     com.ram.tiktokclone.tiktok_clone     W  [MediaCodec.release](id:527800000012,api:3,p:21112,c:21112) detachBuffer: slot 56 is not owned by the producer (state = FREE)
2026-05-12 13:14:59.821 21112-21695 BufferQueueProducer     com.ram.tiktokclone.tiktok_clone     W  [MediaCodec.release](id:527800000012,api:3,p:21112,c:21112) detachBuffer: slot 57 is not owned by the producer (state = FREE)
2026-05-12 13:14:59.821 21112-21695 BufferQueueProducer     com.ram.tiktokclone.tiktok_clone     W  [MediaCodec.release](id:527800000012,api:3,p:21112,c:21112) detachBuffer: slot 58 is not owned by the producer (state = FREE)
2026-05-12 13:14:59.821 21112-21695 BufferQueueProducer     com.ram.tiktokclone.tiktok_clone     W  [MediaCodec.release](id:527800000012,api:3,p:21112,c:21112) detachBuffer: slot 59 is not owned by the producer (state = FREE)
2026-05-12 13:14:59.821 21112-21695 BufferQueueProducer     com.ram.tiktokclone.tiktok_clone     W  [MediaCodec.release](id:527800000012,api:3,p:21112,c:21112) detachBuffer: slot 60 is not owned by the producer (state = FREE)
2026-05-12 13:14:59.821 21112-21695 BufferQueueProducer     com.ram.tiktokclone.tiktok_clone     W  [MediaCodec.release](id:527800000012,api:3,p:21112,c:21112) detachBuffer: slot 61 is not owned by the producer (state = FREE)
2026-05-12 13:14:59.822 21112-21695 BufferQueueProducer     com.ram.tiktokclone.tiktok_clone     W  [MediaCodec.release](id:527800000012,api:3,p:21112,c:21112) detachBuffer: slot 62 is not owned by the producer (state = FREE)
2026-05-12 13:14:59.822 21112-21695 BufferQueueProducer     com.ram.tiktokclone.tiktok_clone     W  [MediaCodec.release](id:527800000012,api:3,p:21112,c:21112) detachBuffer: slot 63 is not owned by the producer (state = FREE)
2026-05-12 13:14:59.848 21112-21695 CCodec                  com.ram.tiktokclone.tiktok_clone     I  [c2.exynos.h264.decoder] state->set(RELEASED)
2026-05-12 13:14:59.848 21112-21544 SurfaceUtils            com.ram.tiktokclone.tiktok_clone     D  disconnecting from surface 0xb40000739c85b910, reason disconnectFromSurface
2026-05-12 13:14:59.849 21112-21544 MediaCodec              com.ram.tiktokclone.tiktok_clone     I  Codec shutdown complete
2026-05-12 13:14:59.855 21112-21544 CCodecBufferChannel     com.ram.tiktokclone.tiktok_clone     I  CCodecBufferChannel destructing c2.exynos.h264.decoder#333
2026-05-12 13:14:59.855 21112-21544 Codec2Client            com.ram.tiktokclone.tiktok_clone     I  Component destructing
2026-05-12 13:14:59.855 21112-21544 hw-BpHwBinder           com.ram.tiktokclone.tiktok_clone     I  onLastStrongRef automatically unlinking death recipients
2026-05-12 13:15:00.079 21112-21112 VRI[MainAc...ty]@bc2cf5 com.ram.tiktokclone.tiktok_clone     I  ViewPostIme pointer 0
2026-05-12 13:15:00.194 21112-21112 VRI[MainAc...ty]@bc2cf5 com.ram.tiktokclone.tiktok_clone     I  ViewPostIme pointer 1
2026-05-12 13:15:00.266 21112-21112 flutter                 com.ram.tiktokclone.tiktok_clone     I  [JANK] FeedScreen build #5
2026-05-12 13:15:00.293 21112-21112 flutter                 com.ram.tiktokclone.tiktok_clone     I  [JANK] evict idx=7 dispose=12μs
2026-05-12 13:15:00.294 21112-21112 flutter                 com.ram.tiktokclone.tiktok_clone     I  [JANK] syncPool TOTAL=1615μs evict=1 keep=4 pool=2
2026-05-12 13:15:00.294 21112-21112 flutter                 com.ram.tiktokclone.tiktok_clone     I  [JANK] onPageChanged idx=9 total=2215μs
2026-05-12 13:15:00.294 21112-21112 flutter                 com.ram.tiktokclone.tiktok_clone     I  [JANK] ensure peek idx=10=1150μs hit=true
2026-05-12 13:15:00.295 21112-21112 flutter                 com.ram.tiktokclone.tiktok_clone     I  [JANK] ensure peek idx=11=1314μs hit=true
2026-05-12 13:15:00.298 21112-21632 AudioTrack              com.ram.tiktokclone.tiktok_clone     D  setVolume(0.000000, 0.000000) pid : 21112
2026-05-12 13:15:00.299 21112-21668 AudioTrack              com.ram.tiktokclone.tiktok_clone     D  setVolume(1.000000, 1.000000) pid : 21112
2026-05-12 13:15:00.301 21112-21112 ExoPlayerImpl           com.ram.tiktokclone.tiktok_clone     I  Init d087595 [AndroidXMedia3/1.9.2] [o1s, SM-G991N, samsung, 35]
2026-05-12 13:15:00.302  2760-3439  SoundCraft...ionHandler com.android.systemui                 D  onPlaybackConfigChanged : lastStartedPackageName=com.ram.tiktokclone.tiktok_clone, lastStartedUid=10352, newStartedUid=-1, newStartPackageName=null, thread=Thread[RoutineHandlerThread,5,main]
2026-05-12 13:15:00.302  1566-2871  MediaFocusControl       system_server                        I  requestAudioFocus() from uid/pid 10352/21112 AA=USAGE_MEDIA/CONTENT_TYPE_MOVIE clientId=android.media.AudioManager@aa5c43candroidx.media3.common.audio.AudioFocusManager$$ExternalSyntheticLambda0@bc02742 callingPack=com.ram.tiktokclone.tiktok_clone req=1 flags=0x0 sdk=36
2026-05-12 13:15:00.306 21112-21112 ExoPlayerImpl           com.ram.tiktokclone.tiktok_clone     I  Init e19b638 [AndroidXMedia3/1.9.2] [o1s, SM-G991N, samsung, 35]
2026-05-12 13:15:00.308 21112-21632 AudioManager            com.ram.tiktokclone.tiktok_clone     D  dispatching onAudioFocusChange(-1) to android.media.AudioManager@aa5c43candroidx.media3.common.audio.AudioFocusManager$$ExternalSyntheticLambda0@1175149
2026-05-12 13:15:00.308  1566-4860  MediaFocusControl       system_server                        I  abandonAudioFocus() from uid/pid 10352/21112 clientId=android.media.AudioManager@aa5c43candroidx.media3.common.audio.AudioFocusManager$$ExternalSyntheticLambda0@1175149 callingPack=com.ram.tiktokclone.tiktok_clone
2026-05-12 13:15:00.310  2760-3439  SoundCraft...ionHandler com.android.systemui                 D  onPlaybackConfigChanged : lastStartedPackageName=null, lastStartedUid=-1, newStartedUid=10352, newStartPackageName=com.ram.tiktokclone.tiktok_clone, thread=Thread[RoutineHandlerThread,5,main]
2026-05-12 13:15:00.311  1566-4860  SGM:GameManager         system_server                        D  identifyGamePackage. com.ram.tiktokclone.tiktok_clone, mCurrentUserId: 0, callerUserId: 0, callingMethodInfo: com.samsung.android.game.IGameManagerService$Stub.onTransact(IGameManagerService.java:228)
2026-05-12 13:15:00.311  2760-3439  SGM:SemGameManager      com.android.systemui                 D  isGamePackage(), pkgName=com.ram.tiktokclone.tiktok_clone, ret=false
2026-05-12 13:15:00.311 21112-21668 AudioTrack              com.ram.tiktokclone.tiktok_clone     D  getTimestamp_l(724): device stall time corrected using current time 294488943059286
2026-05-12 13:15:00.316  2760-3439  SoundCraft...ionHandler com.android.systemui                 D  onPlaybackConfigChanged : lastStartedPackageName=com.ram.tiktokclone.tiktok_clone, lastStartedUid=10352, newStartedUid=10352, newStartPackageName=com.ram.tiktokclone.tiktok_clone, thread=Thread[RoutineHandlerThread,5,main]
2026-05-12 13:15:00.316 21112-21112 ExoPlayerImpl           com.ram.tiktokclone.tiktok_clone     I  Release 33a1cdc [AndroidXMedia3/1.9.2] [o1s, SM-G991N, samsung, 35] [media3.common, media3.exoplayer, media3.decoder, media3.datasource, media3.extractor]
2026-05-12 13:15:00.316  2760-3439  SoundCraft...ionHandler com.android.systemui                 D  onPlaybackConfigChanged : lastStartedPackageName=com.ram.tiktokclone.tiktok_clone, lastStartedUid=10352, newStartedUid=10352, newStartPackageName=com.ram.tiktokclone.tiktok_clone, thread=Thread[RoutineHandlerThread,5,main]
2026-05-12 13:15:00.317 21112-21599 CCodec                  com.ram.tiktokclone.tiktok_clone     I  [c2.exynos.h264.decoder] state->set(FLUSHING)
2026-05-12 13:15:00.318 21112-21600 CCodec                  com.ram.tiktokclone.tiktok_clone     I  [c2.exynos.h264.decoder] state->set(FLUSHED)
2026-05-12 13:15:00.318 21112-21595 MediaCodec              com.ram.tiktokclone.tiktok_clone     D  keep callback message for reclaim
2026-05-12 13:15:00.318 21112-21599 CCodec                  com.ram.tiktokclone.tiktok_clone     I  [c2.exynos.h264.decoder] state->set(RESUMING)
2026-05-12 13:15:00.319 21112-21599 CCodecConfig            com.ram.tiktokclone.tiktok_clone     I  query failed after returning 14 values (BAD_INDEX)
2026-05-12 13:15:00.323 21112-21599 CCodecBufferChannel     com.ram.tiktokclone.tiktok_clone     I  [c2.exynos.h264.decoder#918] 4 initial input buffers available
2026-05-12 13:15:00.323 21112-21277 BufferPoolAccessor2.0   com.ram.tiktokclone.tiktok_clone     D  bufferpool2 0xb40000737c7a4ca8 : 0(0 size) total buffers - 0(0 size) used buffers - 24/36 (recycle/alloc) - 15/33 (fetch/transfer)
2026-05-12 13:15:00.323 21112-21277 BufferPoolAccessor2.0   com.ram.tiktokclone.tiktok_clone     D  bufferpool2 0xb40000737c7b3198 : 0(0 size) total buffers - 0(0 size) used buffers - 33/48 (recycle/alloc) - 13/43 (fetch/transfer)
2026-05-12 13:15:00.323 21112-21277 BufferPoolAccessor2.0   com.ram.tiktokclone.tiktok_clone     D  evictor expired: 2, evicted: 2
2026-05-12 13:15:00.324 21112-21599 Codec2Client            com.ram.tiktokclone.tiktok_clone     W  query -- param skipped: index = 1073743886.
2026-05-12 13:15:00.324 21112-21599 Codec2Client            com.ram.tiktokclone.tiktok_clone     W  query -- param skipped: index = 1610614798.
2026-05-12 13:15:00.324 21112-21599 Codec2Client            com.ram.tiktokclone.tiktok_clone     W  query -- param skipped: index = 1610614821.
2026-05-12 13:15:00.324 21112-21599 CCodec                  com.ram.tiktokclone.tiktok_clone     I  [c2.exynos.h264.decoder] state->set(RUNNING)
2026-05-12 13:15:00.325 21112-21614 CCodec                  com.ram.tiktokclone.tiktok_clone     I  [c2.android.aac.decoder] state->set(FLUSHING)
2026-05-12 13:15:00.326 21112-21614 CCodec                  com.ram.tiktokclone.tiktok_clone     I  [c2.android.aac.decoder] state->set(FLUSHED)
2026-05-12 13:15:00.326 21112-21614 CCodecBuffers           com.ram.tiktokclone.tiktok_clone     D  [c2.android.aac.decoder#953:1D-Output.Impl[N]] Client returned a buffer it does not own according to our record: 0
2026-05-12 13:15:00.326 21112-21614 CCodecBuffers           com.ram.tiktokclone.tiktok_clone     D  [c2.android.aac.decoder#953:1D-Output.Impl[N]] Client returned a buffer it does not own according to our record: 1
2026-05-12 13:15:00.326 21112-21595 MediaCodec              com.ram.tiktokclone.tiktok_clone     D  keep callback message for reclaim
2026-05-12 13:15:00.327 21112-21614 CCodec                  com.ram.tiktokclone.tiktok_clone     I  [c2.android.aac.decoder] state->set(RESUMING)
2026-05-12 13:15:00.328 21112-21614 CCodecConfig            com.ram.tiktokclone.tiktok_clone     I  query failed after returning 21 values (BAD_INDEX)
2026-05-12 13:15:00.328 21112-21614 CCodecConfig            com.ram.tiktokclone.tiktok_clone     D  c2 config diff is   c2::i32 coding.drc.compression-mode.value = 2
2026-05-12 13:15:00.330 21112-21614 CCodecBufferChannel     com.ram.tiktokclone.tiktok_clone     I  [c2.android.aac.decoder#953] 4 initial input buffers available
2026-05-12 13:15:00.330 21112-21614 Codec2Client            com.ram.tiktokclone.tiktok_clone     W  query -- param skipped: index = 1342179345.
2026-05-12 13:15:00.330 21112-21614 Codec2Client            com.ram.tiktokclone.tiktok_clone     W  query -- param skipped: index = 2415921170.
2026-05-12 13:15:00.330 21112-21614 Codec2Client            com.ram.tiktokclone.tiktok_clone     W  query -- param skipped: index = 1610614798.
2026-05-12 13:15:00.330 21112-21614 CCodec                  com.ram.tiktokclone.tiktok_clone     I  [c2.android.aac.decoder] state->set(RUNNING)
2026-05-12 13:15:00.336 21112-21703 AudioManager            com.ram.tiktokclone.tiktok_clone     I  getParameters keys = offloadVariableRateSupported
2026-05-12 13:15:00.336 21112-21599 SurfaceUtils            com.ram.tiktokclone.tiktok_clone     D  connecting to surface 0xb40000739c859700, reason connectToSurface
2026-05-12 13:15:00.336 21112-21599 MediaCodec              com.ram.tiktokclone.tiktok_clone     I  [c2.exynos.h264.decoder] setting surface generation to 21618706
2026-05-12 13:15:00.336 21112-21599 SurfaceUtils            com.ram.tiktokclone.tiktok_clone     D  disconnecting from surface 0xb40000739c859700, reason connectToSurface(reconnect)
2026-05-12 13:15:00.336 21112-21599 SurfaceUtils            com.ram.tiktokclone.tiktok_clone     D  connecting to surface 0xb40000739c8596f0, reason connectToSurface(reconnect-with-listener)
2026-05-12 13:15:00.339 21112-21599 Codec2-Out...ufferQueue com.ram.tiktokclone.tiktok_clone     D  remote graphic buffer migration 0/0
2026-05-12 13:15:00.340 21112-21599 Codec2Client            com.ram.tiktokclone.tiktok_clone     D  setOutputSurface -- failed to set consumer usage (6/BAD_INDEX)
2026-05-12 13:15:00.340 21112-21599 Codec2Client            com.ram.tiktokclone.tiktok_clone     D  setOutputSurface -- generation=21618706 consumer usage=0x900
2026-05-12 13:15:00.341 21112-21704 AudioManager            com.ram.tiktokclone.tiktok_clone     I  getParameters keys = offloadVariableRateSupported
2026-05-12 13:15:00.347 21112-21703 DMCodecAdapterFactory   com.ram.tiktokclone.tiktok_clone     I  Creating an asynchronous MediaCodec adapter for track type video
2026-05-12 13:15:00.348 21112-21711 CCodec                  com.ram.tiktokclone.tiktok_clone     I  state->set(ALLOCATING)
2026-05-12 13:15:00.348  2760-3439  SoundCraft...ionHandler com.android.systemui                 D  onPlaybackConfigChanged : lastStartedPackageName=com.ram.tiktokclone.tiktok_clone, lastStartedUid=10352, newStartedUid=10352, newStartPackageName=com.ram.tiktokclone.tiktok_clone, thread=Thread[RoutineHandlerThread,5,main]
2026-05-12 13:15:00.348  2760-3439  SoundCraft...ionHandler com.android.systemui                 D  onPlaybackConfigChanged : lastStartedPackageName=com.ram.tiktokclone.tiktok_clone, lastStartedUid=10352, newStartedUid=10352, newStartPackageName=com.ram.tiktokclone.tiktok_clone, thread=Thread[RoutineHandlerThread,5,main]
2026-05-12 13:15:00.350 21112-21712 CCodec                  com.ram.tiktokclone.tiktok_clone     I  allocate(c2.exynos.h264.decoder)
2026-05-12 13:15:00.354 21112-21599 BufferQueueProducer     com.ram.tiktokclone.tiktok_clone     W  [ImageReader-1x1f22m7-21112-7](id:52780000000d,api:3,p:21112,c:21112) detachBuffer: slot 0 is not owned by the producer (state = FREE)
2026-05-12 13:15:00.354 21112-21599 BufferQueueProducer     com.ram.tiktokclone.tiktok_clone     W  [ImageReader-1x1f22m7-21112-7](id:52780000000d,api:3,p:21112,c:21112) detachBuffer: slot 1 is not owned by the producer (state = FREE)
2026-05-12 13:15:00.354 21112-21599 BufferQueueProducer     com.ram.tiktokclone.tiktok_clone     W  [ImageReader-1x1f22m7-21112-7](id:52780000000d,api:3,p:21112,c:21112) detachBuffer: slot 2 is not owned by the producer (state = FREE)
2026-05-12 13:15:00.355 21112-21599 BufferQueueProducer     com.ram.tiktokclone.tiktok_clone     W  [ImageReader-1x1f22m7-21112-7](id:52780000000d,api:3,p:21112,c:21112) detachBuffer: slot 4 is not owned by the producer (state = FREE)
2026-05-12 13:15:00.355 21112-21599 BufferQueueProducer     com.ram.tiktokclone.tiktok_clone     W  [ImageReader-1x1f22m7-21112-7](id:52780000000d,api:3,p:21112,c:21112) detachBuffer: slot 5 is not owned by the producer (state = ACQUIRED)
2026-05-12 13:15:00.355 21112-21599 BufferQueueProducer     com.ram.tiktokclone.tiktok_clone     W  [ImageReader-1x1f22m7-21112-7](id:52780000000d,api:3,p:21112,c:21112) detachBuffer: slot 6 is not owned by the producer (state = FREE)
2026-05-12 13:15:00.355 21112-21599 BufferQueueProducer     com.ram.tiktokclone.tiktok_clone     W  [ImageReader-1x1f22m7-21112-7](id:52780000000d,api:3,p:21112,c:21112) detachBuffer: slot 7 is not owned by the producer (state = FREE)
2026-05-12 13:15:00.357 21112-21599 BufferQueueProducer     com.ram.tiktokclone.tiktok_clone     W  [ImageReader-1x1f22m7-21112-7](id:52780000000d,api:3,p:21112,c:21112) detachBuffer: slot 9 is not owned by the producer (state = FREE)
2026-05-12 13:15:00.357 21112-21712 CCodec                  com.ram.tiktokclone.tiktok_clone     I  setting up 'default' as default (vendor) store
2026-05-12 13:15:00.357 21112-21599 BufferQueueProducer     com.ram.tiktokclone.tiktok_clone     W  [ImageReader-1x1f22m7-21112-7](id:52780000000d,api:3,p:21112,c:21112) detachBuffer: slot 10 is not owned by the producer (state = ACQUIRED)
2026-05-12 13:15:00.357 21112-21599 BufferQueueProducer     com.ram.tiktokclone.tiktok_clone     W  [ImageReader-1x1f22m7-21112-7](id:52780000000d,api:3,p:21112,c:21112) detachBuffer: slot 11 is not owned by the producer (state = ACQUIRED)
2026-05-12 13:15:00.357 21112-21599 BufferQueueProducer     com.ram.tiktokclone.tiktok_clone     W  [ImageReader-1x1f22m7-21112-7](id:52780000000d,api:3,p:21112,c:21112) detachBuffer: slot 12 is not owned by the producer (state = FREE)
2026-05-12 13:15:00.357 21112-21599 BufferQueueProducer     com.ram.tiktokclone.tiktok_clone     W  [ImageReader-1x1f22m7-21112-7](id:52780000000d,api:3,p:21112,c:21112) detachBuffer: slot 13 is not owned by the producer (state = FREE)
2026-05-12 13:15:00.358 21112-21599 BufferQueueProducer     com.ram.tiktokclone.tiktok_clone     W  [ImageReader-1x1f22m7-21112-7](id:52780000000d,api:3,p:21112,c:21112) detachBuffer: slot 14 is not owned by the producer (state = FREE)
2026-05-12 13:15:00.358 21112-21599 BufferQueueProducer     com.ram.tiktokclone.tiktok_clone     W  [ImageReader-1x1f22m7-21112-7](id:52780000000d,api:3,p:21112,c:21112) detachBuffer: slot 15 is not owned by the producer (state = FREE)
2026-05-12 13:15:00.359 21112-21599 BufferQueueProducer     com.ram.tiktokclone.tiktok_clone     W  [ImageReader-1x1f22m7-21112-7](id:52780000000d,api:3,p:21112,c:21112) detachBuffer: slot 16 is not owned by the producer (state = FREE)
2026-05-12 13:15:00.363 21112-21704 DMCodecAdapterFactory   com.ram.tiktokclone.tiktok_clone     I  Creating an asynchronous MediaCodec adapter for track type video
2026-05-12 13:15:00.363 21112-21712 CCodec                  com.ram.tiktokclone.tiktok_clone     I  Created component [c2.exynos.h264.decoder]
2026-05-12 13:15:00.363 21112-21712 CCodec                  com.ram.tiktokclone.tiktok_clone     I  [c2.exynos.h264.decoder] state->set(ALLOCATED)
2026-05-12 13:15:00.364 21112-21712 CCodecConfig            com.ram.tiktokclone.tiktok_clone     D  read media type: video/avc
2026-05-12 13:15:00.364 21112-21599 BufferQueueProducer     com.ram.tiktokclone.tiktok_clone     W  [ImageReader-1x1f22m7-21112-7](id:52780000000d,api:3,p:21112,c:21112) detachBuffer: slot 20 is not owned by the producer (state = FREE)
2026-05-12 13:15:00.366 21112-21599 BufferQueueProducer     com.ram.tiktokclone.tiktok_clone     W  [ImageReader-1x1f22m7-21112-7](id:52780000000d,api:3,p:21112,c:21112) detachBuffer: slot 22 is not owned by the producer (state = FREE)
2026-05-12 13:15:00.366 21112-21716 CCodec                  com.ram.tiktokclone.tiktok_clone     I  state->set(ALLOCATING)
2026-05-12 13:15:00.366 21112-21599 BufferQueueProducer     com.ram.tiktokclone.tiktok_clone     W  [ImageReader-1x1f22m7-21112-7](id:52780000000d,api:3,p:21112,c:21112) detachBuffer: slot 23 is not owned by the producer (state = FREE)
2026-05-12 13:15:00.367 21112-21717 CCodec                  com.ram.tiktokclone.tiktok_clone     I  allocate(c2.exynos.h264.decoder)
2026-05-12 13:15:00.367 21112-21599 BufferQueueProducer     com.ram.tiktokclone.tiktok_clone     W  [ImageReader-1x1f22m7-21112-7](id:52780000000d,api:3,p:21112,c:21112) detachBuffer: slot 24 is not owned by the producer (state = FREE)
2026-05-12 13:15:00.367 21112-21599 BufferQueueProducer     com.ram.tiktokclone.tiktok_clone     W  [ImageReader-1x1f22m7-21112-7](id:52780000000d,api:3,p:21112,c:21112) detachBuffer: slot 25 is not owned by the producer (state = FREE)
2026-05-12 13:15:00.367 21112-21599 BufferQueueProducer     com.ram.tiktokclone.tiktok_clone     W  [ImageReader-1x1f22m7-21112-7](id:52780000000d,api:3,p:21112,c:21112) detachBuffer: slot 26 is not owned by the producer (state = FREE)
2026-05-12 13:15:00.367 21112-21599 BufferQueueProducer     com.ram.tiktokclone.tiktok_clone     W  [ImageReader-1x1f22m7-21112-7](id:52780000000d,api:3,p:21112,c:21112) detachBuffer: slot 27 is not owned by the producer (state = FREE)
2026-05-12 13:15:00.368 21112-21599 BufferQueueProducer     com.ram.tiktokclone.tiktok_clone     W  [ImageReader-1x1f22m7-21112-7](id:52780000000d,api:3,p:21112,c:21112) detachBuffer: slot 28 is not owned by the producer (state = FREE)
2026-05-12 13:15:00.368 21112-21599 BufferQueueProducer     com.ram.tiktokclone.tiktok_clone     W  [ImageReader-1x1f22m7-21112-7](id:52780000000d,api:3,p:21112,c:21112) detachBuffer: slot 29 is not owned by the producer (state = FREE)
2026-05-12 13:15:00.368 21112-21599 BufferQueueProducer     com.ram.tiktokclone.tiktok_clone     W  [ImageReader-1x1f22m7-21112-7](id:52780000000d,api:3,p:21112,c:21112) detachBuffer: slot 30 is not owned by the producer (state = FREE)
2026-05-12 13:15:00.369 21112-21599 BufferQueueProducer     com.ram.tiktokclone.tiktok_clone     W  [ImageReader-1x1f22m7-21112-7](id:52780000000d,api:3,p:21112,c:21112) detachBuffer: slot 31 is not owned by the producer (state = FREE)
2026-05-12 13:15:00.369 21112-21712 ReflectedParamUpdater   com.ram.tiktokclone.tiktok_clone     D  extent() != 1 for single value type: output.subscribed-indices.values
2026-05-12 13:15:00.369 21112-21712 ReflectedParamUpdater   com.ram.tiktokclone.tiktok_clone     D  extent() != 1 for single value type: input.buffers.allocator-ids.values
2026-05-12 13:15:00.369 21112-21599 BufferQueueProducer     com.ram.tiktokclone.tiktok_clone     W  [ImageReader-1x1f22m7-21112-7](id:52780000000d,api:3,p:21112,c:21112) detachBuffer: slot 32 is not owned by the producer (state = FREE)
2026-05-12 13:15:00.370 21112-21712 ReflectedParamUpdater   com.ram.tiktokclone.tiktok_clone     D  extent() != 1 for single value type: output.buffers.allocator-ids.values
2026-05-12 13:15:00.371 21112-21712 ReflectedParamUpdater   com.ram.tiktokclone.tiktok_clone     D  extent() != 1 for single value type: output.buffers.pool-ids.values
2026-05-12 13:15:00.371 21112-21599 BufferQueueProducer     com.ram.tiktokclone.tiktok_clone     W  [ImageReader-1x1f22m7-21112-7](id:52780000000d,api:3,p:21112,c:21112) detachBuffer: slot 33 is not owned by the producer (state = FREE)
2026-05-12 13:15:00.371 21112-21599 BufferQueueProducer     com.ram.tiktokclone.tiktok_clone     W  [ImageReader-1x1f22m7-21112-7](id:52780000000d,api:3,p:21112,c:21112) detachBuffer: slot 34 is not owned by the producer (state = FREE)
2026-05-12 13:15:00.371 21112-21599 BufferQueueProducer     com.ram.tiktokclone.tiktok_clone     W  [ImageReader-1x1f22m7-21112-7](id:52780000000d,api:3,p:21112,c:21112) detachBuffer: slot 35 is not owned by the producer (state = FREE)
2026-05-12 13:15:00.371 21112-21599 BufferQueueProducer     com.ram.tiktokclone.tiktok_clone     W  [ImageReader-1x1f22m7-21112-7](id:52780000000d,api:3,p:21112,c:21112) detachBuffer: slot 36 is not owned by the producer (state = FREE)
2026-05-12 13:15:00.371 21112-21599 BufferQueueProducer     com.ram.tiktokclone.tiktok_clone     W  [ImageReader-1x1f22m7-21112-7](id:52780000000d,api:3,p:21112,c:21112) detachBuffer: slot 37 is not owned by the producer (state = FREE)
2026-05-12 13:15:00.372 21112-21599 BufferQueueProducer     com.ram.tiktokclone.tiktok_clone     W  [ImageReader-1x1f22m7-21112-7](id:52780000000d,api:3,p:21112,c:21112) detachBuffer: slot 38 is not owned by the producer (state = FREE)
2026-05-12 13:15:00.372 21112-21599 BufferQueueProducer     com.ram.tiktokclone.tiktok_clone     W  [ImageReader-1x1f22m7-21112-7](id:52780000000d,api:3,p:21112,c:21112) detachBuffer: slot 39 is not owned by the producer (state = FREE)
2026-05-12 13:15:00.372 21112-21599 BufferQueueProducer     com.ram.tiktokclone.tiktok_clone     W  [ImageReader-1x1f22m7-21112-7](id:52780000000d,api:3,p:21112,c:21112) detachBuffer: slot 40 is not owned by the producer (state = FREE)
2026-05-12 13:15:00.372 21112-21599 BufferQueueProducer     com.ram.tiktokclone.tiktok_clone     W  [ImageReader-1x1f22m7-21112-7](id:52780000000d,api:3,p:21112,c:21112) detachBuffer: slot 41 is not owned by the producer (state = FREE)
2026-05-12 13:15:00.372 21112-21599 BufferQueueProducer     com.ram.tiktokclone.tiktok_clone     W  [ImageReader-1x1f22m7-21112-7](id:52780000000d,api:3,p:21112,c:21112) detachBuffer: slot 42 is not owned by the producer (state = FREE)
2026-05-12 13:15:00.372 21112-21599 BufferQueueProducer     com.ram.tiktokclone.tiktok_clone     W  [ImageReader-1x1f22m7-21112-7](id:52780000000d,api:3,p:21112,c:21112) detachBuffer: slot 43 is not owned by the producer (state = FREE)
2026-05-12 13:15:00.373 21112-21712 ReflectedParamUpdater   com.ram.tiktokclone.tiktok_clone     D  ignored struct field coded.color-format.locations
2026-05-12 13:15:00.373 21112-21717 CCodec                  com.ram.tiktokclone.tiktok_clone     I  setting up 'default' as default (vendor) store
2026-05-12 13:15:00.374 21112-21599 BufferQueueProducer     com.ram.tiktokclone.tiktok_clone     W  [ImageReader-1x1f22m7-21112-7](id:52780000000d,api:3,p:21112,c:21112) detachBuffer: slot 44 is not owned by the producer (state = FREE)
2026-05-12 13:15:00.374 21112-21599 BufferQueueProducer     com.ram.tiktokclone.tiktok_clone     W  [ImageReader-1x1f22m7-21112-7](id:52780000000d,api:3,p:21112,c:21112) detachBuffer: slot 45 is not owned by the producer (state = FREE)
2026-05-12 13:15:00.376 21112-21599 BufferQueueProducer     com.ram.tiktokclone.tiktok_clone     W  [ImageReader-1x1f22m7-21112-7](id:52780000000d,api:3,p:21112,c:21112) detachBuffer: slot 46 is not owned by the producer (state = FREE)
2026-05-12 13:15:00.376 21112-21599 BufferQueueProducer     com.ram.tiktokclone.tiktok_clone     W  [ImageReader-1x1f22m7-21112-7](id:52780000000d,api:3,p:21112,c:21112) detachBuffer: slot 47 is not owned by the producer (state = FREE)
2026-05-12 13:15:00.376 21112-21599 BufferQueueProducer     com.ram.tiktokclone.tiktok_clone     W  [ImageReader-1x1f22m7-21112-7](id:52780000000d,api:3,p:21112,c:21112) detachBuffer: slot 48 is not owned by the producer (state = FREE)
2026-05-12 13:15:00.376 21112-21599 BufferQueueProducer     com.ram.tiktokclone.tiktok_clone     W  [ImageReader-1x1f22m7-21112-7](id:52780000000d,api:3,p:21112,c:21112) detachBuffer: slot 49 is not owned by the producer (state = FREE)
2026-05-12 13:15:00.376 21112-21712 CCodecConfig            com.ram.tiktokclone.tiktok_clone     D  ignoring local param raw.size (0xd2001800) as it is already supported
2026-05-12 13:15:00.376 21112-21712 CCodecConfig            com.ram.tiktokclone.tiktok_clone     D  ignoring local param default.color (0x5200180b) as it is already supported
2026-05-12 13:15:00.376 21112-21712 ReflectedParamUpdater   com.ram.tiktokclone.tiktok_clone     D  ignored struct field raw.hdr-static-info.mastering
2026-05-12 13:15:00.377 21112-21599 BufferQueueProducer     com.ram.tiktokclone.tiktok_clone     W  [ImageReader-1x1f22m7-21112-7](id:52780000000d,api:3,p:21112,c:21112) detachBuffer: slot 50 is not owned by the producer (state = FREE)
2026-05-12 13:15:00.377 21112-21712 CCodecConfig            com.ram.tiktokclone.tiktok_clone     I  query failed after returning 13 values (BAD_INDEX)
2026-05-12 13:15:00.377 21112-21599 BufferQueueProducer     com.ram.tiktokclone.tiktok_clone     W  [ImageReader-1x1f22m7-21112-7](id:52780000000d,api:3,p:21112,c:21112) detachBuffer: slot 51 is not owned by the producer (state = FREE)
2026-05-12 13:15:00.377 21112-21712 CCodecConfig            com.ram.tiktokclone.tiktok_clone     D  c2 config diff is Dict {
                                                                                                      c2::i32 algo.priority.value = 0
                                                                                                      c2::float algo.rate.value = 0
                                                                                                      c2::u32 coded.pl.level = 20496
                                                                                                      c2::u32 coded.pl.profile = 20481
                                                                                                      c2::u32 coded.vui.color.matrix = 0
                                                                                                      c2::u32 coded.vui.color.primaries = 0
                                                                                                      c2::u32 coded.vui.color.range = 0
                                                                                                      c2::u32 coded.vui.color.transfer = 0
                                                                                                      c2::u32 default.color.matrix = 0
                                                                                                      c2::u32 default.color.primaries = 0
                                                                                                      c2::u32 default.color.range = 0
                                                                                                      c2::u32 default.color.transfer = 0
                                                                                                      c2::u32 input.buffers.max-size.value = 7340032
                                                                                                      string input.media-type.value = "video/avc"
                                                                                                      c2::u32 output.delay.value = 8
                                                                                                      string output.media-type.value = "video/raw"
                                                                                                      c2::u32 raw.color.matrix = 0
                                                                                                      c2::u32 raw.color.primaries = 0
                                                                                                      c2::u32 raw.color.range = 0
                                                                                                      c2::u32 raw.color.transfer = 0
                                                                                                      c2::u32 raw.max-size.height = 240
                                                                                                      c2::u32 raw.max-size.width = 320
                                                                                                      c2::u32 raw.pixel-format.value = 34
                                                                                                      c2::i32 raw.rotation.flip = 0
                                                                                                      c2::i32 raw.rotation.value = 0
                                                                                                      c2::u32 raw.sar.height = 1
                                                                                                      c2::u32 raw.sar.width = 1
                                                                                                      c2::u32 raw.size.height = 240
                                                                                                      
2026-05-12 13:15:00.377 21112-21599 BufferQueueProducer     com.ram.tiktokclone.tiktok_clone     W  [ImageReader-1x1f22m7-21112-7](id:52780000000d,api:3,p:21112,c:21112) detachBuffer: slot 52 is not owned by the producer (state = FREE)
2026-05-12 13:15:00.377 21112-21712 ColorUtils              com.ram.tiktokclone.tiktok_clone     W  expected specified color aspects (0:0:0:0)
2026-05-12 13:15:00.377 21112-21599 BufferQueueProducer     com.ram.tiktokclone.tiktok_clone     W  [ImageReader-1x1f22m7-21112-7](id:52780000000d,api:3,p:21112,c:21112) detachBuffer: slot 53 is not owned by the producer (state = FREE)
2026-05-12 13:15:00.377 21112-21599 BufferQueueProducer     com.ram.tiktokclone.tiktok_clone     W  [ImageReader-1x1f22m7-21112-7](id:52780000000d,api:3,p:21112,c:21112) detachBuffer: slot 54 is not owned by the producer (state = FREE)
2026-05-12 13:15:00.377 21112-21717 CCodec                  com.ram.tiktokclone.tiktok_clone     I  Created component [c2.exynos.h264.decoder]
2026-05-12 13:15:00.377 21112-21717 CCodec                  com.ram.tiktokclone.tiktok_clone     I  [c2.exynos.h264.decoder] state->set(ALLOCATED)
